[2026-09-22T07:25:05.5353313Z][CA][I][Launcher.CalculationBootstrapper][1]Bootstrapping unit 'Calculation' with version '1.0.0+1345043.70745ef240218aac7fd09ac519e2c102ea8a2160' ...[EOL]
[2026-09-22T07:25:05.6653603Z][CA][I][Launcher.CalculationBootstrapper][1]Local time zone: (UTC) Coordinated Universal Time[EOL]
[2026-09-22T07:25:05.6682221Z][CA][I][Launcher.CalculationBootstrapper][1]Configuring unit 'Calculation' ...[EOL]
[2026-09-22T07:25:07.4751581Z][CA][I][Launcher.CalculationBootstrapper][1]Starting unit 'Calculation' ...[EOL]
[2026-09-22T07:25:07.6252563Z][CA][I][Messaging.RabbitMQ.RabbitMQClient.CA][1]Initializing Messagebus ...[EOL]
[2026-09-22T07:25:53.3384925Z][CA][I][Messaging.RabbitMQ.RabbitMQClient.CA][1]Connected successfully to 'amqp://rabbitmq-server:5672'[EOL]
[2026-09-22T07:25:54.7910150Z][CA][I][UnitLifecycle.UnitLifecycleStateMachine][1]Publishing event 'UnitStateChanged' with args OldState: 'PoweredOff', NewState: 'StartingUp', TraceContext: '<null>' ...[EOL]
[2026-09-22T07:26:01.5175228Z][CA][I][PerformanceMonitoring.PerformanceCounterListener][1]Configured instance with 'Enabled: 'True', IntervalSeconds: '30', Counters: '<empty>''[EOL]
[2026-09-22T07:26:01.5195766Z][CA][I][PerformanceMonitoring.PerformanceCounterListener][1]Starting up instance ...[EOL]
[2026-09-22T07:26:01.5556475Z][CA][I][PerformanceMonitoring.PerformanceCounterListener][1]Enabling counters of 'System.Runtime' ...[EOL]
[2026-09-22T07:26:03.0571758Z][CA][I][Messaging.RabbitMQ.RabbitMQClient.CA.Distribution][1]Start receiving messages ...[EOL]
[2026-09-22T07:26:06.3027534Z][CA][I][UnitLifecycle.UnitLifecycleStateMachine][1]Publishing event 'UnitStateChanged' with args OldState: 'StartingUp', NewState: 'StartedUp', TraceContext: '<null>' ...[EOL]
[2026-09-22T07:26:06.3050127Z][CA][I][Launcher.CalculationBootstrapper][1]Unit 'Calculation' successfully started[EOL]
[2026-09-22T08:28:37.6299395Z][CA][I][Launcher.CalculationBootstrapper][1]Bootstrapping unit 'Calculation' with version '1.0.0+1345043.70745ef240218aac7fd09ac519e2c102ea8a2160' ...[EOL]
[2026-09-22T08:28:37.8388337Z][CA][I][Launcher.CalculationBootstrapper][1]Local time zone: (UTC) Coordinated Universal Time[EOL]
[2026-09-22T08:28:37.8392273Z][CA][I][Launcher.CalculationBootstrapper][1]Configuring unit 'Calculation' ...[EOL]
[2026-09-22T08:28:39.7628656Z][CA][I][Launcher.CalculationBootstrapper][1]Starting unit 'Calculation' ...[EOL]
[2026-09-22T08:28:39.9295402Z][CA][I][Messaging.RabbitMQ.RabbitMQClient.CA][1]Initializing Messagebus ...[EOL]
[2026-09-22T08:29:23.9569128Z][CA][I][Messaging.RabbitMQ.RabbitMQClient.CA][1]Connected successfully to 'amqp://rabbitmq-server:5672'[EOL]
[2026-09-22T08:29:25.8338585Z][CA][I][UnitLifecycle.UnitLifecycleStateMachine][1]Publishing event 'UnitStateChanged' with args OldState: 'PoweredOff', NewState: 'StartingUp', TraceContext: '<null>' ...[EOL]
[2026-09-22T08:29:33.3794241Z][CA][I][PerformanceMonitoring.PerformanceCounterListener][1]Configured instance with 'Enabled: 'True', IntervalSeconds: '30', Counters: '<empty>''[EOL]
[2026-09-22T08:29:33.3973027Z][CA][I][PerformanceMonitoring.PerformanceCounterListener][1]Starting up instance ...[EOL]
[2026-09-22T08:29:33.4780047Z][CA][I][PerformanceMonitoring.PerformanceCounterListener][1]Enabling counters of 'System.Runtime' ...[EOL]
[2026-09-22T08:29:34.3880751Z][CA][I][Messaging.RabbitMQ.RabbitMQClient.CA.Distribution][1]Start receiving messages ...[EOL]
[2026-09-22T08:29:34.6236556Z][CA][I][UnitLifecycle.UnitLifecycleStateMachine][1]Publishing event 'UnitStateChanged' with args OldState: 'StartingUp', NewState: 'StartedUp', TraceContext: '<null>' ...[EOL]
[2026-09-22T08:29:34.6353687Z][CA][I][Launcher.CalculationBootstrapper][1]Unit 'Calculation' successfully started[EOL]
[2026-09-22T08:30:54.6852016Z][CA][I][UnitLifecycle.UnitLifecycleProcessManager][11]Initialization of the unit 'Calculation' with activity id '00-dd82d13ed26ec30b58a7827c44aa343a-4f85c46925f85d95-01' started[EOL]
[2026-09-22T08:30:54.6861052Z][CA][I][UnitLifecycle.UnitLifecycleStateMachine][11]Publishing event 'UnitStateChanged' with args OldState: 'StartedUp', NewState: 'Initializing', TraceContext: '00-dd82d13ed26ec30b58a7827c44aa343a-4f85c46925f85d95-01' ...[EOL]
[2026-09-22T08:30:54.6871072Z][CA][I][UnitLifecycle.UnitLifecycleStateMachine][11]Publishing event 'UnitStateChanged' with args OldState: 'Initializing', NewState: 'Operational', TraceContext: '00-dd82d13ed26ec30b58a7827c44aa343a-4f85c46925f85d95-01' ...[EOL]
[2026-09-22T08:30:54.6872709Z][CA][I][UnitLifecycle.UnitLifecycleProcessManager][11]Initialization of the unit 'Calculation' with activity id '00-dd82d13ed26ec30b58a7827c44aa343a-4f85c46925f85d95-01' completed[EOL]
[2026-09-22T08:31:12.4104908Z][CA][I][TestDefinitionData.MessageHandler][3]Handling event 'TestDefinitionDataUpdated' with args NewlyAvailableAssayIds: '<empty>', TraceContext: '<null>' ...[EOL]
[2026-09-22T08:31:12.4362281Z][CA][I][TestDefinitionData.Instrument.TestDefinitionDataLoader][3]Loading TestDefinitionData.Instrument from repositories ...[EOL]
[2026-09-22T08:31:12.4427784Z][CA][I][TestDefinitionData.ReadOnlyRepository<Roche.CX800.TestDefinitionData.Instrument.Calculations.CalculationPackage>][3]Loading from files '' ...[EOL]
[2026-09-22T08:31:12.4439618Z][CA][I][TestDefinitionData.ReadOnlyRepository<Roche.CX800.TestDefinitionData.Instrument.Assays.Assay>][3]Loading from files '' ...[EOL]
[2026-09-22T08:31:12.4449349Z][CA][I][TestDefinitionData.Instrument.TestDefinitionDataLoader][3]TestDefinitionData.Instrument successfully loaded[EOL]
