[2026-09-22T07:25:09.8765361Z][DMG][I][Launcher.DataManagerGatewayBootstrapper][1]Bootstrapping unit 'DataManagerGateway' with version '1.0.0+1345056.52490f6fa95942a07754aa9ab4768c7dbaae6420' ...[EOL]
[2026-09-22T07:25:09.9481799Z][DMG][I][Launcher.DataManagerGatewayBootstrapper][1]Local time zone: (UTC) Coordinated Universal Time[EOL]
[2026-09-22T07:25:09.9486241Z][DMG][I][Launcher.DataManagerGatewayBootstrapper][1]Configuring unit 'DataManagerGateway' ...[EOL]
[2026-09-22T07:25:15.6245570Z][DMG][I][Launcher.DataManagerGatewayBootstrapper][1]Starting unit 'DataManagerGateway' ...[EOL]
[2026-09-22T07:25:15.6570222Z][DMG][I][Messaging.RabbitMQ.RabbitMQClient.DMG][1]Initializing Messagebus ...[EOL]
[2026-09-22T07:25:54.5886041Z][DMG][I][Messaging.RabbitMQ.RabbitMQClient.DMG][1]Connected successfully to 'amqp://rabbitmq-server:5672'[EOL]
[2026-09-22T07:25:56.5756595Z][DMG][I][Messaging.Broker.DmRabbitMqClient][1]DmRabbitMqClient created. Configuration: 'Name: 'Instrument-10001<->DM', HostName: '', VirtualHost: 'roche.dm.external.vhost', UserName: 'guest', CertPath: 'shared-data/certificates/x800-dm-rabbitmq-auth.p12', CACertPath: 'shared-data/certificates/x800-dm-ca-certificate.pem', Origin: 'c6800.10001', QueueNameOnDataManager: 'roche.x800.instrument.10001.q', InstrumentSpecificIncomingExchange: 'roche.dm.instrument.c6800.10001.dx', GenericEventIncomingExchange: 'roche.dm.eventsToInstruments.tx', OutgoingEventsExchange: 'roche.dm.eventsFromInstruments.tx', OutgoingRequestsExchange: '', RetryTimeout: '00:00:10', RequestTimeout: '00:00:20', MessageConfirmationTimeout: '00:02:30', QueueExpiresTimeout: '7.00:00:00''[EOL]
[2026-09-22T07:25:57.0568601Z][DMG][I][ConnectionCheck.ConnectionCheckService][1]ResponseTimeOut: '00:00:05', ConnectionCheckInterval: '00:00:30', GetDataManagerSoftwareConfigurationTimeOut: '00:01:00'[EOL]
[2026-09-22T07:25:57.4970736Z][DMG][I][UnitLifecycle.UnitLifecycleStateMachine][1]Publishing event 'UnitStateChanged' with args OldState: 'PoweredOff', NewState: 'StartingUp', TraceContext: '<null>' ...[EOL]
[2026-09-22T07:26:02.9218510Z][DMG][I][TestDefinitionData.Instrument.TestDefinitionDataLoader][1]Loading TestDefinitionData.Instrument from repositories ...[EOL]
[2026-09-22T07:26:03.0944494Z][DMG][I][TestDefinitionData.Repository<Roche.CX800.TestDefinitionData.Instrument.PipettingParameterFiles.PipettingParameterFile>][1]Loading from files '' ...[EOL]
[2026-09-22T07:26:03.0954251Z][DMG][I][TestDefinitionData.Repository<Roche.CX800.TestDefinitionData.Calculation.UcCalculationConfigurations.UcCalculationConfiguration>][1]Loading from files '' ...[EOL]
[2026-09-22T07:26:03.0956419Z][DMG][I][TestDefinitionData.Repository<Roche.CX800.TestDefinitionData.Instrument.MediaTypes.MediaType>][1]Loading from files '' ...[EOL]
[2026-09-22T07:26:03.0957260Z][DMG][I][TestDefinitionData.Repository<Roche.CX800.TestDefinitionData.Instrument.Reagents.ReagentCarrier>][1]Loading from files '' ...[EOL]
[2026-09-22T07:26:03.0958552Z][DMG][I][TestDefinitionData.Repository<Roche.CX800.TestDefinitionData.Instrument.Processes.TransferProcesses.TransferProcess>][1]Loading from files '' ...[EOL]
[2026-09-22T07:26:03.0962786Z][DMG][I][TestDefinitionData.Repository<Roche.CX800.TestDefinitionData.Instrument.Processes.SamplePreparationProcesses.SamplePreparationProcess>][1]Loading from files '' ...[EOL]
[2026-09-22T07:26:03.0964654Z][DMG][I][TestDefinitionData.Repository<Roche.CX800.TestDefinitionData.Instrument.Processes.PcrProcesses.PcrProcess>][1]Loading from files '' ...[EOL]
[2026-09-22T07:26:03.0965832Z][DMG][I][TestDefinitionData.Repository<Roche.CX800.TestDefinitionData.Instrument.Calculations.CalculationPackage>][1]Loading from files '' ...[EOL]
[2026-09-22T07:26:03.0968545Z][DMG][I][TestDefinitionData.Repository<Roche.CX800.TestDefinitionData.Instrument.Assays.Assay>][1]Loading from files '' ...[EOL]
[2026-09-22T07:26:03.0968976Z][DMG][I][TestDefinitionData.Instrument.TestDefinitionDataLoader][1]TestDefinitionData.Instrument successfully loaded[EOL]
[2026-09-22T07:26:24.3375817Z][DMG][I][PerformanceMonitoring.PerformanceCounterListener][1]Configured instance with 'Enabled: 'True', IntervalSeconds: '30', Counters: '<empty>''[EOL]
[2026-09-22T07:26:24.3820409Z][DMG][I][PerformanceMonitoring.PerformanceCounterListener][1]Starting up instance ...[EOL]
[2026-09-22T07:26:24.3898838Z][DMG][I][PerformanceMonitoring.PerformanceCounterListener][1]Enabling counters of 'System.Runtime' ...[EOL]
[2026-09-22T07:26:24.7912261Z][DMG][I][Settings.Barcode.BarcodeSettingsEventHandler][1]Starting ...[EOL]
[2026-09-22T07:26:24.8110108Z][DMG][I][Settings.LabLocalization.LabLocalizationSettingsEventHandler][1]Starting ...[EOL]
[2026-09-22T07:26:24.8286918Z][DMG][I][Settings.RackRange.RackRangeSettingsEventHandler][1]Starting ...[EOL]
[2026-09-22T07:26:24.8366073Z][DMG][I][Messaging.RabbitMQ.RabbitMQClient.DMG.Internal][1]Start receiving messages ...[EOL]
[2026-09-22T07:26:24.8666099Z][DMG][I][UnitLifecycle.UnitLifecycleStateMachine][1]Publishing event 'UnitStateChanged' with args OldState: 'StartingUp', NewState: 'StartedUp', TraceContext: '<null>' ...[EOL]
[2026-09-22T07:26:24.8777581Z][DMG][I][Launcher.DataManagerGatewayBootstrapper][1]Unit 'DataManagerGateway' successfully started[EOL]
[2026-09-22T08:28:36.4624641Z][DMG][I][Launcher.DataManagerGatewayBootstrapper][1]Bootstrapping unit 'DataManagerGateway' with version '1.0.0+1345056.52490f6fa95942a07754aa9ab4768c7dbaae6420' ...[EOL]
[2026-09-22T08:28:36.5866681Z][DMG][I][Launcher.DataManagerGatewayBootstrapper][1]Local time zone: (UTC) Coordinated Universal Time[EOL]
[2026-09-22T08:28:36.5870849Z][DMG][I][Launcher.DataManagerGatewayBootstrapper][1]Configuring unit 'DataManagerGateway' ...[EOL]
[2026-09-22T08:28:41.0102172Z][DMG][I][Launcher.DataManagerGatewayBootstrapper][1]Starting unit 'DataManagerGateway' ...[EOL]
[2026-09-22T08:28:41.1098687Z][DMG][I][Messaging.RabbitMQ.RabbitMQClient.DMG][1]Initializing Messagebus ...[EOL]
[2026-09-22T08:29:24.8283601Z][DMG][I][Messaging.RabbitMQ.RabbitMQClient.DMG][1]Connected successfully to 'amqp://rabbitmq-server:5672'[EOL]
[2026-09-22T08:29:26.5518666Z][DMG][I][Messaging.Broker.DmRabbitMqClient][1]DmRabbitMqClient created. Configuration: 'Name: 'Instrument-10001<->DM', HostName: '', VirtualHost: 'roche.dm.external.vhost', UserName: 'guest', CertPath: 'shared-data/certificates/x800-dm-rabbitmq-auth.p12', CACertPath: 'shared-data/certificates/x800-dm-ca-certificate.pem', Origin: 'c6800.10001', QueueNameOnDataManager: 'roche.x800.instrument.10001.q', InstrumentSpecificIncomingExchange: 'roche.dm.instrument.c6800.10001.dx', GenericEventIncomingExchange: 'roche.dm.eventsToInstruments.tx', OutgoingEventsExchange: 'roche.dm.eventsFromInstruments.tx', OutgoingRequestsExchange: '', RetryTimeout: '00:00:10', RequestTimeout: '00:00:20', MessageConfirmationTimeout: '00:02:30', QueueExpiresTimeout: '7.00:00:00''[EOL]
[2026-09-22T08:29:26.7169777Z][DMG][I][ConnectionCheck.ConnectionCheckService][1]ResponseTimeOut: '00:00:05', ConnectionCheckInterval: '00:00:30', GetDataManagerSoftwareConfigurationTimeOut: '00:01:00'[EOL]
[2026-09-22T08:29:26.8828147Z][DMG][I][UnitLifecycle.UnitLifecycleStateMachine][1]Publishing event 'UnitStateChanged' with args OldState: 'PoweredOff', NewState: 'StartingUp', TraceContext: '<null>' ...[EOL]
[2026-09-22T08:29:32.0698533Z][DMG][I][TestDefinitionData.Instrument.TestDefinitionDataLoader][1]Loading TestDefinitionData.Instrument from repositories ...[EOL]
[2026-09-22T08:29:32.2199460Z][DMG][I][TestDefinitionData.Repository<Roche.CX800.TestDefinitionData.Instrument.PipettingParameterFiles.PipettingParameterFile>][1]Loading from files '' ...[EOL]
[2026-09-22T08:29:32.2803908Z][DMG][I][TestDefinitionData.Repository<Roche.CX800.TestDefinitionData.Calculation.UcCalculationConfigurations.UcCalculationConfiguration>][1]Loading from files '' ...[EOL]
[2026-09-22T08:29:32.2825070Z][DMG][I][TestDefinitionData.Repository<Roche.CX800.TestDefinitionData.Instrument.MediaTypes.MediaType>][1]Loading from files '' ...[EOL]
[2026-09-22T08:29:32.2830927Z][DMG][I][TestDefinitionData.Repository<Roche.CX800.TestDefinitionData.Instrument.Reagents.ReagentCarrier>][1]Loading from files '' ...[EOL]
[2026-09-22T08:29:32.2857461Z][DMG][I][TestDefinitionData.Repository<Roche.CX800.TestDefinitionData.Instrument.Processes.TransferProcesses.TransferProcess>][1]Loading from files '' ...[EOL]
[2026-09-22T08:29:32.2862564Z][DMG][I][TestDefinitionData.Repository<Roche.CX800.TestDefinitionData.Instrument.Processes.SamplePreparationProcesses.SamplePreparationProcess>][1]Loading from files '' ...[EOL]
[2026-09-22T08:29:32.2864414Z][DMG][I][TestDefinitionData.Repository<Roche.CX800.TestDefinitionData.Instrument.Processes.PcrProcesses.PcrProcess>][1]Loading from files '' ...[EOL]
[2026-09-22T08:29:32.2866225Z][DMG][I][TestDefinitionData.Repository<Roche.CX800.TestDefinitionData.Instrument.Calculations.CalculationPackage>][1]Loading from files '' ...[EOL]
[2026-09-22T08:29:32.2868642Z][DMG][I][TestDefinitionData.Repository<Roche.CX800.TestDefinitionData.Instrument.Assays.Assay>][1]Loading from files '' ...[EOL]
[2026-09-22T08:29:32.2869792Z][DMG][I][TestDefinitionData.Instrument.TestDefinitionDataLoader][1]TestDefinitionData.Instrument successfully loaded[EOL]
[2026-09-22T08:29:56.0974788Z][DMG][I][PerformanceMonitoring.PerformanceCounterListener][1]Configured instance with 'Enabled: 'True', IntervalSeconds: '30', Counters: '<empty>''[EOL]
[2026-09-22T08:29:56.0989917Z][DMG][I][PerformanceMonitoring.PerformanceCounterListener][1]Starting up instance ...[EOL]
[2026-09-22T08:29:56.1440089Z][DMG][I][PerformanceMonitoring.PerformanceCounterListener][1]Enabling counters of 'System.Runtime' ...[EOL]
[2026-09-22T08:29:57.4942691Z][DMG][I][Settings.Barcode.BarcodeSettingsEventHandler][1]Starting ...[EOL]
[2026-09-22T08:29:57.5091039Z][DMG][I][Settings.LabLocalization.LabLocalizationSettingsEventHandler][1]Starting ...[EOL]
[2026-09-22T08:29:57.5194496Z][DMG][I][Settings.RackRange.RackRangeSettingsEventHandler][1]Starting ...[EOL]
[2026-09-22T08:29:57.5244081Z][DMG][I][Messaging.RabbitMQ.RabbitMQClient.DMG.Internal][1]Start receiving messages ...[EOL]
[2026-09-22T08:29:57.7770771Z][DMG][I][UnitLifecycle.UnitLifecycleStateMachine][1]Publishing event 'UnitStateChanged' with args OldState: 'StartingUp', NewState: 'StartedUp', TraceContext: '<null>' ...[EOL]
[2026-09-22T08:29:57.7785811Z][DMG][I][Launcher.DataManagerGatewayBootstrapper][1]Unit 'DataManagerGateway' successfully started[EOL]
[2026-09-22T08:30:54.1405716Z][DMG][I][UnitLifecycle.InstrumentLifecycleEventHandler][4]Handling event 'InstrumentStateChanged' with args OldState: 'StartingUp', NewState: 'Initializing', TraceContext: '00-dd82d13ed26ec30b58a7827c44aa343a-014e6ef3e222c3c6-01' ...[EOL]
[2026-09-22T08:30:55.1189987Z][DMG][I][UnitLifecycle.UnitLifecycleProcessManager][4]Initialization of the unit 'DataManagerGateway' with activity id '00-dd82d13ed26ec30b58a7827c44aa343a-9ea33075c27f7306-01' started[EOL]
[2026-09-22T08:30:55.1199233Z][DMG][I][UnitLifecycle.UnitLifecycleStateMachine][4]Publishing event 'UnitStateChanged' with args OldState: 'StartedUp', NewState: 'Initializing', TraceContext: '00-dd82d13ed26ec30b58a7827c44aa343a-9ea33075c27f7306-01' ...[EOL]
[2026-09-22T08:30:55.1427554Z][DMG][I][ConnectionCheck.ConnectionCheckService][4]Publishing event 'ConnectionToDataManagerFailed' with args Reason: 'CredentialsUnavailable', TraceContext: '<null>' ...[EOL]
[2026-09-22T08:30:55.2376357Z][DMG][I][UnitLifecycle.UnitLifecycleStateMachine][4]Publishing event 'UnitStateChanged' with args OldState: 'Initializing', NewState: 'Operational', TraceContext: '00-dd82d13ed26ec30b58a7827c44aa343a-9ea33075c27f7306-01' ...[EOL]
[2026-09-22T08:30:55.2502260Z][DMG][I][UnitLifecycle.UnitLifecycleProcessManager][4]Initialization of the unit 'DataManagerGateway' with activity id '00-dd82d13ed26ec30b58a7827c44aa343a-9ea33075c27f7306-01' completed[EOL]
[2026-09-22T08:30:55.4332847Z][DMG][I][ConnectionCheck.ConnectionCheckEventHandler][4]Handling event 'ConnectionToDataManagerFailed' with args Reason: 'CredentialsUnavailable', TraceContext: '<null>' ...[EOL]
[2026-09-22T08:30:55.4677138Z][DMG][I][ConnectionCheck.ConnectionCheckService][4]Stop receiving events which are forwarded to the data manager ...[EOL]
[2026-09-22T08:30:55.4690977Z][DMG][I][Messaging.RabbitMQ.RabbitMQClient.DMG.ForwarderToDm][4]Stop receiving messages ...[EOL]
[2026-09-22T08:30:55.4726926Z][DMG][I][Settings.Barcode.BarcodeSettingsEventHandler][4]Handling event 'ConnectionToDataManagerFailed' with args Reason: 'CredentialsUnavailable', TraceContext: '<null>' ...[EOL]
[2026-09-22T08:30:55.4746280Z][DMG][I][Settings.Barcode.BarcodeSettingsService][4]Unable to retrieve settings from DM, using defaults ...[EOL]
[2026-09-22T08:30:55.5212391Z][DMG][I][Settings.Barcode.BarcodeSettingsService][4]Publishing event 'BarcodeSettingsUpdated' with args EnabledBarcodes: 'Codabar: '<null>', Code128: 'MinLength: '4', MaxLength: '23', Masking: 'IsMaskingEnabled: 'False', MaskingPattern: '', IsMaskingIgnoredWhenStartingWithUdecPrefix: 'False', UdecPrefix: '''', Code39: '<null>', Interleaved2of5: '<null>', Ean8: '<null>', Ean13: '<null>', Code93: '<null>', DatamatrixEcc200: '<null>', Aztec: '<null>'', TraceContext: '<null>' ...[EOL]
[2026-09-22T08:30:57.0346056Z][DMG][I][Settings.LabLocalization.LabLocalizationSettingsEventHandler][4]Handling event 'ConnectionToDataManagerFailed' with args Reason: 'CredentialsUnavailable', TraceContext: '<null>' ...[EOL]
[2026-09-22T08:30:57.0348160Z][DMG][I][Settings.LabLocalization.LabLocalizationSettingsService][4]Unable to retrieve settings from DM, using defaults ...[EOL]
[2026-09-22T08:30:57.0688117Z][DMG][I][Settings.LabLocalization.LabLocalizationSettingsService][4]Publishing event 'LabLocalizationSettingsUpdated' with args Language: 'en-us', RegionalSettings: 'en-us', VirtualKeyboardLayout: 'en-us', TraceContext: '<null>' ...[EOL]
[2026-09-22T08:30:57.0717830Z][DMG][I][Settings.RackRange.RackRangeSettingsEventHandler][4]Handling event 'ConnectionToDataManagerFailed' with args Reason: 'CredentialsUnavailable', TraceContext: '<null>' ...[EOL]
[2026-09-22T08:30:57.0719631Z][DMG][I][Settings.RackRange.RackRangeSettingsService][4]Unable to retrieve settings from DM, using defaults ...[EOL]
[2026-09-22T08:30:57.0820836Z][DMG][I][Settings.RackRange.RackRangeSettingsService][4]Publishing event 'RackRangeSettingsUpdated' with args SettingsByRackRange: ''From: '1', To: '1000', HasStabilizer: 'True'', 'From: '1001', To: '3999', HasStabilizer: 'False''', TraceContext: '<null>' ...[EOL]
[2026-09-22T08:31:12.1651751Z][DMG][I][AnalysisPackages.AnalysisPackageEventHandler][14]Handling event 'InstrumentStateChanged' with args OldState: 'Initializing', NewState: 'Standby', TraceContext: '00-096a14d08ddfa8652d114d8f390ec520-0d37330fa2f71cf3-01' ...[EOL]
[2026-09-22T08:31:12.1954946Z][DMG][I][AnalysisPackages.AnalysisPackageService][14]Publishing event 'TestDefinitionDataUpdated' with args NewlyAvailableAssayIds: '<empty>', TraceContext: '<null>' ...[EOL]
[2026-09-22T08:31:12.2836841Z][DMG][I][ConnectionCheck.ConnectionCheckEventHandler][14]Handling event 'TestDefinitionDataUpdated' with args NewlyAvailableAssayIds: '<empty>', TraceContext: '<null>' ...[EOL]
[2026-09-22T08:31:12.2914291Z][DMG][I][ConnectionCheck.ConnectionCheckService][14]StartReceivingFromDataManager canceled because dmMessageBus.IsConnected:'False', lastConnectionStateEvent:'Roche.NewGen.DataManagerGateway.Messages.Operational.Events.ConnectionToDataManagerFailed'[EOL]
[2026-09-22T08:31:12.3014868Z][DMG][I][ConnectionCheck.ConnectionCheckService][14]StartForwardingToDataManager canceled because dmMessageBus.IsConnected:'False', lastConnectionStateEvent:'Roche.NewGen.DataManagerGateway.Messages.Operational.Events.ConnectionToDataManagerFailed'[EOL]
[2026-09-22T08:31:12.3574069Z][DMG][I][ControlAllocationRules.ControlAllocationRulesEventHandler][14]Handling event 'TestDefinitionDataUpdated' with args NewlyAvailableAssayIds: '<empty>', TraceContext: '<null>' ...[EOL]
[2026-09-22T08:31:12.3580638Z][DMG][W][ControlAllocationRules.ControlAllocationRulesEventHandler][14]Connection to data manager is not initialized (event 'ConnectionToDataManagerEstablished' not yet received), control allocation rules update is skipped.[EOL]
