[2026-09-22T07:24:47.563588225Z][MI][I][Instrument][0]Loading env vars[EOL]
[2026-09-22T07:24:47.585343158Z][MI][I][Instrument][0]Setting env var 'MolLab_InstrumentType' to '6800'[EOL]
[2026-09-22T07:24:47.588373065Z][MI][I][Instrument][0]Setting env var 'MolLab_SerialNumber' to '10001'[EOL]
[2026-09-22T07:24:47.613626637Z][MI][I][Instrument][0]Setting env var 'x800_AnalyticCyclersCount' to '2'[EOL]
[2026-09-22T07:24:47.617520477Z][MI][I][Instrument][0]Setting env var 'x800_MovablePlatform' to 'false'[EOL]
[2026-09-22T07:24:47.620527258Z][MI][I][Instrument][0]Setting env var 'x800_OffSystemLiquidWaste' to 'false'[EOL]
[2026-09-22T07:24:47.622465272Z][MI][I][Instrument][0]Setting env var 'MolLab_Gtin' to '07613336206355'[EOL]
[2026-09-22T07:24:47.625475228Z][MI][I][Instrument][0]Setting env var 'MolLab_Simulated' to '1'[EOL]
[2026-09-22T07:24:47.626477660Z][MI][I][Instrument][0]Setting env var 'MolLab_InstrumentType' to '6800_2AC'[EOL]
[2026-09-22T07:24:47.628596572Z][MI][I][Instrument][0]Determine the gtin value based on the value of serialnumber[EOL]
[2026-09-22T07:24:47.631593356Z][MI][I][Instrument][0]Setting env var 'MolLab_Gtin' to '07613336206355'[EOL]
[2026-09-22T07:24:47.632855807Z][MI][I][Instrument][0]Execute unit startup scripts[EOL]
[2026-09-22T07:24:47.635503021Z][MI][I][Instrument][0]run-parts: executing startup.d/1_tmp_cleanup[EOL]
[2026-09-22T07:24:47.636732411Z][MI][I][Instrument][0]run-parts: executing startup.d/2_install[EOL]
[2026-09-22T07:24:47.638075760Z][MI][I][Instrument][0]First startup after an installation or upgrade, running installation scripts...[EOL]
[2026-09-22T07:24:47.639165993Z][MI][I][Instrument][0]run-parts: executing install.d/5_nibridge[EOL]
[2026-09-22T07:24:47.642971048Z][MI][I][Instrument][0]Updating NI Bridge configuration...[EOL]
[2026-09-22T07:24:47.674382356Z][MI][I][Instrument][0]run-parts: executing install.d/5_ui[EOL]
[2026-09-22T07:24:47.692797011Z][MI][I][Instrument][0]Begin generating certificate material ...[EOL]
[2026-09-22T07:24:47.694231003Z][MI][I][Instrument][0]Generating RSA private key ...[EOL]
[2026-09-22T07:24:47.983413982Z][MI][I][Instrument][0]Generating CA self-signed certificate ...[EOL]
[2026-09-22T07:24:48.005832682Z][MI][I][Instrument][0]Generating certificate chain, part 1: create CSR ...[EOL]
[2026-09-22T07:24:48.020283201Z][MI][I][Instrument][0]Generating certificate chain, part 2: create certificate ...[EOL]
[2026-09-22T07:24:48.064375379Z][MI][I][Instrument][0]Certificate request self-signature ok[EOL]
[2026-09-22T07:24:48.066059975Z][MI][I][Instrument][0]subject=CN = localhost, ST = Zug, C = CH, emailAddress = riku.malminiemi@roche.com, O = Roche Diagnostics, OU = RMD[EOL]
[2026-09-22T07:24:48.069846090Z][MI][I][Instrument][0]Generating certificate chain, part 3: stitching chain file ...[EOL]
[2026-09-22T07:24:48.080105535Z][MI][I][Instrument][0]Generating PKCS#12 archive ...[EOL]
[2026-09-22T07:24:48.095163841Z][MI][I][Instrument][0]Cleaning up temporary files[EOL]
[2026-09-22T07:24:48.096868630Z][MI][I][Instrument][0]All certificate material generated successfully[EOL]
[2026-09-22T07:24:48.106094493Z][MI][I][Instrument][0]run-parts: executing install.d/5_uiapi[EOL]
[2026-09-22T07:24:48.115836872Z][MI][I][Instrument][0]Generating RSR key ...[EOL]
[2026-09-22T07:24:48.128724435Z][MI][I][Instrument][0]run-parts: executing install.d/8_softwareupdate[EOL]
[2026-09-22T07:24:49.105987704Z][MI][I][Instrument][0]Done running installation scripts[EOL]
[2026-09-22T07:24:49.107276499Z][MI][I][Instrument][0]run-parts: executing startup.d/8_containerStartup[EOL]
[2026-09-22T07:24:49.108639955Z][MI][I][Instrument][0]Before docker-compose up[EOL]
[2026-09-22T07:24:49.121206818Z][MI][I][Instrument][0]/run/user/1001 is ready[EOL]
[2026-09-22T07:24:56.273990143Z][MI][I][Instrument][0]Creating volume "rabbitmq" with default driver[EOL]
[2026-09-22T07:24:56.575377911Z][MI][I][Instrument][0]Creating jaeger ... [EOL]
[2026-09-22T07:24:56.580761794Z][MI][I][Instrument][0]Creating loggingserver ... [EOL]
[2026-09-22T07:24:56.586581225Z][MI][I][Instrument][0]Creating simsamplesupply ... [EOL]
[2026-09-22T07:24:56.587987996Z][MI][I][Instrument][0]Creating rabbitmq        ... [EOL]
[2026-09-22T07:24:56.812480092Z][MI][I][Instrument][0]Creating loggingserver   ... done[EOL]
[2026-09-22T07:24:56.821013536Z][MI][I][Instrument][0]Creating rabbitmq        ... done[EOL]
[2026-09-22T07:24:56.840236185Z][MI][I][Instrument][0]Creating jaeger          ... done[EOL]
[2026-09-22T07:24:56.878603204Z][MI][I][Instrument][0]Creating simsamplesupply ... done[EOL]
[2026-09-22T07:24:58.807541311Z][MI][I][Instrument][0]simsamplesupply is up-to-date[EOL]
[2026-09-22T07:24:58.813008921Z][MI][I][Instrument][0]Creating sswdiagnose ... [EOL]
[2026-09-22T07:24:58.831102937Z][MI][I][Instrument][0]Creating troubleshooting ... [EOL]
[2026-09-22T07:24:58.843327912Z][MI][I][Instrument][0]Creating rndnodered      ... [EOL]
[2026-09-22T07:24:59.072083863Z][MI][I][Instrument][0]Creating rndnodered      ... done[EOL]
[2026-09-22T07:24:59.083908642Z][MI][I][Instrument][0]Creating troubleshooting ... done[EOL]
[2026-09-22T07:24:59.106300561Z][MI][I][Instrument][0]Creating sswdiagnose     ... done[EOL]
[2026-09-22T07:25:02.409925973Z][MI][I][Instrument][0]Creating runresourcemanagement ... [EOL]
[2026-09-22T07:25:02.419436792Z][MI][I][Instrument][0]simsamplesupply is up-to-date[EOL]
[2026-09-22T07:25:02.431178911Z][MI][I][Instrument][0]Creating transfermodule        ... [EOL]
[2026-09-22T07:25:02.435274530Z][MI][I][Instrument][0]Creating solidwastestation.a   ... [EOL]
[2026-09-22T07:25:02.451467274Z][MI][I][Instrument][0]Creating analyticmodule        ... [EOL]
[2026-09-22T07:25:02.493914059Z][MI][I][Instrument][0]Creating workordermanagement   ... [EOL]
[2026-09-22T07:25:02.506694453Z][MI][I][Instrument][0]Creating heatingstation.a1     ... [EOL]
[2026-09-22T07:25:02.529246679Z][MI][I][Instrument][0]Creating processingmodule.a    ... [EOL]
[2026-09-22T07:25:02.550403711Z][MI][I][Instrument][0]Creating rsa2l                 ... [EOL]
[2026-09-22T07:25:02.558998435Z][MI][I][Instrument][0]Creating coolingstation.a      ... [EOL]
[2026-09-22T07:25:02.563965316Z][MI][I][Instrument][0]Creating instrumentstate       ... [EOL]
[2026-09-22T07:25:02.568507603Z][MI][I][Instrument][0]Creating tiprackmagazine.d     ... [EOL]
[2026-09-22T07:25:02.579366123Z][MI][I][Instrument][0]Creating sealingstation.a      ... [EOL]
[2026-09-22T07:25:02.612405300Z][MI][I][Instrument][0]Creating datacollection        ... [EOL]
[2026-09-22T07:25:02.614883756Z][MI][I][Instrument][0]Creating operatingsystemgateway ... [EOL]
[2026-09-22T07:25:02.617859094Z][MI][I][Instrument][0]Creating infrastructure.transfermodule ... [EOL]
[2026-09-22T07:25:02.647020230Z][MI][I][Instrument][0]Creating transfermodulecontrol         ... [EOL]
[2026-09-22T07:25:02.649439730Z][MI][I][Instrument][0]Creating simapi                        ... [EOL]
[2026-09-22T07:25:02.688288520Z][MI][I][Instrument][0]Creating processingplatemagazine.g     ... [EOL]
[2026-09-22T07:25:02.705911324Z][MI][I][Instrument][0]Creating analyticunit.a2               ... [EOL]
[2026-09-22T07:25:02.738281471Z][MI][I][Instrument][0]Creating calculation                   ... [EOL]
[2026-09-22T07:25:02.782411717Z][MI][I][Instrument][0]Creating safetyinterlock               ... [EOL]
[2026-09-22T07:25:02.790401566Z][MI][I][Instrument][0]Creating processingplatemagazine.f     ... [EOL]
[2026-09-22T07:25:02.814132285Z][MI][I][Instrument][0]Creating mgpcassettemagazine.h         ... [EOL]
[2026-09-22T07:25:02.839748115Z][MI][I][Instrument][0]Creating fieldbusgateway               ... [EOL]
[2026-09-22T07:25:02.845426689Z][MI][I][Instrument][0]Creating runresourcemanagement         ... done[EOL]
[2026-09-22T07:25:02.891380528Z][MI][I][Instrument][0]Creating runplanning                   ... [EOL]
[2026-09-22T07:25:02.910285728Z][MI][I][Instrument][0]Creating mainhandler                   ... [EOL]
[2026-09-22T07:25:02.919435407Z][MI][I][Instrument][0]Creating inputmethodservice            ... [EOL]
[2026-09-22T07:25:02.923966068Z][MI][I][Instrument][0]Creating transfermodule                ... done[EOL]
[2026-09-22T07:25:02.973427266Z][MI][I][Instrument][0]Creating workflowmanagement            ... [EOL]
[2026-09-22T07:25:02.993591184Z][MI][I][Instrument][0]Creating analyticunit.a1               ... [EOL]
[2026-09-22T07:25:02.998606625Z][MI][I][Instrument][0]Creating amplificationplatemagazine.i  ... [EOL]
[2026-09-22T07:25:03.067557052Z][MI][I][Instrument][0]Creating heatingstation.a2             ... [EOL]
[2026-09-22T07:25:03.268491216Z][MI][I][Instrument][0]Creating uiapi                         ... [EOL]
[2026-09-22T07:25:03.283054762Z][MI][I][Instrument][0]Creating amplificationplatemagazine.j  ... [EOL]
[2026-09-22T07:25:03.304900317Z][MI][I][Instrument][0]Creating persistentmemory              ... [EOL]
[2026-09-22T07:25:03.306554683Z][MI][I][Instrument][0]Creating softwareupdate                ... [EOL]
[2026-09-22T07:25:03.348561798Z][MI][I][Instrument][0]Creating separationstation.a2          ... [EOL]
[2026-09-22T07:25:03.362826342Z][MI][I][Instrument][0]Creating separationstation.a1          ... [EOL]
[2026-09-22T07:25:03.382146530Z][MI][I][Instrument][0]Creating runmanagement                 ... [EOL]
[2026-09-22T07:25:03.394563625Z][MI][I][Instrument][0]Creating consumablepark                ... [EOL]
[2026-09-22T07:25:03.402959486Z][MI][I][Instrument][0]Creating bulkmanagement.a              ... [EOL]
[2026-09-22T07:25:03.405009144Z][MI][I][Instrument][0]Creating drawerlock.reagentcassettedrawer ... [EOL]
[2026-09-22T07:25:03.407608613Z][MI][I][Instrument][0]Creating drawerlock.consumablesdrawer.a   ... [EOL]
[2026-09-22T07:25:03.409358269Z][MI][I][Instrument][0]Creating analyticmodule                   ... done[EOL]
[2026-09-22T07:25:03.413879018Z][MI][I][Instrument][0]Creating amplificationplatedrawer         ... [EOL]
[2026-09-22T07:25:03.417919661Z][MI][I][Instrument][0]Creating interimreagentstorage.a          ... [EOL]
[2026-09-22T07:25:03.440482062Z][MI][I][Instrument][0]Creating solidwastestation.a              ... done[EOL]
[2026-09-22T07:25:03.483133927Z][MI][I][Instrument][0]Creating reagentstoragehandler            ... [EOL]
[2026-09-22T07:25:03.508472990Z][MI][I][Instrument][0]Creating infrastructure.processingmodule.a ... [EOL]
[2026-09-22T07:25:03.691064728Z][MI][I][Instrument][0]Creating processingmodule.a                ... done[EOL]
[2026-09-22T07:25:03.731554445Z][MI][I][Instrument][0]Creating amplificationplatetransferposition ... [EOL]
[2026-09-22T07:25:03.740690051Z][MI][I][Instrument][0]Creating amplificationplatehandler          ... [EOL]
[2026-09-22T07:25:03.769638875Z][MI][I][Instrument][0]Creating heatingstation.a1                  ... done[EOL]
[2026-09-22T07:25:03.779796768Z][MI][I][Instrument][0]Creating rsa2l                              ... done[EOL]
[2026-09-22T07:25:03.801860042Z][MI][I][Instrument][0]Creating maintenance                        ... [EOL]
[2026-09-22T07:25:03.838349561Z][MI][I][Instrument][0]Creating ni-bridge                          ... [EOL]
[2026-09-22T07:25:03.847306105Z][MI][I][Instrument][0]Creating tiprackmagazine.d                  ... done[EOL]
[2026-09-22T07:25:03.854020349Z][MI][I][Instrument][0]Creating workordermanagement                ... done[EOL]
[2026-09-22T07:25:03.858974554Z][MI][I][Instrument][0]Creating datacollection                     ... done[EOL]
[2026-09-22T07:25:03.888298183Z][MI][I][Instrument][0]Creating datamanagergateway                 ... [EOL]
[2026-09-22T07:25:03.897280669Z][MI][I][Instrument][0]Creating rackhandler                        ... [EOL]
[2026-09-22T07:25:03.923934669Z][MI][I][Instrument][0]Creating simhw                              ... [EOL]
[2026-09-22T07:25:03.988437176Z][MI][I][Instrument][0]Creating operatingsystemgateway             ... done[EOL]
[2026-09-22T07:25:04.015389026Z][MI][I][Instrument][0]Creating sealingstation.a                   ... done[EOL]
[2026-09-22T07:25:04.030887719Z][MI][I][Instrument][0]Creating instrumentstate                    ... done[EOL]
[2026-09-22T07:25:04.039792164Z][MI][I][Instrument][0]Creating analyticunit.a2                    ... done[EOL]
[2026-09-22T07:25:04.048258655Z][MI][I][Instrument][0]Creating calculation                        ... done[EOL]
[2026-09-22T07:25:04.067181697Z][MI][I][Instrument][0]Creating simapi                             ... done[EOL]
[2026-09-22T07:25:04.071967586Z][MI][I][Instrument][0]Creating infrastructure.transfermodule      ... done[EOL]
[2026-09-22T07:25:04.089282577Z][MI][I][Instrument][0]Creating tiprackmagazine.e                  ... [EOL]
[2026-09-22T07:25:04.246156784Z][MI][I][Instrument][0]Creating processingplatemagazine.f          ... done[EOL]
[2026-09-22T07:25:04.269806278Z][MI][I][Instrument][0]Creating processingmodulecontrol.a          ... [EOL]
[2026-09-22T07:25:04.275185501Z][MI][I][Instrument][0]Creating transfermodulecontrol              ... done[EOL]
[2026-09-22T07:25:04.278420689Z][MI][I][Instrument][0]Creating coolingstation.a                   ... done[EOL]
[2026-09-22T07:25:04.737107233Z][MI][I][Instrument][0]Creating processingplatemagazine.g          ... done[EOL]
[2026-09-22T07:25:04.910526930Z][MI][I][Instrument][0]Creating safetyinterlock                    ... done[EOL]
[2026-09-22T07:25:05.202498263Z][MI][I][Instrument][0]Creating separationstation.a1               ... done[EOL]
[2026-09-22T07:25:05.282389995Z][MI][I][Instrument][0]Creating mgpcassettemagazine.h              ... done[EOL]
[2026-09-22T07:25:05.446749721Z][MI][I][Instrument][0]Creating fieldbusgateway                    ... done[EOL]
[2026-09-22T07:25:05.777580189Z][MI][I][Instrument][0]Creating drawerlock.consumablesdrawer.a     ... done[EOL]
[2026-09-22T07:25:06.086999592Z][MI][I][Instrument][0]Creating runplanning                        ... done[EOL]
[2026-09-22T07:25:06.161715363Z][MI][I][Instrument][0]Creating mainhandler                        ... done[EOL]
[2026-09-22T07:25:06.282080753Z][MI][I][Instrument][0]Creating workflowmanagement                 ... done[EOL]
[2026-09-22T07:25:06.912974604Z][MI][I][Instrument][0]Creating runmanagement                      ... done[EOL]
[2026-09-22T07:25:07.165997485Z][MI][I][Instrument][0]Creating softwareupdate                     ... done[EOL]
[2026-09-22T07:25:07.602720023Z][MI][I][Instrument][0]Creating uiapi                              ... done[EOL]
[2026-09-22T07:25:07.606270492Z][MI][I][Instrument][0]Creating inputmethodservice                 ... done[EOL]
[2026-09-22T07:25:08.088753836Z][MI][I][Instrument][0]Creating ni-bridge                          ... done[EOL]
[2026-09-22T07:25:08.186377465Z][MI][I][Instrument][0]Creating datamanagergateway                 ... done[EOL]
[2026-09-22T07:25:08.589068114Z][MI][I][Instrument][0]Creating maintenance                        ... done[EOL]
[2026-09-22T07:25:08.640210472Z][MI][I][Instrument][0]Creating infrastructure.processingmodule.a  ... done[EOL]
[2026-09-22T07:25:09.028532969Z][MI][I][Instrument][0]Creating amplificationplatetransferposition ... done[EOL]
[2026-09-22T07:25:09.229860702Z][MI][I][Instrument][0]Creating heatingstation.a2                  ... done[EOL]
[2026-09-22T07:25:09.401621011Z][MI][I][Instrument][0]Creating amplificationplatehandler          ... done[EOL]
[2026-09-22T07:25:09.562452265Z][MI][I][Instrument][0]Creating separationstation.a2               ... done[EOL]
[2026-09-22T07:25:09.709843017Z][MI][I][Instrument][0]Creating drawerlock.reagentcassettedrawer   ... done[EOL]
[2026-09-22T07:25:09.825291293Z][MI][I][Instrument][0]Creating persistentmemory                   ... done[EOL]
[2026-09-22T07:25:10.341242142Z][MI][I][Instrument][0]Creating amplificationplatemagazine.i       ... done[EOL]
[2026-09-22T07:25:10.511067134Z][MI][I][Instrument][0]Creating consumablepark                     ... done[EOL]
[2026-09-22T07:25:10.573475789Z][MI][I][Instrument][0]Creating reagentstoragehandler              ... done[EOL]
[2026-09-22T07:25:10.728206788Z][MI][I][Instrument][0]Creating analyticunit.a1                    ... done[EOL]
[2026-09-22T07:25:10.969593651Z][MI][I][Instrument][0]Creating amplificationplatemagazine.j       ... done[EOL]
[2026-09-22T07:25:10.982084769Z][MI][I][Instrument][0]Creating bulkmanagement.a                   ... done[EOL]
[2026-09-22T07:25:11.001021233Z][MI][I][Instrument][0]Creating tiprackmagazine.e                  ... done[EOL]
[2026-09-22T07:25:11.021946582Z][MI][I][Instrument][0]Creating amplificationplatedrawer           ... done[EOL]
[2026-09-22T07:25:11.749222409Z][MI][I][Instrument][0]Creating interimreagentstorage.a            ... done[EOL]
[2026-09-22T07:25:12.120165036Z][MI][I][Instrument][0]Creating processingmodulecontrol.a          ... done[EOL]
[2026-09-22T07:25:12.490705817Z][MI][I][Instrument][0]Creating rackhandler                        ... done[EOL]
[2026-09-22T07:25:12.900550811Z][MI][I][Instrument][0]Creating simhw                              ... done[EOL]
[2026-09-22T07:25:13.473613607Z][MI][I][Instrument][0]After docker-compose up[EOL]
[2026-09-22T07:25:13.480076712Z][MI][I][Instrument][0]run-parts: executing startup.d/8_startupUI[EOL]
[2026-09-22T07:25:13.483519529Z][MI][I][Instrument][0]UI startup script[EOL]
[2026-09-22T07:25:13.489356985Z][MI][I][Instrument][0]UI startup script executed[EOL]
[2026-09-22T07:25:13.498695889Z][MI][I][Instrument][0]Unit startup scripts completed[EOL]
[2026-09-22T07:25:13.675009425Z][MI][I][Instrument][0][EOL]
[2026-09-22T07:25:15.227813192Z][MI][I][Instrument][0][EOL]
[2026-09-22T07:25:15.230299744Z][MI][I][Instrument][0]X.Org X Server 1.21.1.7[EOL]
[2026-09-22T07:25:15.237322327Z][MI][I][Instrument][0]X Protocol Version 11, Revision 0[EOL]
[2026-09-22T07:25:15.240761390Z][MI][I][Instrument][0]Current Operating System: Linux x800-instrument 6.1.0-23-amd64 #1 SMP PREEMPT_DYNAMIC Debian 6.1.99-1 (2024-07-15) x86_64[EOL]
[2026-09-22T07:25:15.247955547Z][MI][I][Instrument][0]Kernel command line: BOOT_IMAGE=/root/boot/vmlinuz-6.1.0-23-amd64 root=UUID=9367830a-c9e5-4bbb-824d-e8252e0bb934 ro rootflags=subvol=root ipv6.disable=1 panic=3600 systemd.show_status=0 loglevel=0 vt.global_cursor_default=0 rd.loglevel=0 rd.udev.log-priority=0 udev.log-priority=0 biosdevname=0 net.ifnames=0 rlx_bootid=1 efi=runtime quiet splash[EOL]
[2026-09-22T07:25:15.251308631Z][MI][I][Instrument][0]xorg-server 2:21.1.7-3+deb12u7 (https://www.debian.org/support)[EOL]
[2026-09-22T07:25:15.255081988Z][MI][I][Instrument][0]Current version of pixman: 0.42.2[EOL]
[2026-09-22T07:25:15.258863012Z][MI][I][Instrument][0]Before reporting problems, check http://wiki.x.org[EOL]
[2026-09-22T07:25:15.265097900Z][MI][I][Instrument][0]to make sure that you have the latest version.[EOL]
[2026-09-22T07:25:15.270101914Z][MI][I][Instrument][0]Markers: (--) probed, (**) from config file, (==) default setting,[EOL]
[2026-09-22T07:25:15.286468927Z][MI][I][Instrument][0](++) from command line, (!!) notice, (II) informational,[EOL]
[2026-09-22T07:25:15.293123777Z][MI][I][Instrument][0](WW) warning, (EE) error, (NI) not implemented, (??) unknown.[EOL]
[2026-09-22T07:25:15.303337381Z][MI][I][Instrument][0](==) Log file: "/var/log/Xorg.0.log", Time: Tue Sep 22 07:25:15 2026[EOL]
[2026-09-22T07:25:15.308359851Z][MI][I][Instrument][0](==) Using config directory: "/etc/X11/xorg.conf.d"[EOL]
[2026-09-22T07:25:15.311166844Z][MI][I][Instrument][0](==) Using system config directory "/usr/share/X11/xorg.conf.d"[EOL]
[2026-09-22T07:25:18.307859751Z][MI][I][Instrument][0]VMware: No 3D enabled (0, Success).[EOL]
[2026-09-22T07:25:24.880136748Z][MI][I][Instrument][0]07:25:24.864 › Loaded configuration file /opt/roche/var/lib/mollab/private/ui/ui.browser/resources/config/config.json[EOL]
[2026-09-22T07:25:25.497251198Z][MI][I][Instrument][0][6387:0922/072525.494992:ERROR:bus.cc(407)] Failed to connect to the bus: Could not parse server address: Unknown address type (examples of valid types are "tcp" and on UNIX "unix")[EOL]
[2026-09-22T07:25:25.500811950Z][MI][I][Instrument][0][6387:0922/072525.495341:ERROR:bus.cc(407)] Failed to connect to the bus: Could not parse server address: Unknown address type (examples of valid types are "tcp" and on UNIX "unix")[EOL]
[2026-09-22T07:25:25.503635693Z][MI][I][Instrument][0][6387:0922/072525.495363:ERROR:bus.cc(407)] Failed to connect to the bus: Could not parse server address: Unknown address type (examples of valid types are "tcp" and on UNIX "unix")[EOL]
[2026-09-22T07:25:25.506504629Z][MI][I][Instrument][0][6387:0922/072525.495376:ERROR:bus.cc(407)] Failed to connect to the bus: Could not parse server address: Unknown address type (examples of valid types are "tcp" and on UNIX "unix")[EOL]
[2026-09-22T07:25:25.509752850Z][MI][I][Instrument][0][6387:0922/072525.495385:ERROR:bus.cc(407)] Failed to connect to the bus: Could not parse server address: Unknown address type (examples of valid types are "tcp" and on UNIX "unix")[EOL]
[2026-09-22T07:25:28.768905584Z][MI][I][Instrument][0]certutil: could not find certificate named "IM": SEC_ERROR_INVALID_ARGS: security library: invalid arguments.[EOL]
[2026-09-22T07:25:28.815719010Z][MI][I][Instrument][0]certutil: could not find certificate named "UIAPI": SEC_ERROR_INVALID_ARGS: security library: invalid arguments.[EOL]
[2026-09-22T07:25:31.169109909Z][MI][I][Instrument][0][6387:0922/072531.164624:ERROR:bus.cc(407)] Failed to connect to the bus: Could not parse server address: Unknown address type (examples of valid types are "tcp" and on UNIX "unix")[EOL]
[2026-09-22T07:25:31.509992054Z][MI][I][Instrument][0][8024:0922/072531.502358:ERROR:socket_posix.cc(93)] CreatePlatformSocket() failed: Address family not supported by protocol (97)[EOL]
[2026-09-22T08:28:25.251007237Z][MI][I][Instrument][0]Loading env vars[EOL]
[2026-09-22T08:28:25.259396149Z][MI][I][Instrument][0]Setting env var 'MolLab_InstrumentType' to '6800'[EOL]
[2026-09-22T08:28:25.262719219Z][MI][I][Instrument][0]Setting env var 'MolLab_SerialNumber' to '10001'[EOL]
[2026-09-22T08:28:25.270805855Z][MI][I][Instrument][0]Setting env var 'x800_AnalyticCyclersCount' to '2'[EOL]
[2026-09-22T08:28:25.272776531Z][MI][I][Instrument][0]Setting env var 'x800_MovablePlatform' to 'false'[EOL]
[2026-09-22T08:28:25.277383089Z][MI][I][Instrument][0]Setting env var 'x800_OffSystemLiquidWaste' to 'false'[EOL]
[2026-09-22T08:28:25.286100161Z][MI][I][Instrument][0]Setting env var 'MolLab_Gtin' to '07613336206355'[EOL]
[2026-09-22T08:28:25.294065588Z][MI][I][Instrument][0]Setting env var 'MolLab_Simulated' to '1'[EOL]
[2026-09-22T08:28:25.299735009Z][MI][I][Instrument][0]Setting env var 'MolLab_InstrumentType' to '6800_2AC'[EOL]
[2026-09-22T08:28:25.302072561Z][MI][I][Instrument][0]Determine the gtin value based on the value of serialnumber[EOL]
[2026-09-22T08:28:25.303415141Z][MI][I][Instrument][0]Setting env var 'MolLab_Gtin' to '07613336206355'[EOL]
[2026-09-22T08:28:25.304735492Z][MI][I][Instrument][0]Execute unit startup scripts[EOL]
[2026-09-22T08:28:25.307732036Z][MI][I][Instrument][0]run-parts: executing startup.d/1_tmp_cleanup[EOL]
[2026-09-22T08:28:25.309263381Z][MI][I][Instrument][0]removed '/mnt/tmp/shared/ic_external_sockets/BCI.sock'[EOL]
[2026-09-22T08:28:25.310476790Z][MI][I][Instrument][0]removed '/mnt/tmp/shared/ic_external_sockets/SIMULACRUM-IS-READY.sock'[EOL]
[2026-09-22T08:28:25.313953551Z][MI][I][Instrument][0]removed '/mnt/tmp/shared/ic_external_sockets/MAM_HDI_998.sock'[EOL]
[2026-09-22T08:28:25.317051397Z][MI][I][Instrument][0]removed '/mnt/tmp/shared/ic_external_sockets/CSM_998.sock'[EOL]
[2026-09-22T08:28:25.319632629Z][MI][I][Instrument][0]removed directory '/mnt/tmp/shared/ic_external_sockets'[EOL]
[2026-09-22T08:28:25.322848979Z][MI][I][Instrument][0]removed '/mnt/tmp/shared/ic_unit_logs_socket/socket'[EOL]
[2026-09-22T08:28:25.324383695Z][MI][I][Instrument][0]removed directory '/mnt/tmp/shared/ic_unit_logs_socket'[EOL]
[2026-09-22T08:28:25.329509075Z][MI][I][Instrument][0]removed '/mnt/tmp/shared/pipetting-parameter-sets/sample-transfer/dfbb72c2-01ad-42ce-a4c4-c16e42ab054a.xml'[EOL]
[2026-09-22T08:28:25.337219249Z][MI][I][Instrument][0]removed '/mnt/tmp/shared/pipetting-parameter-sets/sample-transfer/0c5cb499-fdbb-49da-a983-911903100ba3.xml'[EOL]
[2026-09-22T08:28:25.340009953Z][MI][I][Instrument][0]removed directory '/mnt/tmp/shared/pipetting-parameter-sets/sample-transfer'[EOL]
[2026-09-22T08:28:25.342280506Z][MI][I][Instrument][0]removed '/mnt/tmp/shared/pipetting-parameter-sets/reagent-transfer-a/fea49221-0454-4899-bae4-780350e73b62.xml'[EOL]
[2026-09-22T08:28:25.344898335Z][MI][I][Instrument][0]removed '/mnt/tmp/shared/pipetting-parameter-sets/reagent-transfer-a/37aa0559-ad4f-42e9-a43b-b098cb66b9bf.xml'[EOL]
[2026-09-22T08:28:25.350725926Z][MI][I][Instrument][0]removed '/mnt/tmp/shared/pipetting-parameter-sets/reagent-transfer-a/a7b65b75-e8ab-43fd-b3a9-ca67d1a1dcd5.xml'[EOL]
[2026-09-22T08:28:25.352309140Z][MI][I][Instrument][0]removed '/mnt/tmp/shared/pipetting-parameter-sets/reagent-transfer-a/8949b7fe-310d-4819-96e2-f69ac8da8d74.xml'[EOL]
[2026-09-22T08:28:25.354722410Z][MI][I][Instrument][0]removed '/mnt/tmp/shared/pipetting-parameter-sets/reagent-transfer-a/8893befa-0be7-4846-95c5-8c2c7bf6b6f1.xml'[EOL]
[2026-09-22T08:28:25.357282766Z][MI][I][Instrument][0]removed '/mnt/tmp/shared/pipetting-parameter-sets/reagent-transfer-a/67abd22f-dfd4-48ed-b4a4-6c53df60cece.xml'[EOL]
[2026-09-22T08:28:25.361086214Z][MI][I][Instrument][0]removed '/mnt/tmp/shared/pipetting-parameter-sets/reagent-transfer-a/e6ae2ce1-92fe-4412-9abd-ccde6d111a3d.xml'[EOL]
[2026-09-22T08:28:25.362543207Z][MI][I][Instrument][0]removed directory '/mnt/tmp/shared/pipetting-parameter-sets/reagent-transfer-a'[EOL]
[2026-09-22T08:28:25.365217287Z][MI][I][Instrument][0]removed directory '/mnt/tmp/shared/pipetting-parameter-sets/process-transfer-a'[EOL]
[2026-09-22T08:28:25.366738882Z][MI][I][Instrument][0]removed directory '/mnt/tmp/shared/pipetting-parameter-sets'[EOL]
[2026-09-22T08:28:25.368462318Z][MI][I][Instrument][0]run-parts: executing startup.d/2_install[EOL]
[2026-09-22T08:28:25.371653283Z][MI][I][Instrument][0]run-parts: executing startup.d/8_containerStartup[EOL]
[2026-09-22T08:28:25.374739459Z][MI][I][Instrument][0]Before docker-compose up[EOL]
[2026-09-22T08:28:25.378202322Z][MI][I][Instrument][0]/run/user/1001 is ready[EOL]
[2026-09-22T08:28:27.867525984Z][MI][I][Instrument][0]Creating volume "rabbitmq" with default driver[EOL]
[2026-09-22T08:28:27.955624575Z][MI][I][Instrument][0]Creating simsamplesupply ... [EOL]
[2026-09-22T08:28:27.957691718Z][MI][I][Instrument][0]Creating jaeger          ... [EOL]
[2026-09-22T08:28:27.962661240Z][MI][I][Instrument][0]Creating rabbitmq        ... [EOL]
[2026-09-22T08:28:27.969868709Z][MI][I][Instrument][0]Creating loggingserver   ... [EOL]
[2026-09-22T08:28:28.134607413Z][MI][I][Instrument][0]Creating rabbitmq        ... done[EOL]
[2026-09-22T08:28:28.137998239Z][MI][I][Instrument][0]Creating loggingserver   ... done[EOL]
[2026-09-22T08:28:28.173879332Z][MI][I][Instrument][0]Creating simsamplesupply ... done[EOL]
[2026-09-22T08:28:28.178916977Z][MI][I][Instrument][0]Creating jaeger          ... done[EOL]
[2026-09-22T08:28:29.973028854Z][MI][I][Instrument][0]simsamplesupply is up-to-date[EOL]
[2026-09-22T08:28:29.977791189Z][MI][I][Instrument][0]Creating rndnodered ... [EOL]
[2026-09-22T08:28:29.981511564Z][MI][I][Instrument][0]Creating troubleshooting ... [EOL]
[2026-09-22T08:28:29.984417531Z][MI][I][Instrument][0]Creating sswdiagnose     ... [EOL]
[2026-09-22T08:28:30.112184142Z][MI][I][Instrument][0]Creating rndnodered      ... done[EOL]
[2026-09-22T08:28:30.144223402Z][MI][I][Instrument][0]Creating troubleshooting ... done[EOL]
[2026-09-22T08:28:30.158572800Z][MI][I][Instrument][0]Creating sswdiagnose     ... done[EOL]
[2026-09-22T08:28:32.364505430Z][MI][I][Instrument][0]Creating sealingstation.a ... [EOL]
[2026-09-22T08:28:32.373677269Z][MI][I][Instrument][0]Creating heatingstation.a1 ... [EOL]
[2026-09-22T08:28:32.384656311Z][MI][I][Instrument][0]Creating uiapi             ... [EOL]
[2026-09-22T08:28:32.387259535Z][MI][I][Instrument][0]Creating analyticunit.a1   ... [EOL]
[2026-09-22T08:28:32.415960934Z][MI][I][Instrument][0]Creating consumablepark    ... [EOL]
[2026-09-22T08:28:32.419389909Z][MI][I][Instrument][0]Creating workflowmanagement ... [EOL]
[2026-09-22T08:28:32.421082574Z][MI][I][Instrument][0]Creating processingmodule.a ... [EOL]
[2026-09-22T08:28:32.434621336Z][MI][I][Instrument][0]Creating infrastructure.processingmodule.a ... [EOL]
[2026-09-22T08:28:32.463437208Z][MI][I][Instrument][0]Creating bulkmanagement.a                  ... [EOL]
[2026-09-22T08:28:32.478056824Z][MI][I][Instrument][0]Creating amplificationplatehandler         ... [EOL]
[2026-09-22T08:28:32.523069115Z][MI][I][Instrument][0]Creating simapi                            ... [EOL]
[2026-09-22T08:28:32.525620727Z][MI][I][Instrument][0]Creating rsa2l                             ... [EOL]
[2026-09-22T08:28:32.571022159Z][MI][I][Instrument][0]Creating fieldbusgateway                   ... [EOL]
[2026-09-22T08:28:32.575304594Z][MI][I][Instrument][0]Creating interimreagentstorage.a           ... [EOL]
[2026-09-22T08:28:32.583726253Z][MI][I][Instrument][0]Creating maintenance                       ... [EOL]
[2026-09-22T08:28:32.594452384Z][MI][I][Instrument][0]Creating analyticunit.a2                   ... [EOL]
[2026-09-22T08:28:32.600026556Z][MI][I][Instrument][0]Creating amplificationplatedrawer          ... [EOL]
[2026-09-22T08:28:32.621181235Z][MI][I][Instrument][0]Creating uiapi                             ... done[EOL]
[2026-09-22T08:28:32.631632388Z][MI][I][Instrument][0]Creating sealingstation.a                  ... done[EOL]
[2026-09-22T08:28:32.636452644Z][MI][I][Instrument][0]simsamplesupply is up-to-date[EOL]
[2026-09-22T08:28:32.661862400Z][MI][I][Instrument][0]Creating transfermodule                    ... [EOL]
[2026-09-22T08:28:32.663331119Z][MI][I][Instrument][0]Creating heatingstation.a2                 ... [EOL]
[2026-09-22T08:28:32.666828507Z][MI][I][Instrument][0]Creating runmanagement                     ... [EOL]
[2026-09-22T08:28:32.671356291Z][MI][I][Instrument][0]Creating amplificationplatemagazine.i      ... [EOL]
[2026-09-22T08:28:32.675480405Z][MI][I][Instrument][0]Creating separationstation.a1              ... [EOL]
[2026-09-22T08:28:32.678936445Z][MI][I][Instrument][0]Creating drawerlock.reagentcassettedrawer  ... [EOL]
[2026-09-22T08:28:32.703401784Z][MI][I][Instrument][0]Creating tiprackmagazine.d                 ... [EOL]
[2026-09-22T08:28:32.711070689Z][MI][I][Instrument][0]Creating inputmethodservice                ... [EOL]
[2026-09-22T08:28:32.717142086Z][MI][I][Instrument][0]Creating rackhandler                       ... [EOL]
[2026-09-22T08:28:32.718944735Z][MI][I][Instrument][0]Creating calculation                       ... [EOL]
[2026-09-22T08:28:32.738227658Z][MI][I][Instrument][0]Creating separationstation.a2              ... [EOL]
[2026-09-22T08:28:32.746271443Z][MI][I][Instrument][0]Creating simhw                             ... [EOL]
[2026-09-22T08:28:32.764190966Z][MI][I][Instrument][0]Creating workordermanagement               ... [EOL]
[2026-09-22T08:28:32.773194793Z][MI][I][Instrument][0]Creating mainhandler                       ... [EOL]
[2026-09-22T08:28:32.794345417Z][MI][I][Instrument][0]Creating transfermodulecontrol             ... [EOL]
[2026-09-22T08:28:32.815161137Z][MI][I][Instrument][0]Creating persistentmemory                  ... [EOL]
[2026-09-22T08:28:32.829956195Z][MI][I][Instrument][0]Creating instrumentstate                   ... [EOL]
[2026-09-22T08:28:32.836788340Z][MI][I][Instrument][0]Creating operatingsystemgateway            ... [EOL]
[2026-09-22T08:28:32.838721567Z][MI][I][Instrument][0]Creating datamanagergateway                ... [EOL]
[2026-09-22T08:28:32.841025165Z][MI][I][Instrument][0]Creating processingplatemagazine.f         ... [EOL]
[2026-09-22T08:28:32.843850056Z][MI][I][Instrument][0]Creating processingplatemagazine.g         ... [EOL]
[2026-09-22T08:28:32.855069570Z][MI][I][Instrument][0]Creating safetyinterlock                   ... [EOL]
[2026-09-22T08:28:32.874178715Z][MI][I][Instrument][0]Creating ni-bridge                         ... [EOL]
[2026-09-22T08:28:32.878628993Z][MI][I][Instrument][0]Creating mgpcassettemagazine.h             ... [EOL]
[2026-09-22T08:28:32.881045381Z][MI][I][Instrument][0]Creating coolingstation.a                  ... [EOL]
[2026-09-22T08:28:32.882460983Z][MI][I][Instrument][0]Creating runplanning                       ... [EOL]
[2026-09-22T08:28:32.884977249Z][MI][I][Instrument][0]Creating infrastructure.transfermodule     ... [EOL]
[2026-09-22T08:28:32.893125237Z][MI][I][Instrument][0]Creating amplificationplatemagazine.j      ... [EOL]
[2026-09-22T08:28:32.894839958Z][MI][I][Instrument][0]Creating amplificationplatetransferposition ... [EOL]
[2026-09-22T08:28:32.899398838Z][MI][I][Instrument][0]Creating solidwastestation.a                ... [EOL]
[2026-09-22T08:28:32.903897252Z][MI][I][Instrument][0]Creating heatingstation.a1                  ... done[EOL]
[2026-09-22T08:28:32.915481173Z][MI][I][Instrument][0]Creating runresourcemanagement              ... [EOL]
[2026-09-22T08:28:32.933638836Z][MI][I][Instrument][0]Creating analyticunit.a1                    ... done[EOL]
[2026-09-22T08:28:32.947286820Z][MI][I][Instrument][0]Creating analyticmodule                     ... [EOL]
[2026-09-22T08:28:33.034716866Z][MI][I][Instrument][0]Creating bulkmanagement.a                   ... done[EOL]
[2026-09-22T08:28:33.088107765Z][MI][I][Instrument][0]Creating drawerlock.consumablesdrawer.a     ... [EOL]
[2026-09-22T08:28:33.100547430Z][MI][I][Instrument][0]Creating softwareupdate                     ... [EOL]
[2026-09-22T08:28:33.181675785Z][MI][I][Instrument][0]Creating consumablepark                     ... done[EOL]
[2026-09-22T08:28:33.189918457Z][MI][I][Instrument][0]Creating workflowmanagement                 ... done[EOL]
[2026-09-22T08:28:33.196430745Z][MI][I][Instrument][0]Creating infrastructure.processingmodule.a  ... done[EOL]
[2026-09-22T08:28:33.228746954Z][MI][I][Instrument][0]Creating processingmodule.a                 ... done[EOL]
[2026-09-22T08:28:33.247193397Z][MI][I][Instrument][0]Creating datacollection                     ... [EOL]
[2026-09-22T08:28:33.263311969Z][MI][I][Instrument][0]Creating processingmodulecontrol.a          ... [EOL]
[2026-09-22T08:28:33.312855603Z][MI][I][Instrument][0]Creating reagentstoragehandler              ... [EOL]
[2026-09-22T08:28:33.330999523Z][MI][I][Instrument][0]Creating simapi                             ... done[EOL]
[2026-09-22T08:28:33.339242129Z][MI][I][Instrument][0]Creating maintenance                        ... done[EOL]
[2026-09-22T08:28:33.343745135Z][MI][I][Instrument][0]Creating rsa2l                              ... done[EOL]
[2026-09-22T08:28:33.360614244Z][MI][I][Instrument][0]Creating runmanagement                      ... done[EOL]
[2026-09-22T08:28:33.365847584Z][MI][I][Instrument][0]Creating tiprackmagazine.e                  ... [EOL]
[2026-09-22T08:28:33.575180831Z][MI][I][Instrument][0]Creating amplificationplatehandler          ... done[EOL]
[2026-09-22T08:28:33.584477635Z][MI][I][Instrument][0]Creating fieldbusgateway                    ... done[EOL]
[2026-09-22T08:28:33.645981502Z][MI][I][Instrument][0]Creating amplificationplatedrawer           ... done[EOL]
[2026-09-22T08:28:33.649465875Z][MI][I][Instrument][0]Creating transfermodule                     ... done[EOL]
[2026-09-22T08:28:33.710277855Z][MI][I][Instrument][0]Creating analyticunit.a2                    ... done[EOL]
[2026-09-22T08:28:33.758395432Z][MI][I][Instrument][0]Creating heatingstation.a2                  ... done[EOL]
[2026-09-22T08:28:33.959042566Z][MI][I][Instrument][0]Creating interimreagentstorage.a            ... done[EOL]
[2026-09-22T08:28:34.034427347Z][MI][I][Instrument][0]Creating separationstation.a1               ... done[EOL]
[2026-09-22T08:28:34.168905726Z][MI][I][Instrument][0]Creating runresourcemanagement              ... done[EOL]
[2026-09-22T08:28:34.289908769Z][MI][I][Instrument][0]Creating workordermanagement                ... done[EOL]
[2026-09-22T08:28:34.399174580Z][MI][I][Instrument][0]Creating drawerlock.reagentcassettedrawer   ... done[EOL]
[2026-09-22T08:28:34.748068911Z][MI][I][Instrument][0]Creating inputmethodservice                 ... done[EOL]
[2026-09-22T08:28:34.849873541Z][MI][I][Instrument][0]Creating datamanagergateway                 ... done[EOL]
[2026-09-22T08:28:34.894247796Z][MI][I][Instrument][0]Creating tiprackmagazine.d                  ... done[EOL]
[2026-09-22T08:28:35.524394288Z][MI][I][Instrument][0]Creating instrumentstate                    ... done[EOL]
[2026-09-22T08:28:35.950319095Z][MI][I][Instrument][0]Creating separationstation.a2               ... done[EOL]
[2026-09-22T08:28:36.039941396Z][MI][I][Instrument][0]Creating calculation                        ... done[EOL]
[2026-09-22T08:28:36.211683055Z][MI][I][Instrument][0]Creating operatingsystemgateway             ... done[EOL]
[2026-09-22T08:28:36.371043826Z][MI][I][Instrument][0]Creating ni-bridge                          ... done[EOL]
[2026-09-22T08:28:36.530926502Z][MI][I][Instrument][0]Creating runplanning                        ... done[EOL]
[2026-09-22T08:28:36.773472381Z][MI][I][Instrument][0]Creating simhw                              ... done[EOL]
[2026-09-22T08:28:36.993842299Z][MI][I][Instrument][0]Creating transfermodulecontrol              ... done[EOL]
[2026-09-22T08:28:37.281948493Z][MI][I][Instrument][0]Creating rackhandler                        ... done[EOL]
[2026-09-22T08:28:37.331678090Z][MI][I][Instrument][0]Creating softwareupdate                     ... done[EOL]
[2026-09-22T08:28:37.373673137Z][MI][I][Instrument][0]Creating analyticmodule                     ... done[EOL]
[2026-09-22T08:28:37.858007115Z][MI][I][Instrument][0]Creating persistentmemory                   ... done[EOL]
[2026-09-22T08:28:37.998087333Z][MI][I][Instrument][0]Creating mainhandler                        ... done[EOL]
[2026-09-22T08:28:38.236234381Z][MI][I][Instrument][0]Creating datacollection                     ... done[EOL]
[2026-09-22T08:28:38.367284566Z][MI][I][Instrument][0]Creating safetyinterlock                    ... done[EOL]
[2026-09-22T08:28:38.965584914Z][MI][I][Instrument][0]Creating coolingstation.a                   ... done[EOL]
[2026-09-22T08:28:39.126395096Z][MI][I][Instrument][0]Creating amplificationplatemagazine.i       ... done[EOL]
[2026-09-22T08:28:39.366507555Z][MI][I][Instrument][0]Creating processingplatemagazine.g          ... done[EOL]
[2026-09-22T08:28:39.749592434Z][MI][I][Instrument][0]Creating amplificationplatetransferposition ... done[EOL]
[2026-09-22T08:28:39.752594767Z][MI][I][Instrument][0]Creating mgpcassettemagazine.h              ... done[EOL]
[2026-09-22T08:28:39.924898136Z][MI][I][Instrument][0]Creating solidwastestation.a                ... done[EOL]
[2026-09-22T08:28:40.811255386Z][MI][I][Instrument][0]Creating reagentstoragehandler              ... done[EOL]
[2026-09-22T08:28:40.889052178Z][MI][I][Instrument][0]Creating drawerlock.consumablesdrawer.a     ... done[EOL]
[2026-09-22T08:28:40.953965942Z][MI][I][Instrument][0]Creating amplificationplatemagazine.j       ... done[EOL]
[2026-09-22T08:28:41.167456635Z][MI][I][Instrument][0]Creating tiprackmagazine.e                  ... done[EOL]
[2026-09-22T08:28:41.306229727Z][MI][I][Instrument][0]Creating processingplatemagazine.f          ... done[EOL]
[2026-09-22T08:28:41.383886424Z][MI][I][Instrument][0]Creating infrastructure.transfermodule      ... done[EOL]
[2026-09-22T08:28:41.999669769Z][MI][I][Instrument][0]Creating processingmodulecontrol.a          ... done[EOL]
[2026-09-22T08:28:42.344695514Z][MI][I][Instrument][0]After docker-compose up[EOL]
[2026-09-22T08:28:42.347954932Z][MI][I][Instrument][0]run-parts: executing startup.d/8_startupUI[EOL]
[2026-09-22T08:28:42.357909581Z][MI][I][Instrument][0]UI startup script[EOL]
[2026-09-22T08:28:42.364346627Z][MI][I][Instrument][0]UI startup script executed[EOL]
[2026-09-22T08:28:42.371275812Z][MI][I][Instrument][0]Unit startup scripts completed[EOL]
[2026-09-22T08:28:42.381723283Z][MI][I][Instrument][0][EOL]
[2026-09-22T08:28:42.453234335Z][MI][I][Instrument][0][EOL]
[2026-09-22T08:28:42.462498316Z][MI][I][Instrument][0]X.Org X Server 1.21.1.7[EOL]
[2026-09-22T08:28:42.475953201Z][MI][I][Instrument][0]X Protocol Version 11, Revision 0[EOL]
[2026-09-22T08:28:42.490636736Z][MI][I][Instrument][0]Current Operating System: Linux x800-instrument 6.1.0-23-amd64 #1 SMP PREEMPT_DYNAMIC Debian 6.1.99-1 (2024-07-15) x86_64[EOL]
[2026-09-22T08:28:42.509361535Z][MI][I][Instrument][0]Kernel command line: BOOT_IMAGE=/root/boot/vmlinuz-6.1.0-23-amd64 root=UUID=9367830a-c9e5-4bbb-824d-e8252e0bb934 ro rootflags=subvol=root ipv6.disable=1 panic=3600 systemd.show_status=0 loglevel=0 vt.global_cursor_default=0 rd.loglevel=0 rd.udev.log-priority=0 udev.log-priority=0 biosdevname=0 net.ifnames=0 rlx_bootid=1 efi=runtime quiet splash[EOL]
[2026-09-22T08:28:42.527185254Z][MI][I][Instrument][0]xorg-server 2:21.1.7-3+deb12u7 (https://www.debian.org/support)[EOL]
[2026-09-22T08:28:42.546074064Z][MI][I][Instrument][0]Current version of pixman: 0.42.2[EOL]
[2026-09-22T08:28:42.553420149Z][MI][I][Instrument][0]Before reporting problems, check http://wiki.x.org[EOL]
[2026-09-22T08:28:42.563102045Z][MI][I][Instrument][0]to make sure that you have the latest version.[EOL]
[2026-09-22T08:28:42.572567239Z][MI][I][Instrument][0]Markers: (--) probed, (**) from config file, (==) default setting,[EOL]
[2026-09-22T08:28:42.578878198Z][MI][I][Instrument][0](++) from command line, (!!) notice, (II) informational,[EOL]
[2026-09-22T08:28:42.591949981Z][MI][I][Instrument][0](WW) warning, (EE) error, (NI) not implemented, (??) unknown.[EOL]
[2026-09-22T08:28:42.598111411Z][MI][I][Instrument][0](==) Log file: "/var/log/Xorg.0.log", Time: Tue Sep 22 08:28:42 2026[EOL]
[2026-09-22T08:28:42.605675674Z][MI][I][Instrument][0](==) Using config directory: "/etc/X11/xorg.conf.d"[EOL]
[2026-09-22T08:28:42.611386980Z][MI][I][Instrument][0](==) Using system config directory "/usr/share/X11/xorg.conf.d"[EOL]
[2026-09-22T08:28:44.381520626Z][MI][I][Instrument][0]VMware: No 3D enabled (0, Success).[EOL]
[2026-09-22T08:28:52.597649275Z][MI][I][Instrument][0]08:28:52.575 › Loaded configuration file /opt/roche/var/lib/mollab/private/ui/ui.browser/resources/config/config.json[EOL]
[2026-09-22T08:28:53.586107247Z][MI][I][Instrument][0][6732:0922/082853.580955:ERROR:bus.cc(407)] Failed to connect to the bus: Could not parse server address: Unknown address type (examples of valid types are "tcp" and on UNIX "unix")[EOL]
[2026-09-22T08:28:53.590192403Z][MI][I][Instrument][0][6732:0922/082853.581130:ERROR:bus.cc(407)] Failed to connect to the bus: Could not parse server address: Unknown address type (examples of valid types are "tcp" and on UNIX "unix")[EOL]
[2026-09-22T08:28:53.593329188Z][MI][I][Instrument][0][6732:0922/082853.581157:ERROR:bus.cc(407)] Failed to connect to the bus: Could not parse server address: Unknown address type (examples of valid types are "tcp" and on UNIX "unix")[EOL]
[2026-09-22T08:28:53.598227404Z][MI][I][Instrument][0][6732:0922/082853.581173:ERROR:bus.cc(407)] Failed to connect to the bus: Could not parse server address: Unknown address type (examples of valid types are "tcp" and on UNIX "unix")[EOL]
[2026-09-22T08:28:53.608576363Z][MI][I][Instrument][0][6732:0922/082853.581184:ERROR:bus.cc(407)] Failed to connect to the bus: Could not parse server address: Unknown address type (examples of valid types are "tcp" and on UNIX "unix")[EOL]
[2026-09-22T08:28:56.205073218Z][MI][I][Instrument][0][6732:0922/082856.201897:ERROR:bus.cc(407)] Failed to connect to the bus: Could not parse server address: Unknown address type (examples of valid types are "tcp" and on UNIX "unix")[EOL]
[2026-09-22T08:28:56.324503742Z][MI][I][Instrument][0][7953:0922/082856.321303:ERROR:socket_posix.cc(93)] CreatePlatformSocket() failed: Address family not supported by protocol (97)[EOL]
[2026-09-22T08:35:58.437005785Z][MI][I][Instrument][0][7953:0922/083558.424119:ERROR:socket_posix.cc(93)] CreatePlatformSocket() failed: Address family not supported by protocol (97)[EOL]
[2026-09-22T08:36:05.645355486Z][MI][I][Instrument][0][7953:0922/083605.642183:ERROR:socket_posix.cc(93)] CreatePlatformSocket() failed: Address family not supported by protocol (97)[EOL]
