[2026-09-22T07:25:05.3954635Z][OSG][I][OperatingSystemGatewayBootstrapper][1]Bootstrapping unit 'OperatingSystemGateway' with version '3.0.0+1344101.5f661941441b3fad1dcd8f6eed9911c2b238657c' ...[EOL]
[2026-09-22T07:25:05.5503296Z][OSG][I][OperatingSystemGatewayBootstrapper][1]Local time zone: (UTC) Coordinated Universal Time[EOL]
[2026-09-22T07:25:05.5506075Z][OSG][I][OperatingSystemGatewayBootstrapper][1]Configuring unit 'OperatingSystemGateway' ...[EOL]
[2026-09-22T07:25:07.1640930Z][OSG][I][OperatingSystemGatewayBootstrapper][1]Starting unit 'OperatingSystemGateway' ...[EOL]
[2026-09-22T07:25:07.2535077Z][OSG][I][Messaging.RabbitMQ.RabbitMQClient.OSG][1]Initializing Messagebus ...[EOL]
[2026-09-22T07:25:53.2195197Z][OSG][I][Messaging.RabbitMQ.RabbitMQClient.OSG][1]Connected successfully to 'amqp://rabbitmq-server:5672'[EOL]
[2026-09-22T07:26:06.3113262Z][OSG][I][UnitLifecycle.UnitLifecycleStateMachine][1]Publishing event 'UnitStateChanged' with args OldState: 'PoweredOff', NewState: 'StartingUp', TraceContext: '<null>' ...[EOL]
[2026-09-22T07:26:11.8242029Z][OSG][I][PerformanceMonitoring.PerformanceCounterListener][1]Configured instance with 'Enabled: 'True', IntervalSeconds: '30', Counters: '<empty>''[EOL]
[2026-09-22T07:26:11.8608563Z][OSG][I][PerformanceMonitoring.PerformanceCounterListener][1]Starting up instance ...[EOL]
[2026-09-22T07:26:11.8730175Z][OSG][I][PerformanceMonitoring.PerformanceCounterListener][1]Enabling counters of 'System.Runtime' ...[EOL]
[2026-09-22T07:26:12.3431324Z][OSG][I][BusinessLogic.DiskMonitoring.DiskMonitoringTimer][1]Starting disk monitoring timer with configuration 'Enabled: 'True', TimerInterval: '00:05:00', Disks: 'DiskType: 'Root', MountPoint: '/', WarningThresholdPercentage: '90', CriticalThresholdPercentage: '98', DiskType: 'Opt', MountPoint: '/opt', WarningThresholdPercentage: '90', CriticalThresholdPercentage: '98', DiskType: 'Data', MountPoint: '/mnt/data', WarningThresholdPercentage: '90', CriticalThresholdPercentage: '98''[EOL]
[2026-09-22T07:26:12.3495988Z][OSG][I][BusinessLogic.DiskMonitoring.DiskMonitoringTimer][6]Publishing event 'DiskMonitorTimerElapsed' with args TraceContext: '<null>' ...[EOL]
[2026-09-22T07:26:12.9516182Z][OSG][I][BusinessLogic.FileHandling.FileSystemWatcher][1]Starting filesystem watcher ...[EOL]
[2026-09-22T07:26:12.9923480Z][OSG][I][BusinessLogic.FileHandling.FileSystemWatcher][1]Starting to watch folder 'shared-data/problem-reports'[EOL]
[2026-09-22T07:26:13.0666869Z][OSG][I][BusinessLogic.FileHandling.FileSystemWatcher][1]Starting to watch folder 'shared-data/screenshots'[EOL]
[2026-09-22T07:26:13.1671552Z][OSG][I][BusinessLogic.FileHandling.FileSystemWatcher][1]Starting to watch folder 'shared-data/exports'[EOL]
[2026-09-22T07:26:13.2093459Z][OSG][I][BusinessLogic.FileHandling.FileSystemWatcher][1]Starting to watch folder 'shared-data/service-software-checks-reports'[EOL]
[2026-09-22T07:26:13.2143311Z][OSG][I][BusinessLogic.FileHandling.FileSystemWatcher][1]Starting to watch folder 'shared-data/service-images'[EOL]
[2026-09-22T07:26:13.2316175Z][OSG][I][BusinessLogic.FileHandling.FileSystemWatcher][1]Starting to watch folder 'shared-data/error-images/rack-issues'[EOL]
[2026-09-22T07:26:13.3820079Z][OSG][I][BusinessLogic.FileHandling.FileSystemWatcher][1]Starting to watch folder 'shared-data/error-images/tube-issues'[EOL]
[2026-09-22T07:26:13.5743575Z][OSG][I][BusinessLogic.LoadAverageGathering.LoadAverageGatherer][1]Starting up with configuration 'Enabled: 'True', IntervalSeconds: '60'[EOL]
[2026-09-22T07:26:13.7969938Z][OSG][I][BusinessLogic.RfidTransponderDetection.RfidTranspondersDetectedHandler][1]Starting up RFID transponder detection ...[EOL]
[2026-09-22T07:26:14.2598620Z][OSG][E][BusinessLogic.RfidTransponderDetection.RfidControlManagerFactory][1]Access to RFID transceiver denied
System.UnauthorizedAccessException: Access to the port '/dev/ttyACM0' is denied.
 ---> System.IO.IOException: No such file or directory
   --- End of inner exception stack trace ---
   at System.IO.Ports.SafeSerialDeviceHandle.Open(String portName)
   at System.IO.Ports.SerialStream..ctor(String portName, Int32 baudRate, Parity parity, Int32 dataBits, StopBits stopBits, Int32 readTimeout, Int32 writeTimeout, Handshake handshake, Boolean dtrEnable, Boolean rtsEnable, Boolean discardNull, Byte parityReplace)
   at System.IO.Ports.SerialPort.Open()
   at Roche.LabCore.RfidControl.Hardware.SerialPortWrapper.Open()
   at Roche.LabCore.RfidControl.Hardware.ElatecTwn3LegicNfcTransceiver..ctor(SerialPortConfiguration configuration, ISerialPortFactory serialPortFactory)
   at Roche.MolLab.OperatingSystemGateway.BusinessLogic.RfidTransponderDetection.RfidControlManagerFactory.CreateTransceiver() in /builddir/s/Source/OperatingSystemGateway/BusinessLogic/RfidTransponderDetection/RfidControlManagerFactory.cs:line 60
   at Roche.MolLab.OperatingSystemGateway.BusinessLogic.RfidTransponderDetection.RfidControlManagerFactory.CreateRfidControlManager() in /builddir/s/Source/OperatingSystemGateway/BusinessLogic/RfidTransponderDetection/RfidControlManagerFactory.cs:line 36
[EOL]
[2026-09-22T07:26:14.4637335Z][OSG][I][BusinessLogic.RfidTransponderDetection.RfidTranspondersDetectedHandler][1]Failed to start up RFID transponder detection: IRfidControlManager cannot not be created[EOL]
[2026-09-22T07:26:16.7669715Z][OSG][I][OsalACL.Responses.ZeroMqEventReceiver][23]Connecting to OSAL subscriber socket 'tcp://10.0.2.2:8084' with polling interval '1000' milliseconds ...[EOL]
[2026-09-22T07:26:17.7100188Z][OSG][I][OsalACL.Responses.ZeroMqEventReceiver][23]Successfully connected to OSAL subscriber socket[EOL]
[2026-09-22T07:26:17.7103943Z][OSG][I][OsalACL.Responses.ZeroMqEventReceiver][23]Subscribing to OSAL subscriber socket for all topics ...[EOL]
[2026-09-22T07:26:17.8804351Z][OSG][I][OsalACL.Responses.ZeroMqEventReceiver][23]Successfully subscribed[EOL]
[2026-09-22T07:26:18.0141690Z][OSG][I][OsalACL.Responses.ZeroMqEventReceiver][23]Start polling OSAL subscriber socket[EOL]
[2026-09-22T07:26:18.4973488Z][OSG][I][Messaging.RabbitMQ.RabbitMQClient.OSG.Distribution][1]Start receiving messages ...[EOL]
[2026-09-22T07:26:18.7368034Z][OSG][I][UnitLifecycle.UnitLifecycleStateMachine][1]Publishing event 'UnitStateChanged' with args OldState: 'StartingUp', NewState: 'StartedUp', TraceContext: '<null>' ...[EOL]
[2026-09-22T07:26:18.7449710Z][OSG][I][OperatingSystemGatewayBootstrapper][1]Unit 'OperatingSystemGateway' successfully started[EOL]
[2026-09-22T07:26:19.0639164Z][OSG][I][BusinessLogic.DiskMonitoring.MessageHandler][11]Handling event 'DiskMonitorTimerElapsed' with args TraceContext: '<null>' ...[EOL]
[2026-09-22T07:26:19.3516633Z][OSG][I][OsalACL.Requests.Handlers.GetSnapshotListRequestHandler][11]Handling request 'GetSnapshotList' (#63238509) with args TraceContext: '<null>' ...[EOL]
[2026-09-22T07:26:19.8961786Z][OSG][I][OsalACL.Requests.OsalRequestSenderService][11]Sending OSAL request message of type 'GetSystemVersionList' ...[EOL]
[2026-09-22T07:26:19.9004845Z][OSG][I][OsalACL.Requests.ZeroMqRequestSender][11]Sending request message on OSAL request socket ...[EOL]
[2026-09-22T07:26:19.9116317Z][OSG][I][OsalACL.Requests.ZeroMqRequestSender][11]Successfully sent request message[EOL]
[2026-09-22T07:26:19.9118101Z][OSG][I][OsalACL.Requests.ZeroMqRequestSender][11]Waiting for response message on OSAL request socket ...[EOL]
[2026-09-22T07:26:20.3466376Z][OSG][I][OsalACL.Requests.ZeroMqRequestSender][11]Received response message[EOL]
[2026-09-22T07:26:20.6391263Z][OSG][I][OsalACL.Requests.Handlers.GetSnapshotListRequestHandler][11]Sending response for 'GetSnapshotList' (#63238509) with args Snapshots: '<empty>', ErrorMessage: '<null>', Outcome: 'OK' ...[EOL]
[2026-09-22T07:26:20.9997587Z][OSG][I][OsalACL.Requests.Handlers.GetDiskFreeListRequestHandler][11]Handling request 'GetDiskFreeList' (#32459944) with args TraceContext: '<null>' ...[EOL]
[2026-09-22T07:26:21.4160010Z][OSG][I][OsalACL.Requests.OsalRequestSenderService][11]Sending OSAL request message of type 'GetDiskFreeList' ...[EOL]
[2026-09-22T07:26:21.4179709Z][OSG][I][OsalACL.Requests.ZeroMqRequestSender][11]Sending request message on OSAL request socket ...[EOL]
[2026-09-22T07:26:21.4205320Z][OSG][I][OsalACL.Requests.ZeroMqRequestSender][11]Successfully sent request message[EOL]
[2026-09-22T07:26:21.4206978Z][OSG][I][OsalACL.Requests.ZeroMqRequestSender][11]Waiting for response message on OSAL request socket ...[EOL]
[2026-09-22T07:26:21.6960656Z][OSG][I][OsalACL.Requests.ZeroMqRequestSender][11]Received response message[EOL]
[2026-09-22T07:26:21.7081349Z][OSG][I][OsalACL.Requests.Handlers.GetDiskFreeListRequestHandler][11]Sending response for 'GetDiskFreeList' (#32459944) with args Disks: ''Device: '/dev/sda2', MountPoint: '/', SizeTotal: '10737418240', SizeUsed: '1706397696', SizeFree: '9031020544', FileSystemType: 'btrfs', Uuid: '9367830a-c9e5-4bbb-824d-e8252e0bb934', Label: ''', 'Device: '/dev/sda1', MountPoint: '/boot/efi', SizeTotal: '535801856', SizeUsed: '299008', SizeFree: '535502848', FileSystemType: 'vfat', Uuid: '15E6-8E7B', Label: ''', 'Device: '/dev/sda2', MountPoint: '/mnt/data', SizeTotal: '118111600640', SizeUsed: '19308544', SizeFree: '118092292096', FileSystemType: 'btrfs', Uuid: '9367830a-c9e5-4bbb-824d-e8252e0bb934', Label: ''', 'Device: '/dev/sda2', MountPoint: '/mnt/tmp', SizeTotal: '32212254720', SizeUsed: '16384', SizeFree: '32212238336', FileSystemType: 'btrfs', Uuid: '9367830a-c9e5-4bbb-824d-e8252e0bb934', Label: ''', 'Device: '/dev/sda2', MountPoint: '/opt', SizeTotal: '21474836480', SizeUsed: '4021686272', SizeFree: '17453150208', FileSystemType: 'btrfs', Uuid: '9367830a-c9e5-4bbb-824d-e8252e0bb934', Label: '''', ErrorMessage: '<null>', Outcome: 'OK' ...[EOL]
[2026-09-22T07:26:21.8235741Z][OSG][I][BusinessLogic.DiskMonitoring.Service][6]Publishing event 'DiskFillLevelChanged' with args DiskType: 'Root', FillLevelPercentage: '16', TraceContext: '<null>' ...[EOL]
[2026-09-22T07:26:21.9272307Z][OSG][I][BusinessLogic.DiskMonitoring.Service][6]Publishing event 'DiskFillStatusChanged' with args DiskType: 'Root', Status: 'Ok', TraceContext: '<null>' ...[EOL]
[2026-09-22T07:26:21.9700375Z][OSG][I][BusinessLogic.DiskMonitoring.Service][6]Publishing event 'DiskFillStatusChanged' with args DiskType: 'Data', Status: 'Ok', TraceContext: '<null>' ...[EOL]
[2026-09-22T07:26:21.9753165Z][OSG][I][BusinessLogic.DiskMonitoring.Service][6]Publishing event 'DiskFillLevelChanged' with args DiskType: 'Opt', FillLevelPercentage: '19', TraceContext: '<null>' ...[EOL]
[2026-09-22T07:26:21.9757585Z][OSG][I][BusinessLogic.DiskMonitoring.Service][6]Publishing event 'DiskFillStatusChanged' with args DiskType: 'Opt', Status: 'Ok', TraceContext: '<null>' ...[EOL]
[2026-09-22T07:27:14.1657651Z][OSG][I][BusinessLogic.LoadAverageGathering.LoadAverageGatherer][11]Avg CPU usage (1 Min): 85.30, Avg CPU usage (5 Min): 29.30, Avg CPU usage (15 Min): 10.57, Running processes: 67, Total processes: 4170 Memory used: 4960 MB[EOL]
[2026-09-22T07:27:14.1811355Z][OSG][I][BusinessLogic.LoadAverageGathering.LoadAverageGatherer][11]Publishing event 'LoadAverageGathered' with args LoadAverage: '85.3', MemoryUsed: '4960', TraceContext: '<null>' ...[EOL]
[2026-09-22T08:28:37.9823778Z][OSG][I][OperatingSystemGatewayBootstrapper][1]Bootstrapping unit 'OperatingSystemGateway' with version '3.0.0+1344101.5f661941441b3fad1dcd8f6eed9911c2b238657c' ...[EOL]
[2026-09-22T08:28:38.0753301Z][OSG][I][OperatingSystemGatewayBootstrapper][1]Local time zone: (UTC) Coordinated Universal Time[EOL]
[2026-09-22T08:28:38.0756742Z][OSG][I][OperatingSystemGatewayBootstrapper][1]Configuring unit 'OperatingSystemGateway' ...[EOL]
[2026-09-22T08:28:40.1791409Z][OSG][I][OperatingSystemGatewayBootstrapper][1]Starting unit 'OperatingSystemGateway' ...[EOL]
[2026-09-22T08:28:40.3699647Z][OSG][I][Messaging.RabbitMQ.RabbitMQClient.OSG][1]Initializing Messagebus ...[EOL]
[2026-09-22T08:29:24.1275384Z][OSG][I][Messaging.RabbitMQ.RabbitMQClient.OSG][1]Connected successfully to 'amqp://rabbitmq-server:5672'[EOL]
[2026-09-22T08:29:38.2873931Z][OSG][I][UnitLifecycle.UnitLifecycleStateMachine][1]Publishing event 'UnitStateChanged' with args OldState: 'PoweredOff', NewState: 'StartingUp', TraceContext: '<null>' ...[EOL]
[2026-09-22T08:29:42.0692568Z][OSG][I][PerformanceMonitoring.PerformanceCounterListener][1]Configured instance with 'Enabled: 'True', IntervalSeconds: '30', Counters: '<empty>''[EOL]
[2026-09-22T08:29:42.0773904Z][OSG][I][PerformanceMonitoring.PerformanceCounterListener][1]Starting up instance ...[EOL]
[2026-09-22T08:29:42.0988712Z][OSG][I][PerformanceMonitoring.PerformanceCounterListener][1]Enabling counters of 'System.Runtime' ...[EOL]
[2026-09-22T08:29:42.6935026Z][OSG][I][BusinessLogic.DiskMonitoring.DiskMonitoringTimer][1]Starting disk monitoring timer with configuration 'Enabled: 'True', TimerInterval: '00:05:00', Disks: 'DiskType: 'Root', MountPoint: '/', WarningThresholdPercentage: '90', CriticalThresholdPercentage: '98', DiskType: 'Opt', MountPoint: '/opt', WarningThresholdPercentage: '90', CriticalThresholdPercentage: '98', DiskType: 'Data', MountPoint: '/mnt/data', WarningThresholdPercentage: '90', CriticalThresholdPercentage: '98''[EOL]
[2026-09-22T08:29:42.7091525Z][OSG][I][BusinessLogic.DiskMonitoring.DiskMonitoringTimer][4]Publishing event 'DiskMonitorTimerElapsed' with args TraceContext: '<null>' ...[EOL]
[2026-09-22T08:29:43.5533878Z][OSG][I][BusinessLogic.FileHandling.FileSystemWatcher][1]Starting filesystem watcher ...[EOL]
[2026-09-22T08:29:43.6081106Z][OSG][I][BusinessLogic.FileHandling.FileSystemWatcher][1]Starting to watch folder 'shared-data/problem-reports'[EOL]
[2026-09-22T08:29:43.7205565Z][OSG][I][BusinessLogic.FileHandling.FileSystemWatcher][1]Starting to watch folder 'shared-data/screenshots'[EOL]
[2026-09-22T08:29:43.7656720Z][OSG][I][BusinessLogic.FileHandling.FileSystemWatcher][1]Starting to watch folder 'shared-data/exports'[EOL]
[2026-09-22T08:29:43.7754619Z][OSG][I][BusinessLogic.FileHandling.FileSystemWatcher][1]Starting to watch folder 'shared-data/service-software-checks-reports'[EOL]
[2026-09-22T08:29:43.8420509Z][OSG][I][BusinessLogic.FileHandling.FileSystemWatcher][1]Starting to watch folder 'shared-data/service-images'[EOL]
[2026-09-22T08:29:43.8818693Z][OSG][I][BusinessLogic.FileHandling.FileSystemWatcher][1]Starting to watch folder 'shared-data/error-images/rack-issues'[EOL]
[2026-09-22T08:29:43.8965450Z][OSG][I][BusinessLogic.FileHandling.FileSystemWatcher][1]Starting to watch folder 'shared-data/error-images/tube-issues'[EOL]
[2026-09-22T08:29:44.0540689Z][OSG][I][BusinessLogic.LoadAverageGathering.LoadAverageGatherer][1]Starting up with configuration 'Enabled: 'True', IntervalSeconds: '60'[EOL]
[2026-09-22T08:29:44.2702621Z][OSG][I][BusinessLogic.RfidTransponderDetection.RfidTranspondersDetectedHandler][1]Starting up RFID transponder detection ...[EOL]
[2026-09-22T08:29:44.5187804Z][OSG][E][BusinessLogic.RfidTransponderDetection.RfidControlManagerFactory][1]Access to RFID transceiver denied
System.UnauthorizedAccessException: Access to the port '/dev/ttyACM0' is denied.
 ---> System.IO.IOException: No such file or directory
   --- End of inner exception stack trace ---
   at System.IO.Ports.SafeSerialDeviceHandle.Open(String portName)
   at System.IO.Ports.SerialStream..ctor(String portName, Int32 baudRate, Parity parity, Int32 dataBits, StopBits stopBits, Int32 readTimeout, Int32 writeTimeout, Handshake handshake, Boolean dtrEnable, Boolean rtsEnable, Boolean discardNull, Byte parityReplace)
   at System.IO.Ports.SerialPort.Open()
   at Roche.LabCore.RfidControl.Hardware.SerialPortWrapper.Open()
   at Roche.LabCore.RfidControl.Hardware.ElatecTwn3LegicNfcTransceiver..ctor(SerialPortConfiguration configuration, ISerialPortFactory serialPortFactory)
   at Roche.MolLab.OperatingSystemGateway.BusinessLogic.RfidTransponderDetection.RfidControlManagerFactory.CreateTransceiver() in /builddir/s/Source/OperatingSystemGateway/BusinessLogic/RfidTransponderDetection/RfidControlManagerFactory.cs:line 60
   at Roche.MolLab.OperatingSystemGateway.BusinessLogic.RfidTransponderDetection.RfidControlManagerFactory.CreateRfidControlManager() in /builddir/s/Source/OperatingSystemGateway/BusinessLogic/RfidTransponderDetection/RfidControlManagerFactory.cs:line 36
[EOL]
[2026-09-22T08:29:44.6097575Z][OSG][I][BusinessLogic.RfidTransponderDetection.RfidTranspondersDetectedHandler][1]Failed to start up RFID transponder detection: IRfidControlManager cannot not be created[EOL]
[2026-09-22T08:29:45.8652241Z][OSG][I][OsalACL.Responses.ZeroMqEventReceiver][4]Connecting to OSAL subscriber socket 'tcp://10.0.2.2:8084' with polling interval '1000' milliseconds ...[EOL]
[2026-09-22T08:29:45.8846578Z][OSG][I][OsalACL.Responses.ZeroMqEventReceiver][4]Successfully connected to OSAL subscriber socket[EOL]
[2026-09-22T08:29:45.8848427Z][OSG][I][OsalACL.Responses.ZeroMqEventReceiver][4]Subscribing to OSAL subscriber socket for all topics ...[EOL]
[2026-09-22T08:29:45.9103031Z][OSG][I][OsalACL.Responses.ZeroMqEventReceiver][4]Successfully subscribed[EOL]
[2026-09-22T08:29:46.1431753Z][OSG][I][OsalACL.Responses.ZeroMqEventReceiver][4]Start polling OSAL subscriber socket[EOL]
[2026-09-22T08:29:46.9712849Z][OSG][I][Messaging.RabbitMQ.RabbitMQClient.OSG.Distribution][1]Start receiving messages ...[EOL]
[2026-09-22T08:29:47.0299352Z][OSG][I][UnitLifecycle.UnitLifecycleStateMachine][1]Publishing event 'UnitStateChanged' with args OldState: 'StartingUp', NewState: 'StartedUp', TraceContext: '<null>' ...[EOL]
[2026-09-22T08:29:47.0302811Z][OSG][I][OperatingSystemGatewayBootstrapper][1]Unit 'OperatingSystemGateway' successfully started[EOL]
[2026-09-22T08:29:47.4440935Z][OSG][I][BusinessLogic.DiskMonitoring.MessageHandler][10]Handling event 'DiskMonitorTimerElapsed' with args TraceContext: '<null>' ...[EOL]
[2026-09-22T08:29:47.6051763Z][OSG][I][OsalACL.Requests.Handlers.GetSnapshotListRequestHandler][10]Handling request 'GetSnapshotList' (#18961937) with args TraceContext: '<null>' ...[EOL]
[2026-09-22T08:29:49.1114079Z][OSG][I][OsalACL.Requests.OsalRequestSenderService][10]Sending OSAL request message of type 'GetSystemVersionList' ...[EOL]
[2026-09-22T08:29:49.1304106Z][OSG][I][OsalACL.Requests.ZeroMqRequestSender][10]Sending request message on OSAL request socket ...[EOL]
[2026-09-22T08:29:49.1569301Z][OSG][I][OsalACL.Requests.ZeroMqRequestSender][10]Successfully sent request message[EOL]
[2026-09-22T08:29:49.1620997Z][OSG][I][OsalACL.Requests.ZeroMqRequestSender][10]Waiting for response message on OSAL request socket ...[EOL]
[2026-09-22T08:29:50.4658750Z][OSG][I][OsalACL.Requests.ZeroMqRequestSender][10]Received response message[EOL]
[2026-09-22T08:29:50.5120895Z][OSG][I][OsalACL.Requests.Handlers.GetSnapshotListRequestHandler][10]Sending response for 'GetSnapshotList' (#18961937) with args Snapshots: '<empty>', ErrorMessage: '<null>', Outcome: 'OK' ...[EOL]
[2026-09-22T08:29:50.7483985Z][OSG][I][OsalACL.Requests.Handlers.GetDiskFreeListRequestHandler][10]Handling request 'GetDiskFreeList' (#21170186) with args TraceContext: '<null>' ...[EOL]
[2026-09-22T08:29:51.3149013Z][OSG][I][OsalACL.Requests.OsalRequestSenderService][10]Sending OSAL request message of type 'GetDiskFreeList' ...[EOL]
[2026-09-22T08:29:51.3262306Z][OSG][I][OsalACL.Requests.ZeroMqRequestSender][10]Sending request message on OSAL request socket ...[EOL]
[2026-09-22T08:29:51.3301911Z][OSG][I][OsalACL.Requests.ZeroMqRequestSender][10]Successfully sent request message[EOL]
[2026-09-22T08:29:51.3317410Z][OSG][I][OsalACL.Requests.ZeroMqRequestSender][10]Waiting for response message on OSAL request socket ...[EOL]
[2026-09-22T08:29:53.0586171Z][OSG][I][OsalACL.Requests.ZeroMqRequestSender][10]Received response message[EOL]
[2026-09-22T08:29:53.1440419Z][OSG][I][OsalACL.Requests.Handlers.GetDiskFreeListRequestHandler][10]Sending response for 'GetDiskFreeList' (#21170186) with args Disks: ''Device: '/dev/sda2', MountPoint: '/', SizeTotal: '10737418240', SizeUsed: '1706446848', SizeFree: '9030971392', FileSystemType: 'btrfs', Uuid: '9367830a-c9e5-4bbb-824d-e8252e0bb934', Label: ''', 'Device: '/dev/sda1', MountPoint: '/boot/efi', SizeTotal: '535801856', SizeUsed: '299008', SizeFree: '535502848', FileSystemType: 'vfat', Uuid: '15E6-8E7B', Label: ''', 'Device: '/dev/sda2', MountPoint: '/mnt/tmp', SizeTotal: '32212254720', SizeUsed: '16384', SizeFree: '32212238336', FileSystemType: 'btrfs', Uuid: '9367830a-c9e5-4bbb-824d-e8252e0bb934', Label: ''', 'Device: '/dev/sda2', MountPoint: '/opt', SizeTotal: '21474836480', SizeUsed: '4019859456', SizeFree: '17454977024', FileSystemType: 'btrfs', Uuid: '9367830a-c9e5-4bbb-824d-e8252e0bb934', Label: ''', 'Device: '/dev/sda2', MountPoint: '/mnt/data', SizeTotal: '118111600640', SizeUsed: '44679168', SizeFree: '118066921472', FileSystemType: 'btrfs', Uuid: '9367830a-c9e5-4bbb-824d-e8252e0bb934', Label: '''', ErrorMessage: '<null>', Outcome: 'OK' ...[EOL]
[2026-09-22T08:29:53.3209750Z][OSG][I][BusinessLogic.DiskMonitoring.Service][6]Publishing event 'DiskFillLevelChanged' with args DiskType: 'Root', FillLevelPercentage: '16', TraceContext: '<null>' ...[EOL]
[2026-09-22T08:29:53.4220867Z][OSG][I][BusinessLogic.DiskMonitoring.Service][6]Publishing event 'DiskFillStatusChanged' with args DiskType: 'Root', Status: 'Ok', TraceContext: '<null>' ...[EOL]
[2026-09-22T08:29:53.4725783Z][OSG][I][BusinessLogic.DiskMonitoring.Service][6]Publishing event 'DiskFillLevelChanged' with args DiskType: 'Opt', FillLevelPercentage: '19', TraceContext: '<null>' ...[EOL]
[2026-09-22T08:29:53.4730844Z][OSG][I][BusinessLogic.DiskMonitoring.Service][6]Publishing event 'DiskFillStatusChanged' with args DiskType: 'Opt', Status: 'Ok', TraceContext: '<null>' ...[EOL]
[2026-09-22T08:29:53.4732948Z][OSG][I][BusinessLogic.DiskMonitoring.Service][6]Publishing event 'DiskFillStatusChanged' with args DiskType: 'Data', Status: 'Ok', TraceContext: '<null>' ...[EOL]
[2026-09-22T08:30:44.2046116Z][OSG][I][BusinessLogic.LoadAverageGathering.LoadAverageGatherer][24]Avg CPU usage (1 Min): 52.18, Avg CPU usage (5 Min): 19.94, Avg CPU usage (15 Min): 7.28, Running processes: 31, Total processes: 4168 Memory used: 5010 MB[EOL]
[2026-09-22T08:30:44.2051820Z][OSG][I][BusinessLogic.LoadAverageGathering.LoadAverageGatherer][24]Publishing event 'LoadAverageGathered' with args LoadAverage: '52.18', MemoryUsed: '5010', TraceContext: '<null>' ...[EOL]
[2026-09-22T08:30:54.6329147Z][OSG][I][UnitLifecycle.UnitLifecycleProcessManager][11]Initialization of the unit 'OperatingSystemGateway' with activity id '00-dd82d13ed26ec30b58a7827c44aa343a-2cc15cc17e6d6ab2-01' started[EOL]
[2026-09-22T08:30:54.6335686Z][OSG][I][UnitLifecycle.UnitLifecycleStateMachine][11]Publishing event 'UnitStateChanged' with args OldState: 'StartedUp', NewState: 'Initializing', TraceContext: '00-dd82d13ed26ec30b58a7827c44aa343a-2cc15cc17e6d6ab2-01' ...[EOL]
[2026-09-22T08:30:54.6460542Z][OSG][I][OsalACL.Connection.OsalConnectionEstablisher][11]Attempting to establish connection to OSAL ...[EOL]
[2026-09-22T08:30:54.6463629Z][OSG][I][OsalACL.Connection.OsalConnectionEstablisher][11]Sending request GetSerialNumber to OSAL to discover whether it responds ...[EOL]
[2026-09-22T08:30:54.6470112Z][OSG][I][OsalACL.Requests.OsalRequestSenderService][11]Sending OSAL request message of type 'GetSerialNumber' ...[EOL]
[2026-09-22T08:30:54.6470803Z][OSG][I][OsalACL.Requests.ZeroMqRequestSender][11]Sending request message on OSAL request socket ...[EOL]
[2026-09-22T08:30:54.6471915Z][OSG][I][OsalACL.Requests.ZeroMqRequestSender][11]Successfully sent request message[EOL]
[2026-09-22T08:30:54.6472673Z][OSG][I][OsalACL.Requests.ZeroMqRequestSender][11]Waiting for response message on OSAL request socket ...[EOL]
[2026-09-22T08:30:54.7234890Z][OSG][I][OsalACL.Requests.ZeroMqRequestSender][11]Received response message[EOL]
[2026-09-22T08:30:54.7244858Z][OSG][I][OsalACL.Connection.OsalConnectionEstablisher][11]Received response '10001' to request GetSerialNumber => Successfully established connection to OSAL[EOL]
[2026-09-22T08:30:55.3115316Z][OSG][I][OsalACL.Requests.Handlers.RevokeMaintenanceWebAccessCommandHandler][24]Handling command 'RevokeMaintenanceWebAccess' (#46251828) with args TraceContext: '00-dd82d13ed26ec30b58a7827c44aa343a-2cc15cc17e6d6ab2-01' ...[EOL]
[2026-09-22T08:30:55.3235728Z][OSG][I][OsalACL.Requests.Handlers.RevokeMaintenanceWebAccessCommandHandler][24]Sending response for 'RevokeMaintenanceWebAccess' (#46251828) with args <none> ...[EOL]
[2026-09-22T08:30:55.5155640Z][OSG][I][OsalACL.Requests.OsalRequestSenderService][11]Sending OSAL request message of type 'RevokeMaintenanceWebAccess' ...[EOL]
[2026-09-22T08:30:55.5161308Z][OSG][I][OsalACL.Requests.ZeroMqRequestSender][11]Sending request message on OSAL request socket ...[EOL]
[2026-09-22T08:30:55.5164988Z][OSG][I][OsalACL.Requests.ZeroMqRequestSender][11]Successfully sent request message[EOL]
[2026-09-22T08:30:55.5166464Z][OSG][I][OsalACL.Requests.ZeroMqRequestSender][11]Waiting for response message on OSAL request socket ...[EOL]
[2026-09-22T08:30:56.7744776Z][OSG][I][OsalACL.Responses.ZeroMqEventReceiver][4]Received event message on OSAL subscriber socket[EOL]
[2026-09-22T08:30:56.7768495Z][OSG][I][OsalACL.Responses.Handlers.MaintenanceWebAccessRevokedHandler][4]Received OSAL event 'MaintenanceWebAccessRevoked'.[EOL]
[2026-09-22T08:30:56.7976952Z][OSG][I][OsalACL.Requests.ZeroMqRequestSender][11]Received response message[EOL]
[2026-09-22T08:30:56.7982810Z][OSG][I][OsalACL.Requests.Handlers.RevokeMaintenanceWebAccessCommandHandler][11]Publishing event 'MaintenanceWebAccessRevoked' with args TraceContext: '00-dd82d13ed26ec30b58a7827c44aa343a-2cc15cc17e6d6ab2-01' ...[EOL]
[2026-09-22T08:30:56.7985651Z][OSG][I][OsalACL.Requests.Handlers.RevokeMaintenanceWebAccessCommandHandler][11]Handling command 'RevokeMaintenanceWebAccess' (#46251828) finished[EOL]
[2026-09-22T08:30:56.9214477Z][OSG][I][BusinessLogic.RemoteAccess.RemoteAccessService][11]Handling event 'MaintenanceWebAccessRevoked' with args TraceContext: '<null>' ...[EOL]
[2026-09-22T08:30:57.6122439Z][OSG][I][OsalACL.Requests.Handlers.RevokeShellAccessCommandHandler][11]Handling command 'RevokeShellAccess' (#43445648) with args TraceContext: '00-dd82d13ed26ec30b58a7827c44aa343a-2cc15cc17e6d6ab2-01' ...[EOL]
[2026-09-22T08:30:57.6129388Z][OSG][I][OsalACL.Requests.Handlers.RevokeShellAccessCommandHandler][11]Sending response for 'RevokeShellAccess' (#43445648) with args <none> ...[EOL]
[2026-09-22T08:30:57.6169798Z][OSG][I][OsalACL.Requests.OsalRequestSenderService][11]Sending OSAL request message of type 'RevokeShellAccess' ...[EOL]
[2026-09-22T08:30:57.6171651Z][OSG][I][OsalACL.Requests.ZeroMqRequestSender][11]Sending request message on OSAL request socket ...[EOL]
[2026-09-22T08:30:57.6278256Z][OSG][I][OsalACL.Requests.ZeroMqRequestSender][11]Successfully sent request message[EOL]
[2026-09-22T08:30:57.6327476Z][OSG][I][OsalACL.Requests.ZeroMqRequestSender][11]Waiting for response message on OSAL request socket ...[EOL]
[2026-09-22T08:30:57.6382105Z][OSG][I][OsalACL.Responses.ZeroMqEventReceiver][4]Received event message on OSAL subscriber socket[EOL]
[2026-09-22T08:30:57.6387764Z][OSG][I][OsalACL.Responses.Handlers.ShellAccessRevokedHandler][4]Received OSAL event 'ShellAccessRevoked'.[EOL]
[2026-09-22T08:30:57.6809152Z][OSG][I][BusinessLogic.RemoteAccess.RemoteAccessService][27]Handling event 'ShellAccessRevoked' with args TraceContext: '<null>' ...[EOL]
[2026-09-22T08:30:57.6843024Z][OSG][I][OsalACL.Requests.ZeroMqRequestSender][11]Received response message[EOL]
[2026-09-22T08:30:57.6844638Z][OSG][I][OsalACL.Requests.Handlers.RevokeShellAccessCommandHandler][11]Publishing event 'ShellAccessRevoked' with args TraceContext: '00-dd82d13ed26ec30b58a7827c44aa343a-2cc15cc17e6d6ab2-01' ...[EOL]
[2026-09-22T08:30:57.6875502Z][OSG][I][OsalACL.Requests.Handlers.RevokeShellAccessCommandHandler][11]Handling command 'RevokeShellAccess' (#43445648) finished[EOL]
[2026-09-22T08:30:57.7002188Z][OSG][I][OsalACL.Requests.Handlers.StopScreenSharingCommandHandler][11]Handling command 'StopScreenSharing' (#48461982) with args TraceContext: '00-dd82d13ed26ec30b58a7827c44aa343a-2cc15cc17e6d6ab2-01' ...[EOL]
[2026-09-22T08:30:57.7007928Z][OSG][I][OsalACL.Requests.Handlers.StopScreenSharingCommandHandler][11]Sending response for 'StopScreenSharing' (#48461982) with args <none> ...[EOL]
[2026-09-22T08:30:57.7221184Z][OSG][I][OsalACL.Requests.OsalRequestSenderService][25]Sending OSAL request message of type 'StopRemoteScreen' ...[EOL]
[2026-09-22T08:30:57.7246112Z][OSG][I][OsalACL.Requests.ZeroMqRequestSender][25]Sending request message on OSAL request socket ...[EOL]
[2026-09-22T08:30:57.7328051Z][OSG][I][OsalACL.Requests.ZeroMqRequestSender][25]Successfully sent request message[EOL]
[2026-09-22T08:30:57.7329733Z][OSG][I][OsalACL.Requests.ZeroMqRequestSender][25]Waiting for response message on OSAL request socket ...[EOL]
[2026-09-22T08:30:57.9358491Z][OSG][I][OsalACL.Requests.ZeroMqRequestSender][25]Received response message[EOL]
[2026-09-22T08:30:57.9358548Z][OSG][I][OsalACL.Responses.ZeroMqEventReceiver][4]Received event message on OSAL subscriber socket[EOL]
[2026-09-22T08:30:57.9363707Z][OSG][I][OsalACL.Requests.Handlers.StopScreenSharingCommandHandler][25]Publishing event 'ScreenSharingStopped' with args TraceContext: '00-dd82d13ed26ec30b58a7827c44aa343a-2cc15cc17e6d6ab2-01' ...[EOL]
[2026-09-22T08:30:57.9366188Z][OSG][I][OsalACL.Responses.Handlers.RemoteScreenStoppedHandler][4]Received OSAL event 'RemoteScreenStopped'.[EOL]
[2026-09-22T08:30:57.9379984Z][OSG][I][OsalACL.Requests.Handlers.StopScreenSharingCommandHandler][25]Handling command 'StopScreenSharing' (#48461982) finished[EOL]
[2026-09-22T08:30:57.9444670Z][OSG][I][BusinessLogic.RemoteAccess.RemoteAccessService][25]Handling event 'ScreenSharingStopped' with args TraceContext: '<null>' ...[EOL]
[2026-09-22T08:30:57.9462987Z][OSG][I][UnitLifecycle.UnitLifecycleStateMachine][25]Publishing event 'UnitStateChanged' with args OldState: 'Initializing', NewState: 'Operational', TraceContext: '00-dd82d13ed26ec30b58a7827c44aa343a-2cc15cc17e6d6ab2-01' ...[EOL]
[2026-09-22T08:30:57.9467798Z][OSG][I][UnitLifecycle.UnitLifecycleProcessManager][25]Initialization of the unit 'OperatingSystemGateway' with activity id '00-dd82d13ed26ec30b58a7827c44aa343a-2cc15cc17e6d6ab2-01' completed[EOL]
[2026-09-22T08:30:57.9526996Z][OSG][I][BusinessLogic.FileHandling.FileJanitor][11]Starting file cleanup for directory 'shared-data/problem-reports' ...[EOL]
[2026-09-22T08:30:57.9553463Z][OSG][I][BusinessLogic.FileHandling.FileJanitor][11]Found 0 files to remove from directory 'shared-data/problem-reports' ...[EOL]
[2026-09-22T08:30:57.9554327Z][OSG][I][BusinessLogic.FileHandling.FileJanitor][11]Cleanup of directory 'shared-data/problem-reports' finished[EOL]
[2026-09-22T08:30:57.9554539Z][OSG][I][BusinessLogic.FileHandling.FileJanitor][11]Starting file cleanup for directory 'shared-data/screenshots' ...[EOL]
[2026-09-22T08:30:57.9556421Z][OSG][I][BusinessLogic.FileHandling.FileJanitor][11]Found 0 files to remove from directory 'shared-data/screenshots' ...[EOL]
[2026-09-22T08:30:57.9556580Z][OSG][I][BusinessLogic.FileHandling.FileJanitor][11]Cleanup of directory 'shared-data/screenshots' finished[EOL]
[2026-09-22T08:30:57.9556714Z][OSG][I][BusinessLogic.FileHandling.FileJanitor][11]Starting file cleanup for directory 'shared-data/exports' ...[EOL]
[2026-09-22T08:30:57.9561523Z][OSG][I][BusinessLogic.FileHandling.FileJanitor][11]Found 0 files to remove from directory 'shared-data/exports' ...[EOL]
[2026-09-22T08:30:57.9584000Z][OSG][I][BusinessLogic.FileHandling.FileJanitor][11]Cleanup of directory 'shared-data/exports' finished[EOL]
[2026-09-22T08:30:57.9585000Z][OSG][I][BusinessLogic.FileHandling.FileJanitor][11]Starting file cleanup for directory 'shared-data/service-software-checks-reports' ...[EOL]
[2026-09-22T08:30:57.9596350Z][OSG][I][BusinessLogic.FileHandling.FileJanitor][11]Found 0 files to remove from directory 'shared-data/service-software-checks-reports' ...[EOL]
[2026-09-22T08:30:57.9598083Z][OSG][I][BusinessLogic.FileHandling.FileJanitor][11]Cleanup of directory 'shared-data/service-software-checks-reports' finished[EOL]
[2026-09-22T08:30:57.9598759Z][OSG][I][BusinessLogic.FileHandling.FileJanitor][11]Starting file cleanup for directory 'shared-data/service-images' ...[EOL]
[2026-09-22T08:30:57.9613083Z][OSG][I][BusinessLogic.FileHandling.FileJanitor][11]Found 0 files to remove from directory 'shared-data/service-images' ...[EOL]
[2026-09-22T08:30:57.9614986Z][OSG][I][BusinessLogic.FileHandling.FileJanitor][11]Cleanup of directory 'shared-data/service-images' finished[EOL]
[2026-09-22T08:30:57.9625822Z][OSG][I][BusinessLogic.FileHandling.FileJanitor][11]Starting file cleanup for directory 'shared-data/error-images/rack-issues' ...[EOL]
[2026-09-22T08:30:57.9637736Z][OSG][I][BusinessLogic.FileHandling.FileJanitor][11]Found 0 files to remove from directory 'shared-data/error-images/rack-issues' ...[EOL]
[2026-09-22T08:30:57.9638218Z][OSG][I][BusinessLogic.FileHandling.FileJanitor][11]Cleanup of directory 'shared-data/error-images/rack-issues' finished[EOL]
[2026-09-22T08:30:57.9638378Z][OSG][I][BusinessLogic.FileHandling.FileJanitor][11]Starting file cleanup for directory 'shared-data/error-images/tube-issues' ...[EOL]
[2026-09-22T08:30:57.9638794Z][OSG][I][BusinessLogic.FileHandling.FileJanitor][11]Found 0 files to remove from directory 'shared-data/error-images/tube-issues' ...[EOL]
[2026-09-22T08:30:57.9639033Z][OSG][I][BusinessLogic.FileHandling.FileJanitor][11]Cleanup of directory 'shared-data/error-images/tube-issues' finished[EOL]
[2026-09-22T08:30:57.9812974Z][OSG][I][BusinessLogic.FileHandling.FileHandlingService][11]Publishing event 'MonitoredFilesChanged' with args Files: '<empty>', TraceContext: '<null>' ...[EOL]
[2026-09-22T08:30:58.0089252Z][OSG][I][OsalACL.UsbStorageDeviceDiscovery.UsbStorageDeviceDiscoverer][11]Starting discovery of USB storage devices connected to the system ...[EOL]
[2026-09-22T08:30:58.0387830Z][OSG][I][OsalACL.Requests.OsalRequestSenderService][11]Sending OSAL request message of type 'GetUSBStorageList' ...[EOL]
[2026-09-22T08:30:58.0389006Z][OSG][I][OsalACL.Requests.ZeroMqRequestSender][11]Sending request message on OSAL request socket ...[EOL]
[2026-09-22T08:30:58.0389736Z][OSG][I][OsalACL.Requests.ZeroMqRequestSender][11]Successfully sent request message[EOL]
[2026-09-22T08:30:58.0389865Z][OSG][I][OsalACL.Requests.ZeroMqRequestSender][11]Waiting for response message on OSAL request socket ...[EOL]
[2026-09-22T08:30:58.0863732Z][OSG][I][OsalACL.Requests.ZeroMqRequestSender][11]Received response message[EOL]
[2026-09-22T08:30:58.0883742Z][OSG][I][OsalACL.UsbStorageDeviceDiscovery.UsbStorageDeviceDiscoverer][11]Received OSAL event 'USBStorageList' for job ID '0' with '0' devices[EOL]
[2026-09-22T08:30:58.0887584Z][OSG][I][OsalACL.UsbStorageDeviceDiscovery.UsbStorageDeviceDiscoverer][11]Finished discovery of USB storage devices connected to the system. Found '0' devices.[EOL]
[2026-09-22T08:30:58.0938652Z][OSG][I][OsalACL.Requests.Handlers.CheckSoftwareIntegrityRequestHandler][11]Handling request 'CheckSoftwareIntegrity' (#52761533) with args TraceContext: '<null>' ...[EOL]
[2026-09-22T08:30:58.0975922Z][OSG][I][OsalACL.Requests.OsalRequestSenderService][11]Sending OSAL request message of type 'CheckSoftwareIntegrity' ...[EOL]
[2026-09-22T08:30:58.0977475Z][OSG][I][OsalACL.Requests.ZeroMqRequestSender][11]Sending request message on OSAL request socket ...[EOL]
[2026-09-22T08:30:58.0978688Z][OSG][I][OsalACL.Requests.ZeroMqRequestSender][11]Successfully sent request message[EOL]
[2026-09-22T08:30:58.0978959Z][OSG][I][OsalACL.Requests.ZeroMqRequestSender][11]Waiting for response message on OSAL request socket ...[EOL]
[2026-09-22T08:30:58.1039416Z][OSG][I][OsalACL.Requests.ZeroMqRequestSender][11]Received response message[EOL]
[2026-09-22T08:30:58.1046186Z][OSG][I][OsalACL.Requests.OsalRequestSenderService][11]Received OSAL response message for asynchronous request with job ID '1'[EOL]
[2026-09-22T08:30:58.6368595Z][OSG][I][BusinessLogic.RemoteAccess.DisableRemoteAccessCommandHandler][11]Handling command 'DisableRemoteAccess' (#46014440) with args TraceContext: '00-709e7cf2a19d8630a62506bddf3f2f55-011178310dc9abd1-01' ...[EOL]
[2026-09-22T08:30:58.6375514Z][OSG][I][BusinessLogic.RemoteAccess.DisableRemoteAccessCommandHandler][11]Sending response for 'DisableRemoteAccess' (#46014440) with args <none> ...[EOL]
[2026-09-22T08:30:58.6553815Z][OSG][I][OsalACL.Requests.Handlers.RevokeMaintenanceWebAccessCommandHandler][11]Handling command 'RevokeMaintenanceWebAccess' (#40115087) with args TraceContext: '00-709e7cf2a19d8630a62506bddf3f2f55-011178310dc9abd1-01' ...[EOL]
[2026-09-22T08:30:58.6603852Z][OSG][I][OsalACL.Requests.Handlers.RevokeMaintenanceWebAccessCommandHandler][11]Sending response for 'RevokeMaintenanceWebAccess' (#40115087) with args <none> ...[EOL]
[2026-09-22T08:30:58.6605240Z][OSG][I][OsalACL.Requests.OsalRequestSenderService][27]Sending OSAL request message of type 'RevokeMaintenanceWebAccess' ...[EOL]
[2026-09-22T08:30:58.6606648Z][OSG][I][OsalACL.Requests.ZeroMqRequestSender][27]Sending request message on OSAL request socket ...[EOL]
[2026-09-22T08:30:58.6608066Z][OSG][I][OsalACL.Requests.ZeroMqRequestSender][27]Successfully sent request message[EOL]
[2026-09-22T08:30:58.6608231Z][OSG][I][OsalACL.Requests.ZeroMqRequestSender][27]Waiting for response message on OSAL request socket ...[EOL]
[2026-09-22T08:30:58.6705041Z][OSG][I][OsalACL.Requests.ZeroMqRequestSender][27]Received response message[EOL]
[2026-09-22T08:30:58.6705870Z][OSG][I][OsalACL.Responses.ZeroMqEventReceiver][4]Received event message on OSAL subscriber socket[EOL]
[2026-09-22T08:30:58.6708029Z][OSG][I][OsalACL.Responses.Handlers.MaintenanceWebAccessRevokedHandler][4]Received OSAL event 'MaintenanceWebAccessRevoked'.[EOL]
[2026-09-22T08:30:58.6709262Z][OSG][I][OsalACL.Requests.Handlers.RevokeMaintenanceWebAccessCommandHandler][27]Publishing event 'MaintenanceWebAccessRevoked' with args TraceContext: '00-709e7cf2a19d8630a62506bddf3f2f55-011178310dc9abd1-01' ...[EOL]
[2026-09-22T08:30:58.6712130Z][OSG][I][OsalACL.Requests.Handlers.RevokeMaintenanceWebAccessCommandHandler][27]Handling command 'RevokeMaintenanceWebAccess' (#40115087) finished[EOL]
[2026-09-22T08:30:58.6739143Z][OSG][I][OsalACL.Requests.Handlers.RevokeShellAccessCommandHandler][11]Handling command 'RevokeShellAccess' (#19482247) with args TraceContext: '00-709e7cf2a19d8630a62506bddf3f2f55-011178310dc9abd1-01' ...[EOL]
[2026-09-22T08:30:58.6740200Z][OSG][I][OsalACL.Requests.Handlers.RevokeShellAccessCommandHandler][11]Sending response for 'RevokeShellAccess' (#19482247) with args <none> ...[EOL]
[2026-09-22T08:30:58.6742232Z][OSG][I][OsalACL.Requests.OsalRequestSenderService][11]Sending OSAL request message of type 'RevokeShellAccess' ...[EOL]
[2026-09-22T08:30:58.6742464Z][OSG][I][OsalACL.Requests.ZeroMqRequestSender][11]Sending request message on OSAL request socket ...[EOL]
[2026-09-22T08:30:58.6743050Z][OSG][I][OsalACL.Requests.ZeroMqRequestSender][11]Successfully sent request message[EOL]
[2026-09-22T08:30:58.6743151Z][OSG][I][OsalACL.Requests.ZeroMqRequestSender][11]Waiting for response message on OSAL request socket ...[EOL]
[2026-09-22T08:30:58.6760678Z][OSG][I][OsalACL.Requests.ZeroMqRequestSender][11]Received response message[EOL]
[2026-09-22T08:30:58.6764324Z][OSG][I][OsalACL.Responses.ZeroMqEventReceiver][4]Received event message on OSAL subscriber socket[EOL]
[2026-09-22T08:30:58.6767143Z][OSG][I][OsalACL.Responses.Handlers.ShellAccessRevokedHandler][4]Received OSAL event 'ShellAccessRevoked'.[EOL]
[2026-09-22T08:30:58.6787028Z][OSG][I][OsalACL.Requests.Handlers.RevokeShellAccessCommandHandler][11]Publishing event 'ShellAccessRevoked' with args TraceContext: '00-709e7cf2a19d8630a62506bddf3f2f55-011178310dc9abd1-01' ...[EOL]
[2026-09-22T08:30:58.6788706Z][OSG][I][OsalACL.Requests.Handlers.RevokeShellAccessCommandHandler][11]Handling command 'RevokeShellAccess' (#19482247) finished[EOL]
[2026-09-22T08:30:58.9689569Z][OSG][I][OsalACL.Requests.Handlers.StopScreenSharingCommandHandler][24]Handling command 'StopScreenSharing' (#40923024) with args TraceContext: '00-709e7cf2a19d8630a62506bddf3f2f55-011178310dc9abd1-01' ...[EOL]
[2026-09-22T08:30:58.9692041Z][OSG][I][OsalACL.Requests.Handlers.StopScreenSharingCommandHandler][24]Sending response for 'StopScreenSharing' (#40923024) with args <none> ...[EOL]
[2026-09-22T08:30:58.9696727Z][OSG][I][OsalACL.Requests.OsalRequestSenderService][24]Sending OSAL request message of type 'StopRemoteScreen' ...[EOL]
[2026-09-22T08:30:58.9698440Z][OSG][I][OsalACL.Requests.ZeroMqRequestSender][24]Sending request message on OSAL request socket ...[EOL]
[2026-09-22T08:30:58.9699353Z][OSG][I][OsalACL.Requests.ZeroMqRequestSender][24]Successfully sent request message[EOL]
[2026-09-22T08:30:58.9700204Z][OSG][I][OsalACL.Requests.ZeroMqRequestSender][24]Waiting for response message on OSAL request socket ...[EOL]
[2026-09-22T08:30:59.0293376Z][OSG][I][OsalACL.Requests.ZeroMqRequestSender][24]Received response message[EOL]
[2026-09-22T08:30:59.0294091Z][OSG][I][OsalACL.Responses.ZeroMqEventReceiver][4]Received event message on OSAL subscriber socket[EOL]
[2026-09-22T08:30:59.0298912Z][OSG][I][OsalACL.Responses.Handlers.RemoteScreenStoppedHandler][4]Received OSAL event 'RemoteScreenStopped'.[EOL]
[2026-09-22T08:30:59.0299563Z][OSG][I][OsalACL.Requests.Handlers.StopScreenSharingCommandHandler][24]Publishing event 'ScreenSharingStopped' with args TraceContext: '00-709e7cf2a19d8630a62506bddf3f2f55-011178310dc9abd1-01' ...[EOL]
[2026-09-22T08:30:59.0301169Z][OSG][I][OsalACL.Requests.Handlers.StopScreenSharingCommandHandler][24]Handling command 'StopScreenSharing' (#40923024) finished[EOL]
[2026-09-22T08:30:59.0372069Z][OSG][I][BusinessLogic.RemoteAccess.DisableRemoteAccessCommandHandler][25]Handling command 'DisableRemoteAccess' (#46014440) finished[EOL]
[2026-09-22T08:31:44.1883189Z][OSG][I][BusinessLogic.LoadAverageGathering.LoadAverageGatherer][11]Avg CPU usage (1 Min): 24.47, Avg CPU usage (5 Min): 17.91, Avg CPU usage (15 Min): 7.38, Running processes: 6, Total processes: 4157 Memory used: 5279 MB[EOL]
[2026-09-22T08:31:44.1886314Z][OSG][I][BusinessLogic.LoadAverageGathering.LoadAverageGatherer][11]Publishing event 'LoadAverageGathered' with args LoadAverage: '24.47', MemoryUsed: '5279', TraceContext: '<null>' ...[EOL]
[2026-09-22T08:31:59.1308113Z][OSG][I][OsalACL.Responses.ZeroMqEventReceiver][4]Received event message on OSAL subscriber socket[EOL]
[2026-09-22T08:31:59.1439701Z][OSG][I][OsalACL.Requests.Handlers.CheckSoftwareIntegrityRequestHandler][27]Sending response for 'CheckSoftwareIntegrity' (#52761533) with args SoftwareIntegrityResult: 'Passed: 'False', Messages: 'I: Verifying signature: aide, Error: Signature is not valid, E: Signature invalid: aide, I: Verifying signature: debian packages list, Error: Signature is not valid, E: Signature invalid: debian packages list, I: Verifying integrity: debian package checksums, debsums: missing file /opt/roche/home/java/openlogic-openjdk-jre-17.0.10+7-linux-x64.tar.gz (from newgen-autotesttools package), E: Integrity invalid: debian package checksums'', ErrorMessage: '<null>', Outcome: 'OK' ...[EOL]
[2026-09-22T08:32:44.1886632Z][OSG][I][BusinessLogic.LoadAverageGathering.LoadAverageGatherer][27]Avg CPU usage (1 Min): 11.24, Avg CPU usage (5 Min): 15.37, Avg CPU usage (15 Min): 7.17, Running processes: 1, Total processes: 4162 Memory used: 5302 MB[EOL]
[2026-09-22T08:32:44.1888189Z][OSG][I][BusinessLogic.LoadAverageGathering.LoadAverageGatherer][27]Publishing event 'LoadAverageGathered' with args LoadAverage: '11.24', MemoryUsed: '5302', TraceContext: '<null>' ...[EOL]
[2026-09-22T08:33:44.1910983Z][OSG][I][BusinessLogic.LoadAverageGathering.LoadAverageGatherer][30]Avg CPU usage (1 Min): 5.38, Avg CPU usage (5 Min): 12.91, Avg CPU usage (15 Min): 6.84, Running processes: 1, Total processes: 4138 Memory used: 5376 MB[EOL]
[2026-09-22T08:33:44.1914765Z][OSG][I][BusinessLogic.LoadAverageGathering.LoadAverageGatherer][30]Publishing event 'LoadAverageGathered' with args LoadAverage: '5.38', MemoryUsed: '5376', TraceContext: '<null>' ...[EOL]
[2026-09-22T08:34:42.6930086Z][OSG][I][BusinessLogic.DiskMonitoring.DiskMonitoringTimer][3]Publishing event 'DiskMonitorTimerElapsed' with args TraceContext: '<null>' ...[EOL]
[2026-09-22T08:34:42.6954575Z][OSG][I][BusinessLogic.DiskMonitoring.MessageHandler][3]Handling event 'DiskMonitorTimerElapsed' with args TraceContext: '<null>' ...[EOL]
[2026-09-22T08:34:42.7197695Z][OSG][I][OsalACL.Requests.Handlers.GetDiskFreeListRequestHandler][27]Handling request 'GetDiskFreeList' (#33419202) with args TraceContext: '<null>' ...[EOL]
[2026-09-22T08:34:42.7202948Z][OSG][I][OsalACL.Requests.OsalRequestSenderService][27]Sending OSAL request message of type 'GetDiskFreeList' ...[EOL]
[2026-09-22T08:34:42.7204620Z][OSG][I][OsalACL.Requests.ZeroMqRequestSender][27]Sending request message on OSAL request socket ...[EOL]
[2026-09-22T08:34:42.7214118Z][OSG][I][OsalACL.Requests.ZeroMqRequestSender][27]Successfully sent request message[EOL]
[2026-09-22T08:34:42.7214791Z][OSG][I][OsalACL.Requests.ZeroMqRequestSender][27]Waiting for response message on OSAL request socket ...[EOL]
[2026-09-22T08:34:42.7871803Z][OSG][I][OsalACL.Requests.ZeroMqRequestSender][27]Received response message[EOL]
[2026-09-22T08:34:42.7922658Z][OSG][I][OsalACL.Requests.Handlers.GetDiskFreeListRequestHandler][27]Sending response for 'GetDiskFreeList' (#33419202) with args Disks: ''Device: '/dev/sda2', MountPoint: '/', SizeTotal: '10737418240', SizeUsed: '1707286528', SizeFree: '9030131712', FileSystemType: 'btrfs', Uuid: '9367830a-c9e5-4bbb-824d-e8252e0bb934', Label: ''', 'Device: '/dev/sda1', MountPoint: '/boot/efi', SizeTotal: '535801856', SizeUsed: '299008', SizeFree: '535502848', FileSystemType: 'vfat', Uuid: '15E6-8E7B', Label: ''', 'Device: '/dev/sda2', MountPoint: '/mnt/tmp', SizeTotal: '32212254720', SizeUsed: '49152', SizeFree: '32212205568', FileSystemType: 'btrfs', Uuid: '9367830a-c9e5-4bbb-824d-e8252e0bb934', Label: ''', 'Device: '/dev/sda2', MountPoint: '/opt', SizeTotal: '21474836480', SizeUsed: '4026101760', SizeFree: '17448734720', FileSystemType: 'btrfs', Uuid: '9367830a-c9e5-4bbb-824d-e8252e0bb934', Label: ''', 'Device: '/dev/sda2', MountPoint: '/mnt/data', SizeTotal: '118111600640', SizeUsed: '65892352', SizeFree: '118045708288', FileSystemType: 'btrfs', Uuid: '9367830a-c9e5-4bbb-824d-e8252e0bb934', Label: '''', ErrorMessage: '<null>', Outcome: 'OK' ...[EOL]
[2026-09-22T08:34:44.1907761Z][OSG][I][BusinessLogic.LoadAverageGathering.LoadAverageGatherer][27]Avg CPU usage (1 Min): 5.77, Avg CPU usage (5 Min): 11.58, Avg CPU usage (15 Min): 6.75, Running processes: 6, Total processes: 4140 Memory used: 5359 MB[EOL]
[2026-09-22T08:34:44.1917405Z][OSG][I][BusinessLogic.LoadAverageGathering.LoadAverageGatherer][27]Publishing event 'LoadAverageGathered' with args LoadAverage: '5.77', MemoryUsed: '5359', TraceContext: '<null>' ...[EOL]
[2026-09-22T08:35:44.1910374Z][OSG][I][BusinessLogic.LoadAverageGathering.LoadAverageGatherer][34]Avg CPU usage (1 Min): 7.44, Avg CPU usage (5 Min): 10.92, Avg CPU usage (15 Min): 6.82, Running processes: 3, Total processes: 4143 Memory used: 5375 MB[EOL]
[2026-09-22T08:35:44.1914829Z][OSG][I][BusinessLogic.LoadAverageGathering.LoadAverageGatherer][34]Publishing event 'LoadAverageGathered' with args LoadAverage: '7.44', MemoryUsed: '5375', TraceContext: '<null>' ...[EOL]
[2026-09-22T08:36:44.1898925Z][OSG][I][BusinessLogic.LoadAverageGathering.LoadAverageGatherer][3]Avg CPU usage (1 Min): 5.90, Avg CPU usage (5 Min): 9.87, Avg CPU usage (15 Min): 6.71, Running processes: 2, Total processes: 4135 Memory used: 5384 MB[EOL]
[2026-09-22T08:36:44.1903235Z][OSG][I][BusinessLogic.LoadAverageGathering.LoadAverageGatherer][3]Publishing event 'LoadAverageGathered' with args LoadAverage: '5.9', MemoryUsed: '5384', TraceContext: '<null>' ...[EOL]
[2026-09-22T08:37:44.1891838Z][OSG][I][BusinessLogic.LoadAverageGathering.LoadAverageGatherer][3]Avg CPU usage (1 Min): 3.53, Avg CPU usage (5 Min): 8.52, Avg CPU usage (15 Min): 6.45, Running processes: 3, Total processes: 4140 Memory used: 5375 MB[EOL]
[2026-09-22T08:37:44.1897026Z][OSG][I][BusinessLogic.LoadAverageGathering.LoadAverageGatherer][3]Publishing event 'LoadAverageGathered' with args LoadAverage: '3.53', MemoryUsed: '5375', TraceContext: '<null>' ...[EOL]
[2026-09-22T08:38:44.1863222Z][OSG][I][BusinessLogic.LoadAverageGathering.LoadAverageGatherer][36]Avg CPU usage (1 Min): 2.52, Avg CPU usage (5 Min): 7.31, Avg CPU usage (15 Min): 6.16, Running processes: 4, Total processes: 4138 Memory used: 5395 MB[EOL]
[2026-09-22T08:38:44.1865185Z][OSG][I][BusinessLogic.LoadAverageGathering.LoadAverageGatherer][36]Publishing event 'LoadAverageGathered' with args LoadAverage: '2.52', MemoryUsed: '5395', TraceContext: '<null>' ...[EOL]
[2026-09-22T08:39:42.6932545Z][OSG][I][BusinessLogic.DiskMonitoring.DiskMonitoringTimer][35]Publishing event 'DiskMonitorTimerElapsed' with args TraceContext: '<null>' ...[EOL]
[2026-09-22T08:39:42.6967637Z][OSG][I][BusinessLogic.DiskMonitoring.MessageHandler][35]Handling event 'DiskMonitorTimerElapsed' with args TraceContext: '<null>' ...[EOL]
[2026-09-22T08:39:42.6987324Z][OSG][I][OsalACL.Requests.Handlers.GetDiskFreeListRequestHandler][37]Handling request 'GetDiskFreeList' (#6914232) with args TraceContext: '<null>' ...[EOL]
[2026-09-22T08:39:42.6990810Z][OSG][I][OsalACL.Requests.OsalRequestSenderService][37]Sending OSAL request message of type 'GetDiskFreeList' ...[EOL]
[2026-09-22T08:39:42.6991213Z][OSG][I][OsalACL.Requests.ZeroMqRequestSender][37]Sending request message on OSAL request socket ...[EOL]
[2026-09-22T08:39:42.6997584Z][OSG][I][OsalACL.Requests.ZeroMqRequestSender][37]Successfully sent request message[EOL]
[2026-09-22T08:39:42.6998304Z][OSG][I][OsalACL.Requests.ZeroMqRequestSender][37]Waiting for response message on OSAL request socket ...[EOL]
[2026-09-22T08:39:42.7740239Z][OSG][I][OsalACL.Requests.ZeroMqRequestSender][37]Received response message[EOL]
[2026-09-22T08:39:42.7759294Z][OSG][I][OsalACL.Requests.Handlers.GetDiskFreeListRequestHandler][37]Sending response for 'GetDiskFreeList' (#6914232) with args Disks: ''Device: '/dev/sda2', MountPoint: '/', SizeTotal: '10737418240', SizeUsed: '1707278336', SizeFree: '9030139904', FileSystemType: 'btrfs', Uuid: '9367830a-c9e5-4bbb-824d-e8252e0bb934', Label: ''', 'Device: '/dev/sda1', MountPoint: '/boot/efi', SizeTotal: '535801856', SizeUsed: '299008', SizeFree: '535502848', FileSystemType: 'vfat', Uuid: '15E6-8E7B', Label: ''', 'Device: '/dev/sda2', MountPoint: '/mnt/tmp', SizeTotal: '32212254720', SizeUsed: '49152', SizeFree: '32212205568', FileSystemType: 'btrfs', Uuid: '9367830a-c9e5-4bbb-824d-e8252e0bb934', Label: ''', 'Device: '/dev/sda2', MountPoint: '/opt', SizeTotal: '21474836480', SizeUsed: '4026695680', SizeFree: '17448140800', FileSystemType: 'btrfs', Uuid: '9367830a-c9e5-4bbb-824d-e8252e0bb934', Label: ''', 'Device: '/dev/sda2', MountPoint: '/mnt/data', SizeTotal: '118111600640', SizeUsed: '69464064', SizeFree: '118042136576', FileSystemType: 'btrfs', Uuid: '9367830a-c9e5-4bbb-824d-e8252e0bb934', Label: '''', ErrorMessage: '<null>', Outcome: 'OK' ...[EOL]
[2026-09-22T08:39:44.1874502Z][OSG][I][BusinessLogic.LoadAverageGathering.LoadAverageGatherer][39]Avg CPU usage (1 Min): 2.45, Avg CPU usage (5 Min): 6.39, Avg CPU usage (15 Min): 5.91, Running processes: 2, Total processes: 4136 Memory used: 5383 MB[EOL]
[2026-09-22T08:39:44.1876544Z][OSG][I][BusinessLogic.LoadAverageGathering.LoadAverageGatherer][39]Publishing event 'LoadAverageGathered' with args LoadAverage: '2.45', MemoryUsed: '5383', TraceContext: '<null>' ...[EOL]
[2026-09-22T08:40:44.1899205Z][OSG][I][BusinessLogic.LoadAverageGathering.LoadAverageGatherer][37]Avg CPU usage (1 Min): 1.95, Avg CPU usage (5 Min): 5.53, Avg CPU usage (15 Min): 5.65, Running processes: 3, Total processes: 4133 Memory used: 5390 MB[EOL]
[2026-09-22T08:40:44.1902531Z][OSG][I][BusinessLogic.LoadAverageGathering.LoadAverageGatherer][37]Publishing event 'LoadAverageGathered' with args LoadAverage: '1.95', MemoryUsed: '5390', TraceContext: '<null>' ...[EOL]
[2026-09-22T08:41:44.1874789Z][OSG][I][BusinessLogic.LoadAverageGathering.LoadAverageGatherer][38]Avg CPU usage (1 Min): 2.60, Avg CPU usage (5 Min): 5.07, Avg CPU usage (15 Min): 5.48, Running processes: 4, Total processes: 4134 Memory used: 5409 MB[EOL]
[2026-09-22T08:41:44.1876087Z][OSG][I][BusinessLogic.LoadAverageGathering.LoadAverageGatherer][38]Publishing event 'LoadAverageGathered' with args LoadAverage: '2.6', MemoryUsed: '5409', TraceContext: '<null>' ...[EOL]
[2026-09-22T08:42:44.1873363Z][OSG][I][BusinessLogic.LoadAverageGathering.LoadAverageGatherer][37]Avg CPU usage (1 Min): 2.17, Avg CPU usage (5 Min): 4.47, Avg CPU usage (15 Min): 5.24, Running processes: 1, Total processes: 4128 Memory used: 5429 MB[EOL]
[2026-09-22T08:42:44.1875550Z][OSG][I][BusinessLogic.LoadAverageGathering.LoadAverageGatherer][37]Publishing event 'LoadAverageGathered' with args LoadAverage: '2.17', MemoryUsed: '5429', TraceContext: '<null>' ...[EOL]
[2026-09-22T08:43:44.1938336Z][OSG][I][BusinessLogic.LoadAverageGathering.LoadAverageGatherer][42]Avg CPU usage (1 Min): 4.59, Avg CPU usage (5 Min): 4.75, Avg CPU usage (15 Min): 5.29, Running processes: 2, Total processes: 4140 Memory used: 5417 MB[EOL]
[2026-09-22T08:43:44.1943017Z][OSG][I][BusinessLogic.LoadAverageGathering.LoadAverageGatherer][42]Publishing event 'LoadAverageGathered' with args LoadAverage: '4.59', MemoryUsed: '5417', TraceContext: '<null>' ...[EOL]
[2026-09-22T08:44:42.6954942Z][OSG][I][BusinessLogic.DiskMonitoring.DiskMonitoringTimer][43]Publishing event 'DiskMonitorTimerElapsed' with args TraceContext: '<null>' ...[EOL]
[2026-09-22T08:44:42.6991367Z][OSG][I][BusinessLogic.DiskMonitoring.MessageHandler][42]Handling event 'DiskMonitorTimerElapsed' with args TraceContext: '<null>' ...[EOL]
[2026-09-22T08:44:42.7384561Z][OSG][I][OsalACL.Requests.Handlers.GetDiskFreeListRequestHandler][45]Handling request 'GetDiskFreeList' (#36217125) with args TraceContext: '<null>' ...[EOL]
[2026-09-22T08:44:42.7395907Z][OSG][I][OsalACL.Requests.OsalRequestSenderService][45]Sending OSAL request message of type 'GetDiskFreeList' ...[EOL]
[2026-09-22T08:44:42.7396502Z][OSG][I][OsalACL.Requests.ZeroMqRequestSender][45]Sending request message on OSAL request socket ...[EOL]
[2026-09-22T08:44:42.7397874Z][OSG][I][OsalACL.Requests.ZeroMqRequestSender][45]Successfully sent request message[EOL]
[2026-09-22T08:44:42.7398032Z][OSG][I][OsalACL.Requests.ZeroMqRequestSender][45]Waiting for response message on OSAL request socket ...[EOL]
[2026-09-22T08:44:42.7852166Z][OSG][I][OsalACL.Requests.ZeroMqRequestSender][45]Received response message[EOL]
[2026-09-22T08:44:42.7862162Z][OSG][I][OsalACL.Requests.Handlers.GetDiskFreeListRequestHandler][45]Sending response for 'GetDiskFreeList' (#36217125) with args Disks: ''Device: '/dev/sda2', MountPoint: '/', SizeTotal: '10737418240', SizeUsed: '1707294720', SizeFree: '9030123520', FileSystemType: 'btrfs', Uuid: '9367830a-c9e5-4bbb-824d-e8252e0bb934', Label: ''', 'Device: '/dev/sda1', MountPoint: '/boot/efi', SizeTotal: '535801856', SizeUsed: '299008', SizeFree: '535502848', FileSystemType: 'vfat', Uuid: '15E6-8E7B', Label: ''', 'Device: '/dev/sda2', MountPoint: '/mnt/tmp', SizeTotal: '32212254720', SizeUsed: '49152', SizeFree: '32212205568', FileSystemType: 'btrfs', Uuid: '9367830a-c9e5-4bbb-824d-e8252e0bb934', Label: ''', 'Device: '/dev/sda2', MountPoint: '/opt', SizeTotal: '21474836480', SizeUsed: '4027219968', SizeFree: '17447616512', FileSystemType: 'btrfs', Uuid: '9367830a-c9e5-4bbb-824d-e8252e0bb934', Label: ''', 'Device: '/dev/sda2', MountPoint: '/mnt/data', SizeTotal: '118111600640', SizeUsed: '72085504', SizeFree: '118039515136', FileSystemType: 'btrfs', Uuid: '9367830a-c9e5-4bbb-824d-e8252e0bb934', Label: '''', ErrorMessage: '<null>', Outcome: 'OK' ...[EOL]
[2026-09-22T08:44:44.1931814Z][OSG][I][BusinessLogic.LoadAverageGathering.LoadAverageGatherer][43]Avg CPU usage (1 Min): 3.20, Avg CPU usage (5 Min): 4.43, Avg CPU usage (15 Min): 5.15, Running processes: 1, Total processes: 4131 Memory used: 5424 MB[EOL]
[2026-09-22T08:44:44.1933791Z][OSG][I][BusinessLogic.LoadAverageGathering.LoadAverageGatherer][43]Publishing event 'LoadAverageGathered' with args LoadAverage: '3.2', MemoryUsed: '5424', TraceContext: '<null>' ...[EOL]
[2026-09-22T08:45:44.1857749Z][OSG][I][BusinessLogic.LoadAverageGathering.LoadAverageGatherer][40]Avg CPU usage (1 Min): 2.21, Avg CPU usage (5 Min): 3.92, Avg CPU usage (15 Min): 4.93, Running processes: 3, Total processes: 4137 Memory used: 5428 MB[EOL]
[2026-09-22T08:45:44.1858865Z][OSG][I][BusinessLogic.LoadAverageGathering.LoadAverageGatherer][40]Publishing event 'LoadAverageGathered' with args LoadAverage: '2.21', MemoryUsed: '5428', TraceContext: '<null>' ...[EOL]
[2026-09-22T08:46:44.1886253Z][OSG][I][BusinessLogic.LoadAverageGathering.LoadAverageGatherer][46]Avg CPU usage (1 Min): 2.92, Avg CPU usage (5 Min): 3.79, Avg CPU usage (15 Min): 4.82, Running processes: 2, Total processes: 4135 Memory used: 5434 MB[EOL]
[2026-09-22T08:46:44.1888133Z][OSG][I][BusinessLogic.LoadAverageGathering.LoadAverageGatherer][46]Publishing event 'LoadAverageGathered' with args LoadAverage: '2.92', MemoryUsed: '5434', TraceContext: '<null>' ...[EOL]
[2026-09-22T08:47:44.1865574Z][OSG][I][BusinessLogic.LoadAverageGathering.LoadAverageGatherer][49]Avg CPU usage (1 Min): 4.23, Avg CPU usage (5 Min): 3.85, Avg CPU usage (15 Min): 4.76, Running processes: 4, Total processes: 4134 Memory used: 5447 MB[EOL]
[2026-09-22T08:47:44.1870933Z][OSG][I][BusinessLogic.LoadAverageGathering.LoadAverageGatherer][49]Publishing event 'LoadAverageGathered' with args LoadAverage: '4.23', MemoryUsed: '5447', TraceContext: '<null>' ...[EOL]
[2026-09-22T08:48:44.1864393Z][OSG][I][BusinessLogic.LoadAverageGathering.LoadAverageGatherer][46]Avg CPU usage (1 Min): 2.16, Avg CPU usage (5 Min): 3.32, Avg CPU usage (15 Min): 4.52, Running processes: 1, Total processes: 4129 Memory used: 5455 MB[EOL]
[2026-09-22T08:48:44.1926571Z][OSG][I][BusinessLogic.LoadAverageGathering.LoadAverageGatherer][46]Publishing event 'LoadAverageGathered' with args LoadAverage: '2.16', MemoryUsed: '5455', TraceContext: '<null>' ...[EOL]
[2026-09-22T08:49:42.6944836Z][OSG][I][BusinessLogic.DiskMonitoring.DiskMonitoringTimer][46]Publishing event 'DiskMonitorTimerElapsed' with args TraceContext: '<null>' ...[EOL]
[2026-09-22T08:49:42.6967065Z][OSG][I][BusinessLogic.DiskMonitoring.MessageHandler][46]Handling event 'DiskMonitorTimerElapsed' with args TraceContext: '<null>' ...[EOL]
[2026-09-22T08:49:42.6981156Z][OSG][I][OsalACL.Requests.Handlers.GetDiskFreeListRequestHandler][44]Handling request 'GetDiskFreeList' (#39621336) with args TraceContext: '<null>' ...[EOL]
[2026-09-22T08:49:42.6983321Z][OSG][I][OsalACL.Requests.OsalRequestSenderService][44]Sending OSAL request message of type 'GetDiskFreeList' ...[EOL]
[2026-09-22T08:49:42.6983725Z][OSG][I][OsalACL.Requests.ZeroMqRequestSender][44]Sending request message on OSAL request socket ...[EOL]
[2026-09-22T08:49:42.6984707Z][OSG][I][OsalACL.Requests.ZeroMqRequestSender][44]Successfully sent request message[EOL]
[2026-09-22T08:49:42.6985063Z][OSG][I][OsalACL.Requests.ZeroMqRequestSender][44]Waiting for response message on OSAL request socket ...[EOL]
[2026-09-22T08:49:42.7450018Z][OSG][I][OsalACL.Requests.ZeroMqRequestSender][44]Received response message[EOL]
[2026-09-22T08:49:42.7454220Z][OSG][I][OsalACL.Requests.Handlers.GetDiskFreeListRequestHandler][44]Sending response for 'GetDiskFreeList' (#39621336) with args Disks: ''Device: '/dev/sda2', MountPoint: '/', SizeTotal: '10737418240', SizeUsed: '1707294720', SizeFree: '9030123520', FileSystemType: 'btrfs', Uuid: '9367830a-c9e5-4bbb-824d-e8252e0bb934', Label: ''', 'Device: '/dev/sda1', MountPoint: '/boot/efi', SizeTotal: '535801856', SizeUsed: '299008', SizeFree: '535502848', FileSystemType: 'vfat', Uuid: '15E6-8E7B', Label: ''', 'Device: '/dev/sda2', MountPoint: '/mnt/tmp', SizeTotal: '32212254720', SizeUsed: '49152', SizeFree: '32212205568', FileSystemType: 'btrfs', Uuid: '9367830a-c9e5-4bbb-824d-e8252e0bb934', Label: ''', 'Device: '/dev/sda2', MountPoint: '/opt', SizeTotal: '21474836480', SizeUsed: '4027850752', SizeFree: '17446985728', FileSystemType: 'btrfs', Uuid: '9367830a-c9e5-4bbb-824d-e8252e0bb934', Label: ''', 'Device: '/dev/sda2', MountPoint: '/mnt/data', SizeTotal: '118111600640', SizeUsed: '75534336', SizeFree: '118036066304', FileSystemType: 'btrfs', Uuid: '9367830a-c9e5-4bbb-824d-e8252e0bb934', Label: '''', ErrorMessage: '<null>', Outcome: 'OK' ...[EOL]
[2026-09-22T08:49:44.1879656Z][OSG][I][BusinessLogic.LoadAverageGathering.LoadAverageGatherer][40]Avg CPU usage (1 Min): 3.45, Avg CPU usage (5 Min): 3.44, Avg CPU usage (15 Min): 4.49, Running processes: 2, Total processes: 4131 Memory used: 5465 MB[EOL]
[2026-09-22T08:49:44.1881215Z][OSG][I][BusinessLogic.LoadAverageGathering.LoadAverageGatherer][40]Publishing event 'LoadAverageGathered' with args LoadAverage: '3.45', MemoryUsed: '5465', TraceContext: '<null>' ...[EOL]
[2026-09-22T08:50:44.1873796Z][OSG][I][BusinessLogic.LoadAverageGathering.LoadAverageGatherer][40]Avg CPU usage (1 Min): 4.39, Avg CPU usage (5 Min): 3.91, Avg CPU usage (15 Min): 4.59, Running processes: 1, Total processes: 4133 Memory used: 5468 MB[EOL]
[2026-09-22T08:50:44.1875416Z][OSG][I][BusinessLogic.LoadAverageGathering.LoadAverageGatherer][40]Publishing event 'LoadAverageGathered' with args LoadAverage: '4.39', MemoryUsed: '5468', TraceContext: '<null>' ...[EOL]
[2026-09-22T08:51:44.1883273Z][OSG][I][BusinessLogic.LoadAverageGathering.LoadAverageGatherer][52]Avg CPU usage (1 Min): 5.61, Avg CPU usage (5 Min): 4.32, Avg CPU usage (15 Min): 4.69, Running processes: 1, Total processes: 4134 Memory used: 5463 MB[EOL]
[2026-09-22T08:51:44.1885823Z][OSG][I][BusinessLogic.LoadAverageGathering.LoadAverageGatherer][52]Publishing event 'LoadAverageGathered' with args LoadAverage: '5.61', MemoryUsed: '5463', TraceContext: '<null>' ...[EOL]
[2026-09-22T08:52:44.1883709Z][OSG][I][BusinessLogic.LoadAverageGathering.LoadAverageGatherer][52]Avg CPU usage (1 Min): 2.92, Avg CPU usage (5 Min): 3.81, Avg CPU usage (15 Min): 4.49, Running processes: 2, Total processes: 4131 Memory used: 5468 MB[EOL]
[2026-09-22T08:52:44.1885838Z][OSG][I][BusinessLogic.LoadAverageGathering.LoadAverageGatherer][52]Publishing event 'LoadAverageGathered' with args LoadAverage: '2.92', MemoryUsed: '5468', TraceContext: '<null>' ...[EOL]
[2026-09-22T08:53:44.1860101Z][OSG][I][BusinessLogic.LoadAverageGathering.LoadAverageGatherer][53]Avg CPU usage (1 Min): 3.10, Avg CPU usage (5 Min): 3.67, Avg CPU usage (15 Min): 4.39, Running processes: 4, Total processes: 4132 Memory used: 5493 MB[EOL]
[2026-09-22T08:53:44.1863422Z][OSG][I][BusinessLogic.LoadAverageGathering.LoadAverageGatherer][53]Publishing event 'LoadAverageGathered' with args LoadAverage: '3.1', MemoryUsed: '5493', TraceContext: '<null>' ...[EOL]
[2026-09-22T08:54:42.6969228Z][OSG][I][BusinessLogic.DiskMonitoring.DiskMonitoringTimer][54]Publishing event 'DiskMonitorTimerElapsed' with args TraceContext: '<null>' ...[EOL]
[2026-09-22T08:54:42.6992227Z][OSG][I][BusinessLogic.DiskMonitoring.MessageHandler][54]Handling event 'DiskMonitorTimerElapsed' with args TraceContext: '<null>' ...[EOL]
[2026-09-22T08:54:42.7013988Z][OSG][I][OsalACL.Requests.Handlers.GetDiskFreeListRequestHandler][54]Handling request 'GetDiskFreeList' (#35213441) with args TraceContext: '<null>' ...[EOL]
[2026-09-22T08:54:42.7016388Z][OSG][I][OsalACL.Requests.OsalRequestSenderService][54]Sending OSAL request message of type 'GetDiskFreeList' ...[EOL]
[2026-09-22T08:54:42.7016741Z][OSG][I][OsalACL.Requests.ZeroMqRequestSender][54]Sending request message on OSAL request socket ...[EOL]
[2026-09-22T08:54:42.7018727Z][OSG][I][OsalACL.Requests.ZeroMqRequestSender][54]Successfully sent request message[EOL]
[2026-09-22T08:54:42.7018959Z][OSG][I][OsalACL.Requests.ZeroMqRequestSender][54]Waiting for response message on OSAL request socket ...[EOL]
[2026-09-22T08:54:42.7691237Z][OSG][I][OsalACL.Requests.ZeroMqRequestSender][54]Received response message[EOL]
[2026-09-22T08:54:42.7697136Z][OSG][I][OsalACL.Requests.Handlers.GetDiskFreeListRequestHandler][54]Sending response for 'GetDiskFreeList' (#35213441) with args Disks: ''Device: '/dev/sda2', MountPoint: '/', SizeTotal: '10737418240', SizeUsed: '1707298816', SizeFree: '9030119424', FileSystemType: 'btrfs', Uuid: '9367830a-c9e5-4bbb-824d-e8252e0bb934', Label: ''', 'Device: '/dev/sda1', MountPoint: '/boot/efi', SizeTotal: '535801856', SizeUsed: '299008', SizeFree: '535502848', FileSystemType: 'vfat', Uuid: '15E6-8E7B', Label: ''', 'Device: '/dev/sda2', MountPoint: '/mnt/tmp', SizeTotal: '32212254720', SizeUsed: '49152', SizeFree: '32212205568', FileSystemType: 'btrfs', Uuid: '9367830a-c9e5-4bbb-824d-e8252e0bb934', Label: ''', 'Device: '/dev/sda2', MountPoint: '/opt', SizeTotal: '21474836480', SizeUsed: '4028469248', SizeFree: '17446367232', FileSystemType: 'btrfs', Uuid: '9367830a-c9e5-4bbb-824d-e8252e0bb934', Label: ''', 'Device: '/dev/sda2', MountPoint: '/mnt/data', SizeTotal: '118111600640', SizeUsed: '79101952', SizeFree: '118032498688', FileSystemType: 'btrfs', Uuid: '9367830a-c9e5-4bbb-824d-e8252e0bb934', Label: '''', ErrorMessage: '<null>', Outcome: 'OK' ...[EOL]
[2026-09-22T08:54:44.1853826Z][OSG][I][BusinessLogic.LoadAverageGathering.LoadAverageGatherer][56]Avg CPU usage (1 Min): 4.21, Avg CPU usage (5 Min): 3.95, Avg CPU usage (15 Min): 4.45, Running processes: 2, Total processes: 4135 Memory used: 5494 MB[EOL]
[2026-09-22T08:54:44.1855245Z][OSG][I][BusinessLogic.LoadAverageGathering.LoadAverageGatherer][56]Publishing event 'LoadAverageGathered' with args LoadAverage: '4.21', MemoryUsed: '5494', TraceContext: '<null>' ...[EOL]
[2026-09-22T08:55:44.1865028Z][OSG][I][BusinessLogic.LoadAverageGathering.LoadAverageGatherer][55]Avg CPU usage (1 Min): 3.41, Avg CPU usage (5 Min): 3.88, Avg CPU usage (15 Min): 4.40, Running processes: 2, Total processes: 4133 Memory used: 5519 MB[EOL]
[2026-09-22T08:55:44.1867107Z][OSG][I][BusinessLogic.LoadAverageGathering.LoadAverageGatherer][55]Publishing event 'LoadAverageGathered' with args LoadAverage: '3.41', MemoryUsed: '5519', TraceContext: '<null>' ...[EOL]
[2026-09-22T08:56:44.1873099Z][OSG][I][BusinessLogic.LoadAverageGathering.LoadAverageGatherer][58]Avg CPU usage (1 Min): 5.18, Avg CPU usage (5 Min): 4.12, Avg CPU usage (15 Min): 4.44, Running processes: 1, Total processes: 4136 Memory used: 5523 MB[EOL]
[2026-09-22T08:56:44.1874793Z][OSG][I][BusinessLogic.LoadAverageGathering.LoadAverageGatherer][58]Publishing event 'LoadAverageGathered' with args LoadAverage: '5.18', MemoryUsed: '5523', TraceContext: '<null>' ...[EOL]
[2026-09-22T08:57:44.1866402Z][OSG][I][BusinessLogic.LoadAverageGathering.LoadAverageGatherer][58]Avg CPU usage (1 Min): 4.04, Avg CPU usage (5 Min): 4.02, Avg CPU usage (15 Min): 4.39, Running processes: 2, Total processes: 4131 Memory used: 5521 MB[EOL]
[2026-09-22T08:57:44.1868797Z][OSG][I][BusinessLogic.LoadAverageGathering.LoadAverageGatherer][58]Publishing event 'LoadAverageGathered' with args LoadAverage: '4.04', MemoryUsed: '5521', TraceContext: '<null>' ...[EOL]
[2026-09-22T08:58:44.1868025Z][OSG][I][BusinessLogic.LoadAverageGathering.LoadAverageGatherer][58]Avg CPU usage (1 Min): 3.01, Avg CPU usage (5 Min): 3.75, Avg CPU usage (15 Min): 4.27, Running processes: 1, Total processes: 4136 Memory used: 5540 MB[EOL]
[2026-09-22T08:58:44.1871249Z][OSG][I][BusinessLogic.LoadAverageGathering.LoadAverageGatherer][58]Publishing event 'LoadAverageGathered' with args LoadAverage: '3.01', MemoryUsed: '5540', TraceContext: '<null>' ...[EOL]
[2026-09-22T08:59:42.6934176Z][OSG][I][BusinessLogic.DiskMonitoring.DiskMonitoringTimer][58]Publishing event 'DiskMonitorTimerElapsed' with args TraceContext: '<null>' ...[EOL]
[2026-09-22T08:59:42.6952003Z][OSG][I][BusinessLogic.DiskMonitoring.MessageHandler][61]Handling event 'DiskMonitorTimerElapsed' with args TraceContext: '<null>' ...[EOL]
[2026-09-22T08:59:42.6968214Z][OSG][I][OsalACL.Requests.Handlers.GetDiskFreeListRequestHandler][61]Handling request 'GetDiskFreeList' (#28735298) with args TraceContext: '<null>' ...[EOL]
[2026-09-22T08:59:42.6987718Z][OSG][I][OsalACL.Requests.OsalRequestSenderService][61]Sending OSAL request message of type 'GetDiskFreeList' ...[EOL]
[2026-09-22T08:59:42.6989118Z][OSG][I][OsalACL.Requests.ZeroMqRequestSender][61]Sending request message on OSAL request socket ...[EOL]
[2026-09-22T08:59:42.6990559Z][OSG][I][OsalACL.Requests.ZeroMqRequestSender][61]Successfully sent request message[EOL]
[2026-09-22T08:59:42.6990684Z][OSG][I][OsalACL.Requests.ZeroMqRequestSender][61]Waiting for response message on OSAL request socket ...[EOL]
[2026-09-22T08:59:42.7789931Z][OSG][I][OsalACL.Requests.ZeroMqRequestSender][61]Received response message[EOL]
[2026-09-22T08:59:42.7793353Z][OSG][I][OsalACL.Requests.Handlers.GetDiskFreeListRequestHandler][61]Sending response for 'GetDiskFreeList' (#28735298) with args Disks: ''Device: '/dev/sda2', MountPoint: '/', SizeTotal: '10737418240', SizeUsed: '1707307008', SizeFree: '9030111232', FileSystemType: 'btrfs', Uuid: '9367830a-c9e5-4bbb-824d-e8252e0bb934', Label: ''', 'Device: '/dev/sda1', MountPoint: '/boot/efi', SizeTotal: '535801856', SizeUsed: '299008', SizeFree: '535502848', FileSystemType: 'vfat', Uuid: '15E6-8E7B', Label: ''', 'Device: '/dev/sda2', MountPoint: '/mnt/tmp', SizeTotal: '32212254720', SizeUsed: '49152', SizeFree: '32212205568', FileSystemType: 'btrfs', Uuid: '9367830a-c9e5-4bbb-824d-e8252e0bb934', Label: ''', 'Device: '/dev/sda2', MountPoint: '/opt', SizeTotal: '21474836480', SizeUsed: '4029063168', SizeFree: '17445773312', FileSystemType: 'btrfs', Uuid: '9367830a-c9e5-4bbb-824d-e8252e0bb934', Label: ''', 'Device: '/dev/sda2', MountPoint: '/mnt/data', SizeTotal: '118111600640', SizeUsed: '82546688', SizeFree: '118029053952', FileSystemType: 'btrfs', Uuid: '9367830a-c9e5-4bbb-824d-e8252e0bb934', Label: '''', ErrorMessage: '<null>', Outcome: 'OK' ...[EOL]
[2026-09-22T08:59:44.1863740Z][OSG][I][BusinessLogic.LoadAverageGathering.LoadAverageGatherer][61]Avg CPU usage (1 Min): 2.43, Avg CPU usage (5 Min): 3.46, Avg CPU usage (15 Min): 4.14, Running processes: 5, Total processes: 4147 Memory used: 5556 MB[EOL]
[2026-09-22T08:59:44.1865160Z][OSG][I][BusinessLogic.LoadAverageGathering.LoadAverageGatherer][61]Publishing event 'LoadAverageGathered' with args LoadAverage: '2.43', MemoryUsed: '5556', TraceContext: '<null>' ...[EOL]
[2026-09-22T09:00:44.1876090Z][OSG][I][BusinessLogic.LoadAverageGathering.LoadAverageGatherer][58]Avg CPU usage (1 Min): 1.96, Avg CPU usage (5 Min): 3.11, Avg CPU usage (15 Min): 3.97, Running processes: 5, Total processes: 4147 Memory used: 5565 MB[EOL]
[2026-09-22T09:00:44.1878625Z][OSG][I][BusinessLogic.LoadAverageGathering.LoadAverageGatherer][58]Publishing event 'LoadAverageGathered' with args LoadAverage: '1.96', MemoryUsed: '5565', TraceContext: '<null>' ...[EOL]
[2026-09-22T09:01:44.1871769Z][OSG][I][BusinessLogic.LoadAverageGathering.LoadAverageGatherer][60]Avg CPU usage (1 Min): 3.33, Avg CPU usage (5 Min): 3.39, Avg CPU usage (15 Min): 4.02, Running processes: 4, Total processes: 4144 Memory used: 5590 MB[EOL]
[2026-09-22T09:01:44.1873748Z][OSG][I][BusinessLogic.LoadAverageGathering.LoadAverageGatherer][60]Publishing event 'LoadAverageGathered' with args LoadAverage: '3.33', MemoryUsed: '5590', TraceContext: '<null>' ...[EOL]
[2026-09-22T09:02:44.1858891Z][OSG][I][BusinessLogic.LoadAverageGathering.LoadAverageGatherer][60]Avg CPU usage (1 Min): 1.96, Avg CPU usage (5 Min): 2.97, Avg CPU usage (15 Min): 3.83, Running processes: 3, Total processes: 4138 Memory used: 5614 MB[EOL]
[2026-09-22T09:02:44.1860720Z][OSG][I][BusinessLogic.LoadAverageGathering.LoadAverageGatherer][60]Publishing event 'LoadAverageGathered' with args LoadAverage: '1.96', MemoryUsed: '5614', TraceContext: '<null>' ...[EOL]
[2026-09-22T09:03:44.1877250Z][OSG][I][BusinessLogic.LoadAverageGathering.LoadAverageGatherer][60]Avg CPU usage (1 Min): 1.76, Avg CPU usage (5 Min): 2.81, Avg CPU usage (15 Min): 3.73, Running processes: 1, Total processes: 4142 Memory used: 5639 MB[EOL]
[2026-09-22T09:03:44.1878608Z][OSG][I][BusinessLogic.LoadAverageGathering.LoadAverageGatherer][60]Publishing event 'LoadAverageGathered' with args LoadAverage: '1.76', MemoryUsed: '5639', TraceContext: '<null>' ...[EOL]
