[2026-09-22T07:25:08.7780584Z][RM][I][Launcher.RunManagementBootstrapper][1]Bootstrapping unit 'RunManagement' with version '1.0.0+1344779.96ef0ac8051f07ad68f8959b524bcdb940f821b1' ...[EOL]
[2026-09-22T07:25:08.9054680Z][RM][I][Launcher.RunManagementBootstrapper][1]Local time zone: (UTC) Coordinated Universal Time[EOL]
[2026-09-22T07:25:08.9057969Z][RM][I][Launcher.RunManagementBootstrapper][1]Configuring unit 'RunManagement' ...[EOL]
[2026-09-22T07:25:11.7766915Z][RM][I][Launcher.RunManagementBootstrapper][1]Starting unit 'RunManagement' ...[EOL]
[2026-09-22T07:25:11.8808180Z][RM][I][Messaging.RabbitMQ.RabbitMQClient.RM][1]Initializing Messagebus ...[EOL]
[2026-09-22T07:25:53.4948154Z][RM][I][Messaging.RabbitMQ.RabbitMQClient.RM][1]Connected successfully to 'amqp://rabbitmq-server:5672'[EOL]
[2026-09-22T07:25:56.1095619Z][RM][I][UnitLifecycle.UnitLifecycleStateMachine][1]Publishing event 'UnitStateChanged' with args OldState: 'PoweredOff', NewState: 'StartingUp', TraceContext: '<null>' ...[EOL]
[2026-09-22T07:26:18.6847563Z][RM][I][PerformanceMonitoring.PerformanceCounterListener][1]Configured instance with 'Enabled: 'True', IntervalSeconds: '30', Counters: '<empty>''[EOL]
[2026-09-22T07:26:18.6892085Z][RM][I][PerformanceMonitoring.PerformanceCounterListener][1]Starting up instance ...[EOL]
[2026-09-22T07:26:18.6960852Z][RM][I][PerformanceMonitoring.PerformanceCounterListener][1]Enabling counters of 'System.Runtime' ...[EOL]
[2026-09-22T07:26:19.5911990Z][RM][I][Messaging.RabbitMQ.RabbitMQClient.RM.Distribution][1]Start receiving messages ...[EOL]
[2026-09-22T07:26:19.7055605Z][RM][I][UnitLifecycle.UnitLifecycleStateMachine][1]Publishing event 'UnitStateChanged' with args OldState: 'StartingUp', NewState: 'StartedUp', TraceContext: '<null>' ...[EOL]
[2026-09-22T07:26:19.7102314Z][RM][I][Launcher.RunManagementBootstrapper][1]Unit 'RunManagement' successfully started[EOL]
[2026-09-22T08:28:34.1122168Z][RM][I][Launcher.RunManagementBootstrapper][1]Bootstrapping unit 'RunManagement' with version '1.0.0+1344779.96ef0ac8051f07ad68f8959b524bcdb940f821b1' ...[EOL]
[2026-09-22T08:28:34.2064564Z][RM][I][Launcher.RunManagementBootstrapper][1]Local time zone: (UTC) Coordinated Universal Time[EOL]
[2026-09-22T08:28:34.2068336Z][RM][I][Launcher.RunManagementBootstrapper][1]Configuring unit 'RunManagement' ...[EOL]
[2026-09-22T08:28:35.3103683Z][RM][I][Launcher.RunManagementBootstrapper][1]Starting unit 'RunManagement' ...[EOL]
[2026-09-22T08:28:35.3779111Z][RM][I][Messaging.RabbitMQ.RabbitMQClient.RM][1]Initializing Messagebus ...[EOL]
[2026-09-22T08:29:23.5978974Z][RM][I][Messaging.RabbitMQ.RabbitMQClient.RM][1]Connected successfully to 'amqp://rabbitmq-server:5672'[EOL]
[2026-09-22T08:29:25.0931897Z][RM][I][UnitLifecycle.UnitLifecycleStateMachine][1]Publishing event 'UnitStateChanged' with args OldState: 'PoweredOff', NewState: 'StartingUp', TraceContext: '<null>' ...[EOL]
[2026-09-22T08:29:53.3778503Z][RM][I][PerformanceMonitoring.PerformanceCounterListener][1]Configured instance with 'Enabled: 'True', IntervalSeconds: '30', Counters: '<empty>''[EOL]
[2026-09-22T08:29:53.5866722Z][RM][I][PerformanceMonitoring.PerformanceCounterListener][1]Starting up instance ...[EOL]
[2026-09-22T08:29:53.6556027Z][RM][I][PerformanceMonitoring.PerformanceCounterListener][1]Enabling counters of 'System.Runtime' ...[EOL]
[2026-09-22T08:29:57.2508696Z][RM][I][Messaging.RabbitMQ.RabbitMQClient.RM.Distribution][1]Start receiving messages ...[EOL]
[2026-09-22T08:29:57.7795854Z][RM][I][UnitLifecycle.UnitLifecycleStateMachine][1]Publishing event 'UnitStateChanged' with args OldState: 'StartingUp', NewState: 'StartedUp', TraceContext: '<null>' ...[EOL]
[2026-09-22T08:29:57.8293946Z][RM][I][Launcher.RunManagementBootstrapper][1]Unit 'RunManagement' successfully started[EOL]
[2026-09-22T08:30:34.0319824Z][RM][I][RunHandling.RunStartPreparation.MessageHandler][12]Handling event 'InstrumentStateChanged' with args OldState: 'PoweredOff', NewState: 'StartingUp', TraceContext: '00-819380aeb3d0d060e0455e221ce4a92c-894abe7a711e0278-01' ...[EOL]
[2026-09-22T08:30:34.0496309Z][RM][I][RunHandling.RunStartPreparation.MessageHandler][12]Handling event 'RunStartDisallowed' with args TraceContext: '<null>' ...[EOL]
[2026-09-22T08:30:54.1992170Z][RM][I][RunHandling.RunStartPreparation.MessageHandler][14]Handling event 'InstrumentStateChanged' with args OldState: 'StartingUp', NewState: 'Initializing', TraceContext: '00-dd82d13ed26ec30b58a7827c44aa343a-014e6ef3e222c3c6-01' ...[EOL]
[2026-09-22T08:30:54.9469961Z][RM][I][UnitLifecycle.UnitLifecycleProcessManager][14]Initialization of the unit 'RunManagement' with activity id '00-dd82d13ed26ec30b58a7827c44aa343a-791ddcf727443552-01' started[EOL]
[2026-09-22T08:30:54.9476296Z][RM][I][UnitLifecycle.UnitLifecycleStateMachine][14]Publishing event 'UnitStateChanged' with args OldState: 'StartedUp', NewState: 'Initializing', TraceContext: '00-dd82d13ed26ec30b58a7827c44aa343a-791ddcf727443552-01' ...[EOL]
[2026-09-22T08:30:54.9566778Z][RM][I][RunHandling.RunStartPreparation.Service][14]Publishing event 'RunStartsResumed' with args TraceContext: '<null>' ...[EOL]
[2026-09-22T08:30:54.9689767Z][RM][I][UnitLifecycle.UnitLifecycleStateMachine][14]Publishing event 'UnitStateChanged' with args OldState: 'Initializing', NewState: 'Operational', TraceContext: '00-dd82d13ed26ec30b58a7827c44aa343a-791ddcf727443552-01' ...[EOL]
[2026-09-22T08:30:54.9697737Z][RM][I][UnitLifecycle.UnitLifecycleProcessManager][14]Initialization of the unit 'RunManagement' with activity id '00-dd82d13ed26ec30b58a7827c44aa343a-791ddcf727443552-01' completed[EOL]
[2026-09-22T08:30:55.1410696Z][RM][I][RunHandling.RunStartPreparation.MessageHandler][12]Handling event 'MolecularProcessOptimizationModeDisabled' with args TraceContext: '<null>' ...[EOL]
[2026-09-22T08:30:56.7546112Z][RM][I][RunHandling.RunStartPreparation.MessageHandler][14]Handling event 'ConnectionToDataManagerFailed' with args Reason: 'CredentialsUnavailable', TraceContext: '<null>' ...[EOL]
[2026-09-22T08:31:04.7528053Z][RM][I][RunHandling.RunStartPreparation.MessageHandler][14]Handling event 'AssembledRunsChanged' with args AssembledRuns: '<empty>', TraceContext: '<null>' ...[EOL]
[2026-09-22T08:31:04.7787796Z][RM][I][RunHandling.RunStartPreparation.MessageHandler][14]Handling event 'RunScheduleChanged' with args ScheduledRuns: '<empty>', TraceContext: '<null>' ...[EOL]
[2026-09-22T08:31:05.7933087Z][RM][I][RunHandling.RunStartPreparation.MessageHandler][14]Handling event 'ClottedTipPositionsCapacityChanged' with args FreeClottedTipPositions: '<empty>', TraceContext: '<null>' ...[EOL]
[2026-09-22T08:31:12.1507523Z][RM][I][RunHandling.RunStartPreparation.MessageHandler][15]Handling event 'InstrumentStateChanged' with args OldState: 'Initializing', NewState: 'Standby', TraceContext: '00-096a14d08ddfa8652d114d8f390ec520-0d37330fa2f71cf3-01' ...[EOL]
