[2026-09-22T07:25:08.2301434Z][RP][I][Launcher.RunPlanningBootstrapper][1]Bootstrapping unit 'RunPlanning' with version '1.0.0+1344782.185cf5fc22183059f2547e17c04b7d24d7cc18bb' ...[EOL]
[2026-09-22T07:25:08.3686409Z][RP][I][Launcher.RunPlanningBootstrapper][1]Local time zone: (UTC) Coordinated Universal Time[EOL]
[2026-09-22T07:25:08.3690013Z][RP][I][Launcher.RunPlanningBootstrapper][1]Configuring unit 'RunPlanning' ...[EOL]
[2026-09-22T07:25:11.5773977Z][RP][I][Launcher.RunPlanningBootstrapper][1]Starting unit 'RunPlanning' ...[EOL]
[2026-09-22T07:25:11.6526503Z][RP][I][Messaging.RabbitMQ.RabbitMQClient.RP][1]Initializing Messagebus ...[EOL]
[2026-09-22T07:25:53.2842483Z][RP][I][Messaging.RabbitMQ.RabbitMQClient.RP][1]Connected successfully to 'amqp://rabbitmq-server:5672'[EOL]
[2026-09-22T07:25:55.3672771Z][RP][I][UnitLifecycle.UnitLifecycleStateMachine][1]Publishing event 'UnitStateChanged' with args OldState: 'PoweredOff', NewState: 'StartingUp', TraceContext: '<null>' ...[EOL]
[2026-09-22T07:26:30.2725085Z][RP][I][PerformanceMonitoring.PerformanceCounterListener][1]Configured instance with 'Enabled: 'True', IntervalSeconds: '30', Counters: '<empty>''[EOL]
[2026-09-22T07:26:30.2779910Z][RP][I][PerformanceMonitoring.PerformanceCounterListener][1]Starting up instance ...[EOL]
[2026-09-22T07:26:30.2806567Z][RP][I][PerformanceMonitoring.PerformanceCounterListener][1]Enabling counters of 'System.Runtime' ...[EOL]
[2026-09-22T07:26:30.5227705Z][RP][I][Messaging.RabbitMQ.RabbitMQClient.RP.Planning][1]Start receiving messages ...[EOL]
[2026-09-22T07:26:30.5419734Z][RP][I][Messaging.RabbitMQ.RabbitMQClient.RP.Validation][1]Start receiving messages ...[EOL]
[2026-09-22T07:26:30.5634652Z][RP][I][UnitLifecycle.UnitLifecycleStateMachine][1]Publishing event 'UnitStateChanged' with args OldState: 'StartingUp', NewState: 'StartedUp', TraceContext: '<null>' ...[EOL]
[2026-09-22T07:26:30.5823847Z][RP][I][Launcher.RunPlanningBootstrapper][1]Unit 'RunPlanning' successfully started[EOL]
[2026-09-22T07:26:37.5485905Z][RP][I][Planning.MessageHandler][11]Handling event 'WorkflowManagementOperationalStateChanged' with args State: 'NotOperational', TransferModuleState: 'NotOperational', ProcessingModules: '<empty>', AnalyticModuleState: 'NotOperational', AnalyticUnits: '<empty>', MainHandlerState: 'NotOperational', ReagentStorageState: 'NotOperational', AmplificationPlateMagazines: '<empty>', ProcessingPlateMagazines: '<empty>', TipRackMagazines: '<empty>', MgpCassetteMagazines: '<empty>', TraceContext: '<null>' ...[EOL]
[2026-09-22T07:26:38.0914281Z][RP][I][Planning.MessageHandler][11]Handling event 'WorkflowManagementOperationalStateChanged' with args State: 'NotOperational', TransferModuleState: 'NotOperational', ProcessingModules: '<empty>', AnalyticModuleState: 'NotOperational', AnalyticUnits: ''AnalyticUnitId: 'A1', State: 'NotOperational'', 'AnalyticUnitId: 'A2', State: 'NotOperational''', MainHandlerState: 'NotOperational', ReagentStorageState: 'NotOperational', AmplificationPlateMagazines: '<empty>', ProcessingPlateMagazines: '<empty>', TipRackMagazines: '<empty>', MgpCassetteMagazines: '<empty>', TraceContext: '<null>' ...[EOL]
[2026-09-22T07:26:38.1489698Z][RP][I][Planning.MessageHandler][4]Handling event 'WorkflowManagementOperationalStateChanged' with args State: 'NotOperational', TransferModuleState: 'NotOperational', ProcessingModules: ''ProcessingModuleId: 'A', State: 'NotOperational''', AnalyticModuleState: 'NotOperational', AnalyticUnits: ''AnalyticUnitId: 'A1', State: 'NotOperational'', 'AnalyticUnitId: 'A2', State: 'NotOperational''', MainHandlerState: 'NotOperational', ReagentStorageState: 'NotOperational', AmplificationPlateMagazines: '<empty>', ProcessingPlateMagazines: '<empty>', TipRackMagazines: '<empty>', MgpCassetteMagazines: '<empty>', TraceContext: '<null>' ...[EOL]
[2026-09-22T07:26:39.3323401Z][RP][I][Planning.MessageHandler][4]Handling event 'MaintenanceStateChanged' with args TransferModuleMaintenanceState: 'Optional', ProcessingModulesMaintenanceState: ''ProcessingModuleId: 'A', State: 'Optional''', AnalyticModuleMaintenanceState: 'Optional', TraceContext: '<null>' ...[EOL]
[2026-09-22T08:28:38.0192916Z][RP][I][Launcher.RunPlanningBootstrapper][1]Bootstrapping unit 'RunPlanning' with version '1.0.0+1344782.185cf5fc22183059f2547e17c04b7d24d7cc18bb' ...[EOL]
[2026-09-22T08:28:38.1168079Z][RP][I][Launcher.RunPlanningBootstrapper][1]Local time zone: (UTC) Coordinated Universal Time[EOL]
[2026-09-22T08:28:38.1170587Z][RP][I][Launcher.RunPlanningBootstrapper][1]Configuring unit 'RunPlanning' ...[EOL]
[2026-09-22T08:28:40.5584027Z][RP][I][Launcher.RunPlanningBootstrapper][1]Starting unit 'RunPlanning' ...[EOL]
[2026-09-22T08:28:40.6978406Z][RP][I][Messaging.RabbitMQ.RabbitMQClient.RP][1]Initializing Messagebus ...[EOL]
[2026-09-22T08:29:24.2805589Z][RP][I][Messaging.RabbitMQ.RabbitMQClient.RP][1]Connected successfully to 'amqp://rabbitmq-server:5672'[EOL]
[2026-09-22T08:29:32.5937359Z][RP][I][UnitLifecycle.UnitLifecycleStateMachine][1]Publishing event 'UnitStateChanged' with args OldState: 'PoweredOff', NewState: 'StartingUp', TraceContext: '<null>' ...[EOL]
[2026-09-22T08:30:12.1630869Z][RP][I][PerformanceMonitoring.PerformanceCounterListener][1]Configured instance with 'Enabled: 'True', IntervalSeconds: '30', Counters: '<empty>''[EOL]
[2026-09-22T08:30:12.1754391Z][RP][I][PerformanceMonitoring.PerformanceCounterListener][1]Starting up instance ...[EOL]
[2026-09-22T08:30:12.1757964Z][RP][I][PerformanceMonitoring.PerformanceCounterListener][1]Enabling counters of 'System.Runtime' ...[EOL]
[2026-09-22T08:30:13.3845138Z][RP][I][Messaging.RabbitMQ.RabbitMQClient.RP.Planning][1]Start receiving messages ...[EOL]
[2026-09-22T08:30:13.4468540Z][RP][I][Messaging.RabbitMQ.RabbitMQClient.RP.Validation][1]Start receiving messages ...[EOL]
[2026-09-22T08:30:13.4973780Z][RP][I][UnitLifecycle.UnitLifecycleStateMachine][1]Publishing event 'UnitStateChanged' with args OldState: 'StartingUp', NewState: 'StartedUp', TraceContext: '<null>' ...[EOL]
[2026-09-22T08:30:13.4979428Z][RP][I][Launcher.RunPlanningBootstrapper][1]Unit 'RunPlanning' successfully started[EOL]
[2026-09-22T08:30:22.2183190Z][RP][I][Planning.MessageHandler][14]Handling event 'WorkflowManagementOperationalStateChanged' with args State: 'NotOperational', TransferModuleState: 'NotOperational', ProcessingModules: '<empty>', AnalyticModuleState: 'NotOperational', AnalyticUnits: '<empty>', MainHandlerState: 'NotOperational', ReagentStorageState: 'NotOperational', AmplificationPlateMagazines: '<empty>', ProcessingPlateMagazines: '<empty>', TipRackMagazines: '<empty>', MgpCassetteMagazines: '<empty>', TraceContext: '<null>' ...[EOL]
[2026-09-22T08:30:23.2418992Z][RP][I][Planning.MessageHandler][4]Handling event 'WorkflowManagementOperationalStateChanged' with args State: 'NotOperational', TransferModuleState: 'NotOperational', ProcessingModules: '<empty>', AnalyticModuleState: 'NotOperational', AnalyticUnits: ''AnalyticUnitId: 'A1', State: 'NotOperational'', 'AnalyticUnitId: 'A2', State: 'NotOperational''', MainHandlerState: 'NotOperational', ReagentStorageState: 'NotOperational', AmplificationPlateMagazines: '<empty>', ProcessingPlateMagazines: '<empty>', TipRackMagazines: '<empty>', MgpCassetteMagazines: '<empty>', TraceContext: '<null>' ...[EOL]
[2026-09-22T08:30:23.2770934Z][RP][I][Planning.MessageHandler][4]Handling event 'WorkflowManagementOperationalStateChanged' with args State: 'NotOperational', TransferModuleState: 'NotOperational', ProcessingModules: ''ProcessingModuleId: 'A', State: 'NotOperational''', AnalyticModuleState: 'NotOperational', AnalyticUnits: ''AnalyticUnitId: 'A1', State: 'NotOperational'', 'AnalyticUnitId: 'A2', State: 'NotOperational''', MainHandlerState: 'NotOperational', ReagentStorageState: 'NotOperational', AmplificationPlateMagazines: '<empty>', ProcessingPlateMagazines: '<empty>', TipRackMagazines: '<empty>', MgpCassetteMagazines: '<empty>', TraceContext: '<null>' ...[EOL]
[2026-09-22T08:30:28.1915282Z][RP][I][Planning.MessageHandler][4]Handling event 'MaintenanceStateChanged' with args TransferModuleMaintenanceState: 'Optional', ProcessingModulesMaintenanceState: ''ProcessingModuleId: 'A', State: 'Optional''', AnalyticModuleMaintenanceState: 'Optional', TraceContext: '<null>' ...[EOL]
[2026-09-22T08:30:33.5160011Z][RP][I][Planning.MessageHandler][6]Handling event 'InstrumentStateChanged' with args OldState: 'PoweredOff', NewState: 'StartingUp', TraceContext: '00-819380aeb3d0d060e0455e221ce4a92c-894abe7a711e0278-01' ...[EOL]
[2026-09-22T08:30:54.1493911Z][RP][I][Planning.MessageHandler][6]Handling event 'InstrumentStateChanged' with args OldState: 'StartingUp', NewState: 'Initializing', TraceContext: '00-dd82d13ed26ec30b58a7827c44aa343a-014e6ef3e222c3c6-01' ...[EOL]
[2026-09-22T08:30:54.5423335Z][RP][I][UnitLifecycle.UnitLifecycleProcessManager][6]Initialization of the unit 'RunPlanning' with activity id '00-dd82d13ed26ec30b58a7827c44aa343a-640203f9684c86e3-01' started[EOL]
[2026-09-22T08:30:54.5429807Z][RP][I][UnitLifecycle.UnitLifecycleStateMachine][6]Publishing event 'UnitStateChanged' with args OldState: 'StartedUp', NewState: 'Initializing', TraceContext: '00-dd82d13ed26ec30b58a7827c44aa343a-640203f9684c86e3-01' ...[EOL]
[2026-09-22T08:30:54.5580902Z][RP][I][Planning.MpoService][6]Publishing event 'MolecularProcessOptimizationModeDisabled' with args TraceContext: '<null>' ...[EOL]
[2026-09-22T08:30:54.5868607Z][RP][I][UnitLifecycle.UnitLifecycleStateMachine][6]Publishing event 'UnitStateChanged' with args OldState: 'Initializing', NewState: 'Operational', TraceContext: '00-dd82d13ed26ec30b58a7827c44aa343a-640203f9684c86e3-01' ...[EOL]
[2026-09-22T08:30:54.5871381Z][RP][I][UnitLifecycle.UnitLifecycleProcessManager][6]Initialization of the unit 'RunPlanning' with activity id '00-dd82d13ed26ec30b58a7827c44aa343a-640203f9684c86e3-01' completed[EOL]
[2026-09-22T08:30:57.7852634Z][RP][I][Planning.MessageHandler][6]Handling event 'PreventiveMaintenanceStateChanged' with args TransferModuleMaintenanceState: 'Optional', ProcessingModulesMaintenanceState: ''ProcessingModuleId: 'A', State: 'Optional''', AnalyticModuleMaintenanceState: 'Optional', TraceContext: '<null>' ...[EOL]
[2026-09-22T08:31:01.9714603Z][RP][I][Planning.MessageHandler][15]Handling event 'WorkflowManagementOperationalStateChanged' with args State: 'NotOperational', TransferModuleState: 'NotOperational', ProcessingModules: ''ProcessingModuleId: 'A', State: 'NotOperational''', AnalyticModuleState: 'NotOperational', AnalyticUnits: ''AnalyticUnitId: 'A1', State: 'NotOperational'', 'AnalyticUnitId: 'A2', State: 'NotOperational''', MainHandlerState: 'Operational', ReagentStorageState: 'NotOperational', AmplificationPlateMagazines: '<empty>', ProcessingPlateMagazines: '<empty>', TipRackMagazines: '<empty>', MgpCassetteMagazines: '<empty>', TraceContext: '<null>' ...[EOL]
[2026-09-22T08:31:02.4687738Z][RP][I][Planning.MessageHandler][6]Handling event 'WorkflowManagementOperationalStateChanged' with args State: 'NotOperational', TransferModuleState: 'NotOperational', ProcessingModules: ''ProcessingModuleId: 'A', State: 'NotOperational''', AnalyticModuleState: 'NotOperational', AnalyticUnits: ''AnalyticUnitId: 'A1', State: 'NotOperational'', 'AnalyticUnitId: 'A2', State: 'NotOperational''', MainHandlerState: 'Operational', ReagentStorageState: 'Operational', AmplificationPlateMagazines: '<empty>', ProcessingPlateMagazines: '<empty>', TipRackMagazines: '<empty>', MgpCassetteMagazines: '<empty>', TraceContext: '<null>' ...[EOL]
[2026-09-22T08:31:03.8266072Z][RP][I][Planning.MessageHandler][6]Handling event 'WorkflowManagementOperationalStateChanged' with args State: 'NotOperational', TransferModuleState: 'NotOperational', ProcessingModules: ''ProcessingModuleId: 'A', State: 'NotOperational''', AnalyticModuleState: 'Operational', AnalyticUnits: ''AnalyticUnitId: 'A1', State: 'NotOperational'', 'AnalyticUnitId: 'A2', State: 'Operational''', MainHandlerState: 'Operational', ReagentStorageState: 'Operational', AmplificationPlateMagazines: '<empty>', ProcessingPlateMagazines: '<empty>', TipRackMagazines: '<empty>', MgpCassetteMagazines: '<empty>', TraceContext: '<null>' ...[EOL]
[2026-09-22T08:31:03.8391573Z][RP][I][Planning.Service][6]NextRunAssembling is scheduled in '00:00:00.0500000' because of the reason:'ModuleUsabilityChanged'[EOL]
[2026-09-22T08:31:03.8957614Z][RP][I][Planning.Service][6]Publishing event 'RunAssemblingDelayElapsed' with args TraceContext: '<null>' ...[EOL]
[2026-09-22T08:31:04.4073739Z][RP][I][Planning.MessageHandler][15]Handling event 'RunAssemblingDelayElapsed' with args TraceContext: '<null>' ...[EOL]
[2026-09-22T08:31:04.5694325Z][RP][I][Planning.Service][15]Publishing event 'AssembledRunsChanged' with args AssembledRuns: '<empty>', TraceContext: '<null>' ...[EOL]
[2026-09-22T08:31:04.6171723Z][RP][I][Planning.Service][15]Publishing event 'RunScheduleChanged' with args ScheduledRuns: '<empty>', TraceContext: '<null>' ...[EOL]
[2026-09-22T08:31:04.6912217Z][RP][I][Planning.Service][15]Publishing event 'NotAssignedSampleWorkOrdersChanged' with args UnassignedWorkOrderIds: '<empty>', TraceContext: '<null>' ...[EOL]
[2026-09-22T08:31:04.7211524Z][RP][I][Planning.Service][15]Publishing event 'MissingAssaySpecificResourcesChanged' with args AssayIdsWithMissingReagentCassettes: '<empty>', AssayIdsWithMissingNegativeControls: '<empty>', AssayIdsWithMissingPositiveControls: '<empty>', TraceContext: '<null>' ...[EOL]
[2026-09-22T08:31:04.7274145Z][RP][I][Planning.MessageHandler][15]Handling event 'WorkflowManagementOperationalStateChanged' with args State: 'NotOperational', TransferModuleState: 'NotOperational', ProcessingModules: ''ProcessingModuleId: 'A', State: 'NotOperational''', AnalyticModuleState: 'Operational', AnalyticUnits: ''AnalyticUnitId: 'A1', State: 'Operational'', 'AnalyticUnitId: 'A2', State: 'Operational''', MainHandlerState: 'Operational', ReagentStorageState: 'Operational', AmplificationPlateMagazines: '<empty>', ProcessingPlateMagazines: '<empty>', TipRackMagazines: '<empty>', MgpCassetteMagazines: '<empty>', TraceContext: '<null>' ...[EOL]
[2026-09-22T08:31:04.7298272Z][RP][I][Planning.Service][15]NextRunAssembling is scheduled in '00:00:00.0500000' because of the reason:'ModuleUsabilityChanged'[EOL]
[2026-09-22T08:31:04.7572556Z][RP][I][Validation.MessageHandler][15]Handling event 'AssembledRunsChanged' with args AssembledRuns: '<empty>', TraceContext: '<null>' ...[EOL]
[2026-09-22T08:31:04.7807039Z][RP][I][Planning.Service][15]Publishing event 'RunAssemblingDelayElapsed' with args TraceContext: '<null>' ...[EOL]
[2026-09-22T08:31:04.9787389Z][RP][I][Planning.MessageHandler][15]Handling event 'RunAssemblingDelayElapsed' with args TraceContext: '<null>' ...[EOL]
[2026-09-22T08:31:05.0151651Z][RP][I][Planning.Service][15]Assembling finished with same planned runs and same run schedule and same unassigned work orders and missing assay specific resources as last run assembling.[EOL]
[2026-09-22T08:31:05.6121794Z][RP][I][Planning.MessageHandler][6]Handling event 'RackInventoryCapacityChanged' with args TotalSampleRackPositions: '26', AvailableSampleRackPositions: '26', TotalClottedTipRackPositions: '3', AvailableClottedTipRackPositions: '3', TraceContext: '<null>' ...[EOL]
[2026-09-22T08:31:07.4062232Z][RP][I][Planning.MessageHandler][15]Handling event 'WorkflowManagementOperationalStateChanged' with args State: 'NotOperational', TransferModuleState: 'Operational', ProcessingModules: ''ProcessingModuleId: 'A', State: 'Operational''', AnalyticModuleState: 'Operational', AnalyticUnits: ''AnalyticUnitId: 'A1', State: 'Operational'', 'AnalyticUnitId: 'A2', State: 'Operational''', MainHandlerState: 'Operational', ReagentStorageState: 'Operational', AmplificationPlateMagazines: '<empty>', ProcessingPlateMagazines: '<empty>', TipRackMagazines: '<empty>', MgpCassetteMagazines: '<empty>', TraceContext: '<null>' ...[EOL]
[2026-09-22T08:31:07.4123562Z][RP][I][Planning.Service][15]NextRunAssembling is scheduled in '00:00:00.0500000' because of the reason:'ModuleUsabilityChanged'[EOL]
[2026-09-22T08:31:07.4678918Z][RP][I][Planning.Service][6]Publishing event 'RunAssemblingDelayElapsed' with args TraceContext: '<null>' ...[EOL]
[2026-09-22T08:31:07.4730467Z][RP][I][Planning.MessageHandler][16]Handling event 'RunAssemblingDelayElapsed' with args TraceContext: '<null>' ...[EOL]
[2026-09-22T08:31:07.4958453Z][RP][I][RunAssembling.SingleRun.Assembler][16]AssembleRun triggered for StartTime '2026-09-22T08:31:07.4732468Z' with input:
SWO groups:
ReagentCassettes:
ControlMiniRacks:
[EOL]
[2026-09-22T08:31:07.5024628Z][RP][I][Planning.Service][16]Assembling finished with same planned runs and same run schedule and same unassigned work orders and missing assay specific resources as last run assembling.[EOL]
[2026-09-22T08:31:08.6585246Z][RP][I][Planning.MessageHandler][6]Handling event 'WorkflowManagementOperationalStateChanged' with args State: 'NotOperational', TransferModuleState: 'Operational', ProcessingModules: ''ProcessingModuleId: 'A', State: 'Operational''', AnalyticModuleState: 'Operational', AnalyticUnits: ''AnalyticUnitId: 'A1', State: 'Operational'', 'AnalyticUnitId: 'A2', State: 'Operational''', MainHandlerState: 'Operational', ReagentStorageState: 'Operational', AmplificationPlateMagazines: '<empty>', ProcessingPlateMagazines: '<empty>', TipRackMagazines: '<empty>', MgpCassetteMagazines: ''MgpCassetteMagazineId: 'H', State: 'Operational''', TraceContext: '<null>' ...[EOL]
[2026-09-22T08:31:09.0014157Z][RP][I][Planning.MessageHandler][6]Handling event 'WorkflowManagementOperationalStateChanged' with args State: 'NotOperational', TransferModuleState: 'Operational', ProcessingModules: ''ProcessingModuleId: 'A', State: 'Operational''', AnalyticModuleState: 'Operational', AnalyticUnits: ''AnalyticUnitId: 'A1', State: 'Operational'', 'AnalyticUnitId: 'A2', State: 'Operational''', MainHandlerState: 'Operational', ReagentStorageState: 'Operational', AmplificationPlateMagazines: ''AmplificationPlateMagazineId: 'I', State: 'Operational''', ProcessingPlateMagazines: '<empty>', TipRackMagazines: '<empty>', MgpCassetteMagazines: ''MgpCassetteMagazineId: 'H', State: 'Operational''', TraceContext: '<null>' ...[EOL]
[2026-09-22T08:31:09.1842912Z][RP][I][Planning.MessageHandler][16]Handling event 'WorkflowManagementOperationalStateChanged' with args State: 'NotOperational', TransferModuleState: 'Operational', ProcessingModules: ''ProcessingModuleId: 'A', State: 'Operational''', AnalyticModuleState: 'Operational', AnalyticUnits: ''AnalyticUnitId: 'A1', State: 'Operational'', 'AnalyticUnitId: 'A2', State: 'Operational''', MainHandlerState: 'Operational', ReagentStorageState: 'Operational', AmplificationPlateMagazines: ''AmplificationPlateMagazineId: 'I', State: 'Operational''', ProcessingPlateMagazines: ''ProcessingPlateMagazineId: 'G', State: 'Operational''', TipRackMagazines: '<empty>', MgpCassetteMagazines: ''MgpCassetteMagazineId: 'H', State: 'Operational''', TraceContext: '<null>' ...[EOL]
[2026-09-22T08:31:09.4235962Z][RP][I][Planning.MessageHandler][16]Handling event 'WorkflowManagementOperationalStateChanged' with args State: 'Operational', TransferModuleState: 'Operational', ProcessingModules: ''ProcessingModuleId: 'A', State: 'Operational''', AnalyticModuleState: 'Operational', AnalyticUnits: ''AnalyticUnitId: 'A1', State: 'Operational'', 'AnalyticUnitId: 'A2', State: 'Operational''', MainHandlerState: 'Operational', ReagentStorageState: 'Operational', AmplificationPlateMagazines: ''AmplificationPlateMagazineId: 'I', State: 'Operational''', ProcessingPlateMagazines: ''ProcessingPlateMagazineId: 'G', State: 'Operational''', TipRackMagazines: ''TipRackMagazineId: 'E', State: 'Operational''', MgpCassetteMagazines: ''MgpCassetteMagazineId: 'H', State: 'Operational''', TraceContext: '<null>' ...[EOL]
[2026-09-22T08:31:09.4536213Z][RP][I][Planning.MessageHandler][16]Handling event 'WorkflowManagementOperationalStateChanged' with args State: 'Operational', TransferModuleState: 'Operational', ProcessingModules: ''ProcessingModuleId: 'A', State: 'Operational''', AnalyticModuleState: 'Operational', AnalyticUnits: ''AnalyticUnitId: 'A1', State: 'Operational'', 'AnalyticUnitId: 'A2', State: 'Operational''', MainHandlerState: 'Operational', ReagentStorageState: 'Operational', AmplificationPlateMagazines: ''AmplificationPlateMagazineId: 'I', State: 'Operational''', ProcessingPlateMagazines: ''ProcessingPlateMagazineId: 'G', State: 'Operational''', TipRackMagazines: ''TipRackMagazineId: 'D', State: 'Operational'', 'TipRackMagazineId: 'E', State: 'Operational''', MgpCassetteMagazines: ''MgpCassetteMagazineId: 'H', State: 'Operational''', TraceContext: '<null>' ...[EOL]
[2026-09-22T08:31:09.4581336Z][RP][I][Planning.MessageHandler][6]Handling event 'WorkflowManagementOperationalStateChanged' with args State: 'Operational', TransferModuleState: 'Operational', ProcessingModules: ''ProcessingModuleId: 'A', State: 'Operational''', AnalyticModuleState: 'Operational', AnalyticUnits: ''AnalyticUnitId: 'A1', State: 'Operational'', 'AnalyticUnitId: 'A2', State: 'Operational''', MainHandlerState: 'Operational', ReagentStorageState: 'Operational', AmplificationPlateMagazines: ''AmplificationPlateMagazineId: 'I', State: 'Operational'', 'AmplificationPlateMagazineId: 'J', State: 'Operational''', ProcessingPlateMagazines: ''ProcessingPlateMagazineId: 'G', State: 'Operational''', TipRackMagazines: ''TipRackMagazineId: 'D', State: 'Operational'', 'TipRackMagazineId: 'E', State: 'Operational''', MgpCassetteMagazines: ''MgpCassetteMagazineId: 'H', State: 'Operational''', TraceContext: '<null>' ...[EOL]
[2026-09-22T08:31:09.4585978Z][RP][I][Planning.MessageHandler][6]Handling event 'WorkflowManagementOperationalStateChanged' with args State: 'Operational', TransferModuleState: 'Operational', ProcessingModules: ''ProcessingModuleId: 'A', State: 'Operational''', AnalyticModuleState: 'Operational', AnalyticUnits: ''AnalyticUnitId: 'A1', State: 'Operational'', 'AnalyticUnitId: 'A2', State: 'Operational''', MainHandlerState: 'Operational', ReagentStorageState: 'Operational', AmplificationPlateMagazines: ''AmplificationPlateMagazineId: 'I', State: 'Operational'', 'AmplificationPlateMagazineId: 'J', State: 'Operational''', ProcessingPlateMagazines: ''ProcessingPlateMagazineId: 'F', State: 'Operational'', 'ProcessingPlateMagazineId: 'G', State: 'Operational''', TipRackMagazines: ''TipRackMagazineId: 'D', State: 'Operational'', 'TipRackMagazineId: 'E', State: 'Operational''', MgpCassetteMagazines: ''MgpCassetteMagazineId: 'H', State: 'Operational''', TraceContext: '<null>' ...[EOL]
[2026-09-22T08:31:12.1538705Z][RP][I][Planning.MessageHandler][6]Handling event 'InstrumentStateChanged' with args OldState: 'Initializing', NewState: 'Standby', TraceContext: '00-096a14d08ddfa8652d114d8f390ec520-0d37330fa2f71cf3-01' ...[EOL]
[2026-09-22T08:31:12.2686026Z][RP][I][TestDefinitionData.MessageHandler][6]Handling event 'TestDefinitionDataUpdated' with args NewlyAvailableAssayIds: '<empty>', TraceContext: '<null>' ...[EOL]
[2026-09-22T08:31:12.4244202Z][RP][I][TestDefinitionData.Instrument.TestDefinitionDataLoader][6]Loading TestDefinitionData.Instrument from repositories ...[EOL]
[2026-09-22T08:31:12.4430738Z][RP][I][TestDefinitionData.ReadOnlyRepository<Roche.CX800.TestDefinitionData.Instrument.MediaTypes.MediaType>][6]Loading from files '' ...[EOL]
[2026-09-22T08:31:12.4436836Z][RP][I][TestDefinitionData.ReadOnlyRepository<Roche.CX800.TestDefinitionData.Instrument.Reagents.ReagentCarrier>][6]Loading from files '' ...[EOL]
[2026-09-22T08:31:12.4437538Z][RP][I][TestDefinitionData.ReadOnlyRepository<Roche.CX800.TestDefinitionData.Instrument.Processes.TransferProcesses.TransferProcess>][6]Loading from files '' ...[EOL]
[2026-09-22T08:31:12.4438539Z][RP][I][TestDefinitionData.ReadOnlyRepository<Roche.CX800.TestDefinitionData.Instrument.Processes.SamplePreparationProcesses.SamplePreparationProcess>][6]Loading from files '' ...[EOL]
[2026-09-22T08:31:12.4438891Z][RP][I][TestDefinitionData.ReadOnlyRepository<Roche.CX800.TestDefinitionData.Instrument.Processes.PcrProcesses.PcrProcess>][6]Loading from files '' ...[EOL]
[2026-09-22T08:31:12.4439148Z][RP][I][TestDefinitionData.ReadOnlyRepository<Roche.CX800.TestDefinitionData.Instrument.Assays.Assay>][6]Loading from files '' ...[EOL]
[2026-09-22T08:31:12.4439385Z][RP][I][TestDefinitionData.Instrument.TestDefinitionDataLoader][6]TestDefinitionData.Instrument successfully loaded[EOL]
[2026-09-22T08:31:12.4623627Z][RP][I][Planning.MessageHandler][6]Handling event 'TestDefinitionDataUpdated' with args NewlyAvailableAssayIds: '<empty>', TraceContext: '<null>' ...[EOL]
[2026-09-22T08:31:12.4626064Z][RP][I][Validation.TimeBasedValidation.MessageHandler][16]Handling event 'TestDefinitionDataUpdated' with args NewlyAvailableAssayIds: '<empty>', TraceContext: '<null>' ...[EOL]
[2026-09-22T08:31:12.4714141Z][RP][I][Planning.Service][6]Publishing event 'AssayPriorityUpdated' with args PrioritizedAssays: '<empty>', Trigger: 'AtStartup', TraceContext: '<null>' ...[EOL]
