[2026-09-22T07:25:04.3649399Z][RRM][I][Launcher.RunResourceManagementBootstrapper][1]Bootstrapping unit 'RunResourceManagement' with version '1.0.2+1344407.27fa8853a7bf0cc2f95ab2e0e3a6365ec980879a' ...[EOL]
[2026-09-22T07:25:04.6745347Z][RRM][I][Launcher.RunResourceManagementBootstrapper][1]Local time zone: (UTC) Coordinated Universal Time[EOL]
[2026-09-22T07:25:04.6748011Z][RRM][I][Launcher.RunResourceManagementBootstrapper][1]Configuring unit 'RunResourceManagement' ...[EOL]
[2026-09-22T07:25:07.3505210Z][RRM][I][Launcher.RunResourceManagementBootstrapper][1]Starting unit 'RunResourceManagement' ...[EOL]
[2026-09-22T07:25:07.4640544Z][RRM][I][Messaging.RabbitMQ.RabbitMQClient.RRM][1]Initializing Messagebus ...[EOL]
[2026-09-22T07:25:53.3389451Z][RRM][I][Messaging.RabbitMQ.RabbitMQClient.RRM][1]Connected successfully to 'amqp://rabbitmq-server:5672'[EOL]
[2026-09-22T07:25:54.1691627Z][RRM][I][UnitLifecycle.UnitLifecycleStateMachine][1]Publishing event 'UnitStateChanged' with args OldState: 'PoweredOff', NewState: 'StartingUp', TraceContext: '<null>' ...[EOL]
[2026-09-22T07:26:35.2453598Z][RRM][I][PerformanceMonitoring.PerformanceCounterListener][1]Configured instance with 'Enabled: 'True', IntervalSeconds: '30', Counters: '<empty>''[EOL]
[2026-09-22T07:26:35.2495985Z][RRM][I][PerformanceMonitoring.PerformanceCounterListener][1]Starting up instance ...[EOL]
[2026-09-22T07:26:35.2507437Z][RRM][I][PerformanceMonitoring.PerformanceCounterListener][1]Enabling counters of 'System.Runtime' ...[EOL]
[2026-09-22T07:26:35.3594995Z][RRM][I][Messaging.RabbitMQ.RabbitMQClient.RRM.GenericResources][1]Start receiving messages ...[EOL]
[2026-09-22T07:26:35.3838791Z][RRM][I][Messaging.RabbitMQ.RabbitMQClient.RRM.AssaySpecificResources][1]Start receiving messages ...[EOL]
[2026-09-22T07:26:35.3880275Z][RRM][I][UnitLifecycle.UnitLifecycleStateMachine][1]Publishing event 'UnitStateChanged' with args OldState: 'StartingUp', NewState: 'StartedUp', TraceContext: '<null>' ...[EOL]
[2026-09-22T07:26:35.3909398Z][RRM][I][Launcher.RunResourceManagementBootstrapper][1]Unit 'RunResourceManagement' successfully started[EOL]
[2026-09-22T07:26:37.5014345Z][RRM][I][GenericResources.MessageHandler][13]Handling event 'WorkflowManagementOperationalStateChanged' with args State: 'NotOperational', TransferModuleState: 'NotOperational', ProcessingModules: '<empty>', AnalyticModuleState: 'NotOperational', AnalyticUnits: '<empty>', MainHandlerState: 'NotOperational', ReagentStorageState: 'NotOperational', AmplificationPlateMagazines: '<empty>', ProcessingPlateMagazines: '<empty>', TipRackMagazines: '<empty>', MgpCassetteMagazines: '<empty>', TraceContext: '<null>' ...[EOL]
[2026-09-22T07:26:38.0839555Z][RRM][I][GenericResources.MessageHandler][13]Handling event 'WorkflowManagementOperationalStateChanged' with args State: 'NotOperational', TransferModuleState: 'NotOperational', ProcessingModules: '<empty>', AnalyticModuleState: 'NotOperational', AnalyticUnits: ''AnalyticUnitId: 'A1', State: 'NotOperational'', 'AnalyticUnitId: 'A2', State: 'NotOperational''', MainHandlerState: 'NotOperational', ReagentStorageState: 'NotOperational', AmplificationPlateMagazines: '<empty>', ProcessingPlateMagazines: '<empty>', TipRackMagazines: '<empty>', MgpCassetteMagazines: '<empty>', TraceContext: '<null>' ...[EOL]
[2026-09-22T07:26:38.1275619Z][RRM][I][GenericResources.MessageHandler][13]Handling event 'WorkflowManagementOperationalStateChanged' with args State: 'NotOperational', TransferModuleState: 'NotOperational', ProcessingModules: ''ProcessingModuleId: 'A', State: 'NotOperational''', AnalyticModuleState: 'NotOperational', AnalyticUnits: ''AnalyticUnitId: 'A1', State: 'NotOperational'', 'AnalyticUnitId: 'A2', State: 'NotOperational''', MainHandlerState: 'NotOperational', ReagentStorageState: 'NotOperational', AmplificationPlateMagazines: '<empty>', ProcessingPlateMagazines: '<empty>', TipRackMagazines: '<empty>', MgpCassetteMagazines: '<empty>', TraceContext: '<null>' ...[EOL]
[2026-09-22T08:28:34.9611255Z][RRM][I][Launcher.RunResourceManagementBootstrapper][1]Bootstrapping unit 'RunResourceManagement' with version '1.0.2+1344407.27fa8853a7bf0cc2f95ab2e0e3a6365ec980879a' ...[EOL]
[2026-09-22T08:28:35.1062029Z][RRM][I][Launcher.RunResourceManagementBootstrapper][1]Local time zone: (UTC) Coordinated Universal Time[EOL]
[2026-09-22T08:28:35.1065187Z][RRM][I][Launcher.RunResourceManagementBootstrapper][1]Configuring unit 'RunResourceManagement' ...[EOL]
[2026-09-22T08:28:37.1867582Z][RRM][I][Launcher.RunResourceManagementBootstrapper][1]Starting unit 'RunResourceManagement' ...[EOL]
[2026-09-22T08:28:37.2687467Z][RRM][I][Messaging.RabbitMQ.RabbitMQClient.RRM][1]Initializing Messagebus ...[EOL]
[2026-09-22T08:29:23.9472052Z][RRM][I][Messaging.RabbitMQ.RabbitMQClient.RRM][1]Connected successfully to 'amqp://rabbitmq-server:5672'[EOL]
[2026-09-22T08:29:26.8036135Z][RRM][I][UnitLifecycle.UnitLifecycleStateMachine][1]Publishing event 'UnitStateChanged' with args OldState: 'PoweredOff', NewState: 'StartingUp', TraceContext: '<null>' ...[EOL]
[2026-09-22T08:30:19.4567726Z][RRM][I][PerformanceMonitoring.PerformanceCounterListener][1]Configured instance with 'Enabled: 'True', IntervalSeconds: '30', Counters: '<empty>''[EOL]
[2026-09-22T08:30:19.9268488Z][RRM][I][PerformanceMonitoring.PerformanceCounterListener][1]Starting up instance ...[EOL]
[2026-09-22T08:30:19.9908281Z][RRM][I][PerformanceMonitoring.PerformanceCounterListener][1]Enabling counters of 'System.Runtime' ...[EOL]
[2026-09-22T08:30:20.6912253Z][RRM][I][Messaging.RabbitMQ.RabbitMQClient.RRM.GenericResources][1]Start receiving messages ...[EOL]
[2026-09-22T08:30:20.8243009Z][RRM][I][Messaging.RabbitMQ.RabbitMQClient.RRM.AssaySpecificResources][1]Start receiving messages ...[EOL]
[2026-09-22T08:30:20.8401458Z][RRM][I][UnitLifecycle.UnitLifecycleStateMachine][1]Publishing event 'UnitStateChanged' with args OldState: 'StartingUp', NewState: 'StartedUp', TraceContext: '<null>' ...[EOL]
[2026-09-22T08:30:20.9192012Z][RRM][I][Launcher.RunResourceManagementBootstrapper][1]Unit 'RunResourceManagement' successfully started[EOL]
[2026-09-22T08:30:22.6898891Z][RRM][I][GenericResources.MessageHandler][11]Handling event 'WorkflowManagementOperationalStateChanged' with args State: 'NotOperational', TransferModuleState: 'NotOperational', ProcessingModules: '<empty>', AnalyticModuleState: 'NotOperational', AnalyticUnits: '<empty>', MainHandlerState: 'NotOperational', ReagentStorageState: 'NotOperational', AmplificationPlateMagazines: '<empty>', ProcessingPlateMagazines: '<empty>', TipRackMagazines: '<empty>', MgpCassetteMagazines: '<empty>', TraceContext: '<null>' ...[EOL]
[2026-09-22T08:30:23.1941936Z][RRM][I][GenericResources.MessageHandler][13]Handling event 'WorkflowManagementOperationalStateChanged' with args State: 'NotOperational', TransferModuleState: 'NotOperational', ProcessingModules: '<empty>', AnalyticModuleState: 'NotOperational', AnalyticUnits: ''AnalyticUnitId: 'A1', State: 'NotOperational'', 'AnalyticUnitId: 'A2', State: 'NotOperational''', MainHandlerState: 'NotOperational', ReagentStorageState: 'NotOperational', AmplificationPlateMagazines: '<empty>', ProcessingPlateMagazines: '<empty>', TipRackMagazines: '<empty>', MgpCassetteMagazines: '<empty>', TraceContext: '<null>' ...[EOL]
[2026-09-22T08:30:23.2800265Z][RRM][I][GenericResources.MessageHandler][13]Handling event 'WorkflowManagementOperationalStateChanged' with args State: 'NotOperational', TransferModuleState: 'NotOperational', ProcessingModules: ''ProcessingModuleId: 'A', State: 'NotOperational''', AnalyticModuleState: 'NotOperational', AnalyticUnits: ''AnalyticUnitId: 'A1', State: 'NotOperational'', 'AnalyticUnitId: 'A2', State: 'NotOperational''', MainHandlerState: 'NotOperational', ReagentStorageState: 'NotOperational', AmplificationPlateMagazines: '<empty>', ProcessingPlateMagazines: '<empty>', TipRackMagazines: '<empty>', MgpCassetteMagazines: '<empty>', TraceContext: '<null>' ...[EOL]
[2026-09-22T08:30:45.5360476Z][RRM][I][AssaySpecificResources.MessageHandler][13]Handling event 'ReagentStorageConditionChanged' with args TemperatureState: 'RefrigeratedTemperature', Temperature: 'Unit: 'C', Amount: '4.9500000000000455'', IsHumidityInRange: 'True', Humidity: '30', TraceContext: '00-304c0532bf43496885e27bdd288ae7a9-687e80d4161b0c43-01' ...[EOL]
[2026-09-22T08:30:56.8321953Z][RRM][I][UnitLifecycle.UnitLifecycleProcessManager][13]Initialization of the unit 'RunResourceManagement' with activity id '00-dd82d13ed26ec30b58a7827c44aa343a-a398d99a08afb6f6-01' started[EOL]
[2026-09-22T08:30:56.8332440Z][RRM][I][UnitLifecycle.UnitLifecycleStateMachine][13]Publishing event 'UnitStateChanged' with args OldState: 'StartedUp', NewState: 'Initializing', TraceContext: '00-dd82d13ed26ec30b58a7827c44aa343a-a398d99a08afb6f6-01' ...[EOL]
[2026-09-22T08:30:56.8337113Z][RRM][I][UnitLifecycle.UnitLifecycleStateMachine][13]Publishing event 'UnitStateChanged' with args OldState: 'Initializing', NewState: 'Operational', TraceContext: '00-dd82d13ed26ec30b58a7827c44aa343a-a398d99a08afb6f6-01' ...[EOL]
[2026-09-22T08:30:56.8337727Z][RRM][I][UnitLifecycle.UnitLifecycleProcessManager][13]Initialization of the unit 'RunResourceManagement' with activity id '00-dd82d13ed26ec30b58a7827c44aa343a-a398d99a08afb6f6-01' completed[EOL]
[2026-09-22T08:30:57.2017897Z][RRM][I][GenericResources.MessageHandler][6]Handling event 'DrawerStateChanged' with args DrawerId: 'ReagentCassetteDrawer', TraceContext: '00-dd82d13ed26ec30b58a7827c44aa343a-49b3fb8b98d77851-01', PreviousState: 'Unknown', NewState: 'ClosedLocked' ...[EOL]
[2026-09-22T08:30:57.2023501Z][RRM][I][GenericResources.MessageHandler][6]Handling event 'DrawerStateChanged' with args DrawerId: 'ConsumablesDrawerA', TraceContext: '00-dd82d13ed26ec30b58a7827c44aa343a-2691976fd51e9ebf-01', PreviousState: 'Unknown', NewState: 'ClosedLocked' ...[EOL]
[2026-09-22T08:31:01.9541018Z][RRM][I][GenericResources.MessageHandler][13]Handling event 'WorkflowManagementOperationalStateChanged' with args State: 'NotOperational', TransferModuleState: 'NotOperational', ProcessingModules: ''ProcessingModuleId: 'A', State: 'NotOperational''', AnalyticModuleState: 'NotOperational', AnalyticUnits: ''AnalyticUnitId: 'A1', State: 'NotOperational'', 'AnalyticUnitId: 'A2', State: 'NotOperational''', MainHandlerState: 'Operational', ReagentStorageState: 'NotOperational', AmplificationPlateMagazines: '<empty>', ProcessingPlateMagazines: '<empty>', TipRackMagazines: '<empty>', MgpCassetteMagazines: '<empty>', TraceContext: '<null>' ...[EOL]
[2026-09-22T08:31:02.2414320Z][RRM][I][AssaySpecificResources.MessageHandler][6]Handling event 'ReagentStorageConditionChanged' with args TemperatureState: 'RefrigeratedTemperature', Temperature: 'Unit: 'C', Amount: '4.950006103515648'', IsHumidityInRange: 'True', Humidity: '30', TraceContext: '00-3d44571cc9385692cbc34e3087a91ec1-26747a8066a17714-01' ...[EOL]
[2026-09-22T08:31:02.3722451Z][RRM][I][AssaySpecificResources.MessageHandler][6]Handling event 'CassetteStoragePositionStateChanged' with args StoragePositionId: 'ControlCassetteLevel1Position1', RfidStatus: 'NotRead, NotRead, NotRead, NotRead', Cassette: '<null>', TraceContext: '<null>' ...[EOL]
[2026-09-22T08:31:02.3726328Z][RRM][I][AssaySpecificResources.MessageHandler][6]Handling event 'CassetteStoragePositionStateChanged' with args StoragePositionId: 'ControlCassetteLevel1Position2', RfidStatus: 'NotRead, NotRead, NotRead, NotRead', Cassette: '<null>', TraceContext: '<null>' ...[EOL]
[2026-09-22T08:31:02.3727636Z][RRM][I][AssaySpecificResources.MessageHandler][6]Handling event 'CassetteStoragePositionStateChanged' with args StoragePositionId: 'ControlCassetteLevel1Position3', RfidStatus: 'NotRead, NotRead, NotRead, NotRead', Cassette: '<null>', TraceContext: '<null>' ...[EOL]
[2026-09-22T08:31:02.3742030Z][RRM][I][AssaySpecificResources.MessageHandler][6]Handling event 'CassetteStoragePositionStateChanged' with args StoragePositionId: 'ControlCassetteLevel1Position4', RfidStatus: 'NotRead, NotRead, NotRead, NotRead', Cassette: '<null>', TraceContext: '<null>' ...[EOL]
[2026-09-22T08:31:02.3745179Z][RRM][I][AssaySpecificResources.MessageHandler][6]Handling event 'CassetteStoragePositionStateChanged' with args StoragePositionId: 'GeneralCassetteLevel2Position1', RfidStatus: 'NotRead, NotRead, NotRead, NotRead', Cassette: '<null>', TraceContext: '<null>' ...[EOL]
[2026-09-22T08:31:02.3747010Z][RRM][I][AssaySpecificResources.MessageHandler][6]Handling event 'CassetteStoragePositionStateChanged' with args StoragePositionId: 'GeneralCassetteLevel2Position2', RfidStatus: 'NotRead, NotRead, NotRead, NotRead', Cassette: '<null>', TraceContext: '<null>' ...[EOL]
[2026-09-22T08:31:02.3748070Z][RRM][I][AssaySpecificResources.MessageHandler][6]Handling event 'CassetteStoragePositionStateChanged' with args StoragePositionId: 'GeneralCassetteLevel2Position3', RfidStatus: 'NotRead, NotRead, NotRead, NotRead', Cassette: '<null>', TraceContext: '<null>' ...[EOL]
[2026-09-22T08:31:02.3751692Z][RRM][I][AssaySpecificResources.MessageHandler][6]Handling event 'CassetteStoragePositionStateChanged' with args StoragePositionId: 'GeneralCassetteLevel2Position4', RfidStatus: 'NotRead, NotRead, NotRead, NotRead', Cassette: '<null>', TraceContext: '<null>' ...[EOL]
[2026-09-22T08:31:02.3958495Z][RRM][I][AssaySpecificResources.MessageHandler][6]Handling event 'CassetteStoragePositionStateChanged' with args StoragePositionId: 'GeneralCassetteLevel3Position1', RfidStatus: 'NotRead, NotRead, NotRead, NotRead', Cassette: '<null>', TraceContext: '<null>' ...[EOL]
[2026-09-22T08:31:02.3974708Z][RRM][I][AssaySpecificResources.MessageHandler][6]Handling event 'CassetteStoragePositionStateChanged' with args StoragePositionId: 'GeneralCassetteLevel3Position2', RfidStatus: 'NotRead, NotRead, NotRead, NotRead', Cassette: '<null>', TraceContext: '<null>' ...[EOL]
[2026-09-22T08:31:02.4581288Z][RRM][I][GenericResources.MessageHandler][6]Handling event 'WorkflowManagementOperationalStateChanged' with args State: 'NotOperational', TransferModuleState: 'NotOperational', ProcessingModules: ''ProcessingModuleId: 'A', State: 'NotOperational''', AnalyticModuleState: 'NotOperational', AnalyticUnits: ''AnalyticUnitId: 'A1', State: 'NotOperational'', 'AnalyticUnitId: 'A2', State: 'NotOperational''', MainHandlerState: 'Operational', ReagentStorageState: 'Operational', AmplificationPlateMagazines: '<empty>', ProcessingPlateMagazines: '<empty>', TipRackMagazines: '<empty>', MgpCassetteMagazines: '<empty>', TraceContext: '<null>' ...[EOL]
[2026-09-22T08:31:02.4632066Z][RRM][I][AssaySpecificResources.MessageHandler][6]Handling event 'CassetteStoragePositionStateChanged' with args StoragePositionId: 'GeneralCassetteLevel3Position3', RfidStatus: 'NotRead, NotRead, NotRead, NotRead', Cassette: '<null>', TraceContext: '<null>' ...[EOL]
[2026-09-22T08:31:02.5537087Z][RRM][I][AssaySpecificResources.MessageHandler][6]Handling event 'CassetteStoragePositionStateChanged' with args StoragePositionId: 'GeneralCassetteLevel3Position4', RfidStatus: 'NotRead, NotRead, NotRead, NotRead', Cassette: '<null>', TraceContext: '<null>' ...[EOL]
[2026-09-22T08:31:02.5543795Z][RRM][I][AssaySpecificResources.MessageHandler][6]Handling event 'CassetteStoragePositionStateChanged' with args StoragePositionId: 'GeneralCassetteLevel4Position1', RfidStatus: 'NotRead, NotRead, NotRead, NotRead', Cassette: '<null>', TraceContext: '<null>' ...[EOL]
[2026-09-22T08:31:02.5546209Z][RRM][I][AssaySpecificResources.MessageHandler][6]Handling event 'CassetteStoragePositionStateChanged' with args StoragePositionId: 'GeneralCassetteLevel4Position2', RfidStatus: 'NotRead, NotRead, NotRead, NotRead', Cassette: '<null>', TraceContext: '<null>' ...[EOL]
[2026-09-22T08:31:02.5546892Z][RRM][I][AssaySpecificResources.MessageHandler][6]Handling event 'CassetteStoragePositionStateChanged' with args StoragePositionId: 'GeneralCassetteLevel4Position3', RfidStatus: 'NotRead, NotRead, NotRead, NotRead', Cassette: '<null>', TraceContext: '<null>' ...[EOL]
[2026-09-22T08:31:02.5547565Z][RRM][I][AssaySpecificResources.MessageHandler][6]Handling event 'CassetteStoragePositionStateChanged' with args StoragePositionId: 'GeneralCassetteLevel4Position4', RfidStatus: 'NotRead, NotRead, NotRead, NotRead', Cassette: '<null>', TraceContext: '<null>' ...[EOL]
[2026-09-22T08:31:03.3496978Z][RRM][I][GenericResources.MessageHandler][6]Handling event 'DrawerFillLevelChanged' with args DrawerFillLevel: 'FillLevelPostion1: '0', FillLevelPostion2: '0'', TraceContext: '00-dd82d13ed26ec30b58a7827c44aa343a-ddb1efac963fcbf4-01' ...[EOL]
[2026-09-22T08:31:03.3583881Z][RRM][I][GenericResources.Resource.AmplificationPlateWaste][6]Updated location 'AmplificationPlateWaste'. AvailableAmount: '24', Delta: '+24'[EOL]
[2026-09-22T08:31:03.8341359Z][RRM][I][GenericResources.MessageHandler][13]Handling event 'WorkflowManagementOperationalStateChanged' with args State: 'NotOperational', TransferModuleState: 'NotOperational', ProcessingModules: ''ProcessingModuleId: 'A', State: 'NotOperational''', AnalyticModuleState: 'Operational', AnalyticUnits: ''AnalyticUnitId: 'A1', State: 'NotOperational'', 'AnalyticUnitId: 'A2', State: 'Operational''', MainHandlerState: 'Operational', ReagentStorageState: 'Operational', AmplificationPlateMagazines: '<empty>', ProcessingPlateMagazines: '<empty>', TipRackMagazines: '<empty>', MgpCassetteMagazines: '<empty>', TraceContext: '<null>' ...[EOL]
[2026-09-22T08:31:04.6456269Z][RRM][I][GenericResources.MessageHandler][13]Handling event 'LiquidWasteContainerContentUpdated' with args ModuleId: 'A', TraceContext: '00-d26ab759adf0a57f5729824cf1dd8afa-9dc3634c38786167-01', ContainerId: 'LiquidWaste1', State: 'Locked', InitialVolume: 'Unit: 'M3', Amount: '0.0048'', RemainingVolume: 'Unit: 'M3', Amount: '0.0048'', MaxFillLevelReached: 'False' ...[EOL]
[2026-09-22T08:31:04.6845938Z][RRM][I][GenericResources.Resource.LiquidWasteModuleA][13]Updated location 'Bottle1'. Nothing changed[EOL]
[2026-09-22T08:31:04.6868650Z][RRM][I][GenericResources.MessageHandler][13]Handling event 'LiquidWasteContainerContentUpdated' with args ModuleId: 'A', TraceContext: '00-39cef70a0a70ae626bf50fa743249e78-a43f2c25b0241f52-01', ContainerId: 'LiquidWaste2', State: 'Locked', InitialVolume: 'Unit: 'M3', Amount: '0.0048'', RemainingVolume: 'Unit: 'M3', Amount: '0.0048'', MaxFillLevelReached: 'False' ...[EOL]
[2026-09-22T08:31:04.6876579Z][RRM][I][GenericResources.Resource.LiquidWasteModuleA][13]Updated location 'Bottle2'. Nothing changed[EOL]
[2026-09-22T08:31:04.6894256Z][RRM][I][GenericResources.MessageHandler][13]Handling event 'WorkflowManagementOperationalStateChanged' with args State: 'NotOperational', TransferModuleState: 'NotOperational', ProcessingModules: ''ProcessingModuleId: 'A', State: 'NotOperational''', AnalyticModuleState: 'Operational', AnalyticUnits: ''AnalyticUnitId: 'A1', State: 'Operational'', 'AnalyticUnitId: 'A2', State: 'Operational''', MainHandlerState: 'Operational', ReagentStorageState: 'Operational', AmplificationPlateMagazines: '<empty>', ProcessingPlateMagazines: '<empty>', TipRackMagazines: '<empty>', MgpCassetteMagazines: '<empty>', TraceContext: '<null>' ...[EOL]
[2026-09-22T08:31:04.6899111Z][RRM][I][GenericResources.MessageHandler][13]Handling event 'LiquidWasteContainerContentUpdated' with args ModuleId: 'A', TraceContext: '00-243c396d71851cbaa6d1d7029dda76d4-85a9287896fce910-01', ContainerId: 'LiquidWaste3', State: 'Locked', InitialVolume: 'Unit: 'M3', Amount: '0.0048'', RemainingVolume: 'Unit: 'M3', Amount: '0.0048'', MaxFillLevelReached: 'False' ...[EOL]
[2026-09-22T08:31:04.6899696Z][RRM][I][GenericResources.Resource.LiquidWasteModuleA][13]Updated location 'Bottle3'. Nothing changed[EOL]
[2026-09-22T08:31:04.9941567Z][RRM][I][AssaySpecificResources.MessageHandler][6]Handling event 'AssembledRunsChanged' with args AssembledRuns: '<empty>', TraceContext: '<null>' ...[EOL]
[2026-09-22T08:31:05.2177290Z][RRM][I][GenericResources.MessageHandler][13]Handling event 'BulkContainerPositionContentUpdated' with args ModuleId: 'A', TraceContext: '00-b2da2b79276fb36ca7aac675c8569618-4a6421aafc72b0d2-01', ContainerId: 'WashReagent1', State: 'PresentLocked', CurrentVolume: '<null>', OpenStabilityExpirationDate: '<null>', RfidStatus: 'NoRfidFound', RfidData: '<null>', MinFillLevelReached: 'False', MinFillLevelAdjusted: 'False', IsDegassed: 'False' ...[EOL]
[2026-09-22T08:31:05.2730266Z][RRM][I][GenericResources.Resource.WashReagentModuleA][13]Updated location 'Container1'. Nothing changed[EOL]
[2026-09-22T08:31:05.2740931Z][RRM][I][GenericResources.MessageHandler][13]Handling event 'BulkContainerPositionContentUpdated' with args ModuleId: 'A', TraceContext: '00-06e03468cb293583f2568d6c672c0505-997ef253f3441600-01', ContainerId: 'WashReagent2', State: 'PresentLocked', CurrentVolume: '<null>', OpenStabilityExpirationDate: '<null>', RfidStatus: 'NoRfidFound', RfidData: '<null>', MinFillLevelReached: 'False', MinFillLevelAdjusted: 'False', IsDegassed: 'False' ...[EOL]
[2026-09-22T08:31:05.2765134Z][RRM][I][GenericResources.Resource.WashReagentModuleA][13]Updated location 'Container2'. AvailableAmount: '0', Delta: '0', Valid: 'False'[EOL]
[2026-09-22T08:31:05.2784174Z][RRM][I][GenericResources.MessageHandler][13]Handling event 'BulkContainerPositionContentUpdated' with args ModuleId: 'A', TraceContext: '00-566948020902396b869976001af71630-c3067114c238249c-01', ContainerId: 'WashReagent3', State: 'PresentLocked', CurrentVolume: '<null>', OpenStabilityExpirationDate: '<null>', RfidStatus: 'NoRfidFound', RfidData: '<null>', MinFillLevelReached: 'False', MinFillLevelAdjusted: 'False', IsDegassed: 'False' ...[EOL]
[2026-09-22T08:31:05.2786547Z][RRM][I][GenericResources.Resource.WashReagentModuleA][13]Updated location 'Container3'. AvailableAmount: '0', Delta: '0', Valid: 'False'[EOL]
[2026-09-22T08:31:05.2790990Z][RRM][I][GenericResources.MessageHandler][13]Handling event 'AssembledRunsChanged' with args AssembledRuns: '<empty>', TraceContext: '<null>' ...[EOL]
[2026-09-22T08:31:05.2853309Z][RRM][I][GenericResources.MessageHandler][13]Handling event 'BulkContainerPositionContentUpdated' with args ModuleId: 'A', TraceContext: '00-feb06f34146044816c3c92df80ae5648-1aafd9e4ee485bc0-01', ContainerId: 'Lysis1', State: 'PresentLocked', CurrentVolume: '<null>', OpenStabilityExpirationDate: '<null>', RfidStatus: 'NoRfidFound', RfidData: '<null>', MinFillLevelReached: 'False', MinFillLevelAdjusted: 'False', IsDegassed: 'False' ...[EOL]
[2026-09-22T08:31:05.2942308Z][RRM][I][GenericResources.Resource.LysisModuleA][13]Updated location 'Bottle1'. Nothing changed[EOL]
[2026-09-22T08:31:05.3346819Z][RRM][I][GenericResources.MessageHandler][13]Handling event 'RunScheduleChanged' with args ScheduledRuns: '<empty>', TraceContext: '<null>' ...[EOL]
[2026-09-22T08:31:05.3367995Z][RRM][I][GenericResources.MessageHandler][13]Handling event 'BulkContainerPositionContentUpdated' with args ModuleId: 'A', TraceContext: '00-2ec4714b1c4984a79e33d4940adc27e5-0405665ce2c92ab1-01', ContainerId: 'Lysis2', State: 'PresentLocked', CurrentVolume: '<null>', OpenStabilityExpirationDate: '<null>', RfidStatus: 'NoRfidFound', RfidData: '<null>', MinFillLevelReached: 'False', MinFillLevelAdjusted: 'False', IsDegassed: 'False' ...[EOL]
[2026-09-22T08:31:05.3370617Z][RRM][I][GenericResources.Resource.LysisModuleA][13]Updated location 'Bottle2'. Nothing changed[EOL]
[2026-09-22T08:31:05.3375456Z][RRM][I][GenericResources.MessageHandler][13]Handling event 'BulkContainerPositionContentUpdated' with args ModuleId: 'A', TraceContext: '00-832c1e91beea5f9f8a5139750e1ce6e6-77d11898d6762d8b-01', ContainerId: 'Diluent1', State: 'PresentLocked', CurrentVolume: '<null>', OpenStabilityExpirationDate: '<null>', RfidStatus: 'NoRfidFound', RfidData: '<null>', MinFillLevelReached: 'False', MinFillLevelAdjusted: 'False', IsDegassed: 'False' ...[EOL]
[2026-09-22T08:31:05.3589652Z][RRM][I][GenericResources.Resource.DiluentModuleA][13]Updated location 'Bottle1'. Nothing changed[EOL]
[2026-09-22T08:31:05.3597482Z][RRM][I][GenericResources.MessageHandler][13]Handling event 'BulkContainerPositionContentUpdated' with args ModuleId: 'A', TraceContext: '00-08e957b2bf178ec6459af9eb6853a662-fd772c7195002fa6-01', ContainerId: 'Diluent2', State: 'PresentLocked', CurrentVolume: '<null>', OpenStabilityExpirationDate: '<null>', RfidStatus: 'NoRfidFound', RfidData: '<null>', MinFillLevelReached: 'False', MinFillLevelAdjusted: 'False', IsDegassed: 'False' ...[EOL]
[2026-09-22T08:31:05.3604310Z][RRM][I][GenericResources.Resource.DiluentModuleA][13]Updated location 'Bottle2'. Nothing changed[EOL]
[2026-09-22T08:31:05.3731150Z][RRM][I][GenericResources.MessageHandler][13]Handling event 'WashReagentReservoirStateChanged' with args ModuleId: 'A', TraceContext: '00-76b8b2b559e71737e79ceafe48934c95-199cbe41e26fea2e-01', AvailableVolume: 'Unit: 'M3', Amount: '0.00085'', MaxFillLevelReached: 'True', MinFillLevelReached: 'False', WashReagentReservoirContent: '<null>' ...[EOL]
[2026-09-22T08:31:05.3779105Z][RRM][I][GenericResources.Resource.WashReagentModuleA][13]Updated location 'Reservoir'. AvailableAmount: '450000', Delta: '+450000', Valid: 'False'[EOL]
[2026-09-22T08:31:05.5285473Z][RRM][I][GenericResources.MessageHandler][13]Handling event 'SolidWasteFillLevelChanged' with args ModuleId: 'A', TraceContext: '<null>', OldCalculatedFillLevel: '0', NewCalculatedFillLevel: '0', IsContainerFull: 'False' ...[EOL]
[2026-09-22T08:31:05.5372374Z][RRM][I][GenericResources.Resource.SolidWasteModuleA][13]Updated location 'SolidWaste'. AvailableAmount: '100', Delta: '+100'[EOL]
[2026-09-22T08:31:05.9343217Z][RRM][I][GenericResources.MessageHandler][13]Handling event 'WashReagentContainerInvalidated' with args ModuleId: 'A', TraceContext: '00-b2da2b79276fb36ca7aac675c8569618-4a6421aafc72b0d2-01', ContainerId: 'WashReagent1', UniqueIdentifier: '<null>', Reason: 'NoRfidFound' ...[EOL]
[2026-09-22T08:31:05.9508986Z][RRM][I][GenericResources.Resource.WashReagentModuleA][13]Updated location 'Container1'. Valid: 'False', EndOfUse: '01/01/0001 00:00:00'[EOL]
[2026-09-22T08:31:05.9718980Z][RRM][I][GenericResources.MessageHandler][6]Handling event 'WashReagentContainerInvalidated' with args ModuleId: 'A', TraceContext: '00-06e03468cb293583f2568d6c672c0505-997ef253f3441600-01', ContainerId: 'WashReagent2', UniqueIdentifier: '<null>', Reason: 'NoRfidFound' ...[EOL]
[2026-09-22T08:31:05.9724588Z][RRM][I][GenericResources.Resource.WashReagentModuleA][6]Updated location 'Container2'. Valid: 'False', EndOfUse: '01/01/0001 00:00:00'[EOL]
[2026-09-22T08:31:05.9746307Z][RRM][I][GenericResources.MessageHandler][6]Handling event 'WashReagentContainerInvalidated' with args ModuleId: 'A', TraceContext: '00-566948020902396b869976001af71630-c3067114c238249c-01', ContainerId: 'WashReagent3', UniqueIdentifier: '<null>', Reason: 'NoRfidFound' ...[EOL]
[2026-09-22T08:31:05.9747372Z][RRM][I][GenericResources.Resource.WashReagentModuleA][6]Updated location 'Container3'. Valid: 'False', EndOfUse: '01/01/0001 00:00:00'[EOL]
[2026-09-22T08:31:06.0034960Z][RRM][I][GenericResources.MessageHandler][6]Handling event 'LysisContainerInvalidated' with args ModuleId: 'A', TraceContext: '00-feb06f34146044816c3c92df80ae5648-1aafd9e4ee485bc0-01', ContainerId: 'Lysis1', UniqueIdentifier: '<null>', Reason: 'NoRfidFound' ...[EOL]
[2026-09-22T08:31:06.0046956Z][RRM][I][GenericResources.Resource.LysisModuleA][6]Updated location 'Bottle1'. Valid: 'False'[EOL]
[2026-09-22T08:31:06.0153268Z][RRM][I][GenericResources.MessageHandler][6]Handling event 'LysisContainerInvalidated' with args ModuleId: 'A', TraceContext: '00-2ec4714b1c4984a79e33d4940adc27e5-0405665ce2c92ab1-01', ContainerId: 'Lysis2', UniqueIdentifier: '<null>', Reason: 'NoRfidFound' ...[EOL]
[2026-09-22T08:31:06.0154756Z][RRM][I][GenericResources.Resource.LysisModuleA][6]Updated location 'Bottle2'. Valid: 'False'[EOL]
[2026-09-22T08:31:06.0737414Z][RRM][I][GenericResources.MessageHandler][6]Handling event 'DiluentContainerInvalidated' with args ModuleId: 'A', TraceContext: '00-832c1e91beea5f9f8a5139750e1ce6e6-77d11898d6762d8b-01', ContainerId: 'Diluent1', UniqueIdentifier: '<null>', Reason: 'NoRfidFound' ...[EOL]
[2026-09-22T08:31:06.0757681Z][RRM][I][GenericResources.Resource.DiluentModuleA][6]Updated location 'Bottle1'. Valid: 'False'[EOL]
[2026-09-22T08:31:06.0863434Z][RRM][I][GenericResources.MessageHandler][6]Handling event 'DiluentContainerInvalidated' with args ModuleId: 'A', TraceContext: '00-08e957b2bf178ec6459af9eb6853a662-fd772c7195002fa6-01', ContainerId: 'Diluent2', UniqueIdentifier: '<null>', Reason: 'NoRfidFound' ...[EOL]
[2026-09-22T08:31:06.0867797Z][RRM][I][GenericResources.Resource.DiluentModuleA][6]Updated location 'Bottle2'. Valid: 'False'[EOL]
[2026-09-22T08:31:06.1557825Z][RRM][I][GenericResources.MessageHandler][6]Handling event 'WashReagentReservoirInvalidated' with args ModuleId: 'A', TraceContext: '00-76b8b2b559e71737e79ceafe48934c95-199cbe41e26fea2e-01', Reason: 'UnknownContent' ...[EOL]
[2026-09-22T08:31:06.1561988Z][RRM][I][GenericResources.Resource.WashReagentModuleA][6]Updated location 'Reservoir'. Valid: 'False', EndOfUse: '01/01/0001 00:00:00'[EOL]
[2026-09-22T08:31:06.5970299Z][RRM][I][GenericResources.MessageHandler][6]Handling event 'LiquidWasteContainerContentUpdated' with args ModuleId: 'A', TraceContext: '00-b063a55ef0e66d49e0d0b4843a3439bd-4367751cd9a3caa0-01', ContainerId: 'LiquidWaste3', State: 'Unlocked', InitialVolume: 'Unit: 'M3', Amount: '0.0048'', RemainingVolume: 'Unit: 'M3', Amount: '0.0048'', MaxFillLevelReached: 'False' ...[EOL]
[2026-09-22T08:31:06.5979158Z][RRM][I][GenericResources.Resource.LiquidWasteModuleA][6]Updated location 'Bottle3'. Nothing changed[EOL]
[2026-09-22T08:31:06.7349349Z][RRM][I][GenericResources.MessageHandler][14]Handling event 'LiquidWasteContainerContentUpdated' with args ModuleId: 'A', TraceContext: '00-0523bcea1dc0686b605fef93ca7709a7-b7d6f5383bc90330-01', ContainerId: 'LiquidWaste2', State: 'Unlocked', InitialVolume: 'Unit: 'M3', Amount: '0.0048'', RemainingVolume: 'Unit: 'M3', Amount: '0.0048'', MaxFillLevelReached: 'False' ...[EOL]
[2026-09-22T08:31:06.7350470Z][RRM][I][GenericResources.Resource.LiquidWasteModuleA][14]Updated location 'Bottle2'. Nothing changed[EOL]
[2026-09-22T08:31:06.7815089Z][RRM][I][GenericResources.MessageHandler][14]Handling event 'LiquidWasteContainerContentUpdated' with args ModuleId: 'A', TraceContext: '00-94c8fcad38af466323bb7d093bc1e09f-e5b7f72792c8812c-01', ContainerId: 'LiquidWaste1', State: 'Unlocked', InitialVolume: 'Unit: 'M3', Amount: '0.0048'', RemainingVolume: 'Unit: 'M3', Amount: '0.0048'', MaxFillLevelReached: 'False' ...[EOL]
[2026-09-22T08:31:06.7818230Z][RRM][I][GenericResources.Resource.LiquidWasteModuleA][14]Updated location 'Bottle1'. Nothing changed[EOL]
[2026-09-22T08:31:06.9630416Z][RRM][I][GenericResources.MessageHandler][6]Handling event 'BulkContainerPositionContentUpdated' with args ModuleId: 'A', TraceContext: '00-e3ad6c088bf6dd8897d3d739f84775a3-b837c113ae7d5a1c-01', ContainerId: 'WashReagent1', State: 'PresentUnlocked', CurrentVolume: '<null>', OpenStabilityExpirationDate: '<null>', RfidStatus: 'NoRfidFound', RfidData: '<null>', MinFillLevelReached: 'False', MinFillLevelAdjusted: 'False', IsDegassed: 'False' ...[EOL]
[2026-09-22T08:31:06.9648188Z][RRM][I][GenericResources.Resource.WashReagentModuleA][6]Updated location 'Container1'. AvailableAmount: '0', Delta: '0', Valid: 'False'[EOL]
[2026-09-22T08:31:07.0457579Z][RRM][I][GenericResources.MessageHandler][14]Handling event 'BulkContainerPositionContentUpdated' with args ModuleId: 'A', TraceContext: '00-880434834abaf357c6a821d4f51ef418-cb0d179b540f89a4-01', ContainerId: 'WashReagent2', State: 'PresentUnlocked', CurrentVolume: '<null>', OpenStabilityExpirationDate: '<null>', RfidStatus: 'NoRfidFound', RfidData: '<null>', MinFillLevelReached: 'False', MinFillLevelAdjusted: 'False', IsDegassed: 'False' ...[EOL]
[2026-09-22T08:31:07.0460522Z][RRM][I][GenericResources.Resource.WashReagentModuleA][14]Updated location 'Container2'. AvailableAmount: '0', Delta: '0', Valid: 'False'[EOL]
[2026-09-22T08:31:07.0935693Z][RRM][I][GenericResources.MessageHandler][6]Handling event 'BulkContainerPositionContentUpdated' with args ModuleId: 'A', TraceContext: '00-d5c94a3e4c2f10504355ac167c5ded56-c8e838d21ff19989-01', ContainerId: 'WashReagent3', State: 'PresentUnlocked', CurrentVolume: '<null>', OpenStabilityExpirationDate: '<null>', RfidStatus: 'NoRfidFound', RfidData: '<null>', MinFillLevelReached: 'False', MinFillLevelAdjusted: 'False', IsDegassed: 'False' ...[EOL]
[2026-09-22T08:31:07.0937462Z][RRM][I][GenericResources.Resource.WashReagentModuleA][6]Updated location 'Container3'. AvailableAmount: '0', Delta: '0', Valid: 'False'[EOL]
[2026-09-22T08:31:07.1562476Z][RRM][I][GenericResources.MessageHandler][6]Handling event 'BulkContainerPositionContentUpdated' with args ModuleId: 'A', TraceContext: '00-e95173984d50d869881b1916bb02aa5a-ed2cd4aaf5a90828-01', ContainerId: 'Lysis2', State: 'PresentUnlocked', CurrentVolume: '<null>', OpenStabilityExpirationDate: '<null>', RfidStatus: 'NoRfidFound', RfidData: '<null>', MinFillLevelReached: 'False', MinFillLevelAdjusted: 'False', IsDegassed: 'False' ...[EOL]
[2026-09-22T08:31:07.1617536Z][RRM][I][GenericResources.Resource.LysisModuleA][6]Updated location 'Bottle2'. Nothing changed[EOL]
[2026-09-22T08:31:07.1873489Z][RRM][I][GenericResources.MessageHandler][14]Handling event 'BulkContainerPositionContentUpdated' with args ModuleId: 'A', TraceContext: '00-113aafda503ecada37ff1b6ae4669f31-8bda2a2040921ac9-01', ContainerId: 'Lysis1', State: 'PresentUnlocked', CurrentVolume: '<null>', OpenStabilityExpirationDate: '<null>', RfidStatus: 'NoRfidFound', RfidData: '<null>', MinFillLevelReached: 'False', MinFillLevelAdjusted: 'False', IsDegassed: 'False' ...[EOL]
[2026-09-22T08:31:07.1875282Z][RRM][I][GenericResources.Resource.LysisModuleA][14]Updated location 'Bottle1'. Nothing changed[EOL]
[2026-09-22T08:31:07.2160152Z][RRM][I][GenericResources.MessageHandler][14]Handling event 'BulkContainerPositionContentUpdated' with args ModuleId: 'A', TraceContext: '00-f6aea759f9e434cd0e342e246ef6ff94-55b66e5c00822638-01', ContainerId: 'Diluent1', State: 'PresentUnlocked', CurrentVolume: '<null>', OpenStabilityExpirationDate: '<null>', RfidStatus: 'NoRfidFound', RfidData: '<null>', MinFillLevelReached: 'False', MinFillLevelAdjusted: 'False', IsDegassed: 'False' ...[EOL]
[2026-09-22T08:31:07.2162220Z][RRM][I][GenericResources.Resource.DiluentModuleA][14]Updated location 'Bottle1'. Nothing changed[EOL]
[2026-09-22T08:31:07.2230172Z][RRM][I][GenericResources.MessageHandler][6]Handling event 'BulkContainerPositionContentUpdated' with args ModuleId: 'A', TraceContext: '00-4c040eb666a631df33e92eb33322cb66-2349dc41d35981ca-01', ContainerId: 'Diluent2', State: 'PresentUnlocked', CurrentVolume: '<null>', OpenStabilityExpirationDate: '<null>', RfidStatus: 'NoRfidFound', RfidData: '<null>', MinFillLevelReached: 'False', MinFillLevelAdjusted: 'False', IsDegassed: 'False' ...[EOL]
[2026-09-22T08:31:07.2232456Z][RRM][I][GenericResources.Resource.DiluentModuleA][6]Updated location 'Bottle2'. Nothing changed[EOL]
[2026-09-22T08:31:07.4070318Z][RRM][I][GenericResources.MessageHandler][6]Handling event 'WorkflowManagementOperationalStateChanged' with args State: 'NotOperational', TransferModuleState: 'Operational', ProcessingModules: ''ProcessingModuleId: 'A', State: 'Operational''', AnalyticModuleState: 'Operational', AnalyticUnits: ''AnalyticUnitId: 'A1', State: 'Operational'', 'AnalyticUnitId: 'A2', State: 'Operational''', MainHandlerState: 'Operational', ReagentStorageState: 'Operational', AmplificationPlateMagazines: '<empty>', ProcessingPlateMagazines: '<empty>', TipRackMagazines: '<empty>', MgpCassetteMagazines: '<empty>', TraceContext: '<null>' ...[EOL]
[2026-09-22T08:31:08.6320325Z][RRM][I][GenericResources.MessageHandler][6]Handling event 'WorkflowManagementOperationalStateChanged' with args State: 'NotOperational', TransferModuleState: 'Operational', ProcessingModules: ''ProcessingModuleId: 'A', State: 'Operational''', AnalyticModuleState: 'Operational', AnalyticUnits: ''AnalyticUnitId: 'A1', State: 'Operational'', 'AnalyticUnitId: 'A2', State: 'Operational''', MainHandlerState: 'Operational', ReagentStorageState: 'Operational', AmplificationPlateMagazines: '<empty>', ProcessingPlateMagazines: '<empty>', TipRackMagazines: '<empty>', MgpCassetteMagazines: ''MgpCassetteMagazineId: 'H', State: 'Operational''', TraceContext: '<null>' ...[EOL]
[2026-09-22T08:31:08.9497986Z][RRM][I][GenericResources.MessageHandler][6]Handling event 'WorkflowManagementOperationalStateChanged' with args State: 'NotOperational', TransferModuleState: 'Operational', ProcessingModules: ''ProcessingModuleId: 'A', State: 'Operational''', AnalyticModuleState: 'Operational', AnalyticUnits: ''AnalyticUnitId: 'A1', State: 'Operational'', 'AnalyticUnitId: 'A2', State: 'Operational''', MainHandlerState: 'Operational', ReagentStorageState: 'Operational', AmplificationPlateMagazines: ''AmplificationPlateMagazineId: 'I', State: 'Operational''', ProcessingPlateMagazines: '<empty>', TipRackMagazines: '<empty>', MgpCassetteMagazines: ''MgpCassetteMagazineId: 'H', State: 'Operational''', TraceContext: '<null>' ...[EOL]
[2026-09-22T08:31:09.1907399Z][RRM][I][GenericResources.MessageHandler][6]Handling event 'WorkflowManagementOperationalStateChanged' with args State: 'NotOperational', TransferModuleState: 'Operational', ProcessingModules: ''ProcessingModuleId: 'A', State: 'Operational''', AnalyticModuleState: 'Operational', AnalyticUnits: ''AnalyticUnitId: 'A1', State: 'Operational'', 'AnalyticUnitId: 'A2', State: 'Operational''', MainHandlerState: 'Operational', ReagentStorageState: 'Operational', AmplificationPlateMagazines: ''AmplificationPlateMagazineId: 'I', State: 'Operational''', ProcessingPlateMagazines: ''ProcessingPlateMagazineId: 'G', State: 'Operational''', TipRackMagazines: '<empty>', MgpCassetteMagazines: ''MgpCassetteMagazineId: 'H', State: 'Operational''', TraceContext: '<null>' ...[EOL]
[2026-09-22T08:31:09.4064695Z][RRM][I][GenericResources.MessageHandler][6]Handling event 'WorkflowManagementOperationalStateChanged' with args State: 'Operational', TransferModuleState: 'Operational', ProcessingModules: ''ProcessingModuleId: 'A', State: 'Operational''', AnalyticModuleState: 'Operational', AnalyticUnits: ''AnalyticUnitId: 'A1', State: 'Operational'', 'AnalyticUnitId: 'A2', State: 'Operational''', MainHandlerState: 'Operational', ReagentStorageState: 'Operational', AmplificationPlateMagazines: ''AmplificationPlateMagazineId: 'I', State: 'Operational''', ProcessingPlateMagazines: ''ProcessingPlateMagazineId: 'G', State: 'Operational''', TipRackMagazines: ''TipRackMagazineId: 'E', State: 'Operational''', MgpCassetteMagazines: ''MgpCassetteMagazineId: 'H', State: 'Operational''', TraceContext: '<null>' ...[EOL]
[2026-09-22T08:31:09.4524788Z][RRM][I][GenericResources.MessageHandler][13]Handling event 'WorkflowManagementOperationalStateChanged' with args State: 'Operational', TransferModuleState: 'Operational', ProcessingModules: ''ProcessingModuleId: 'A', State: 'Operational''', AnalyticModuleState: 'Operational', AnalyticUnits: ''AnalyticUnitId: 'A1', State: 'Operational'', 'AnalyticUnitId: 'A2', State: 'Operational''', MainHandlerState: 'Operational', ReagentStorageState: 'Operational', AmplificationPlateMagazines: ''AmplificationPlateMagazineId: 'I', State: 'Operational''', ProcessingPlateMagazines: ''ProcessingPlateMagazineId: 'G', State: 'Operational''', TipRackMagazines: ''TipRackMagazineId: 'D', State: 'Operational'', 'TipRackMagazineId: 'E', State: 'Operational''', MgpCassetteMagazines: ''MgpCassetteMagazineId: 'H', State: 'Operational''', TraceContext: '<null>' ...[EOL]
[2026-09-22T08:31:09.4583389Z][RRM][I][GenericResources.MessageHandler][6]Handling event 'WorkflowManagementOperationalStateChanged' with args State: 'Operational', TransferModuleState: 'Operational', ProcessingModules: ''ProcessingModuleId: 'A', State: 'Operational''', AnalyticModuleState: 'Operational', AnalyticUnits: ''AnalyticUnitId: 'A1', State: 'Operational'', 'AnalyticUnitId: 'A2', State: 'Operational''', MainHandlerState: 'Operational', ReagentStorageState: 'Operational', AmplificationPlateMagazines: ''AmplificationPlateMagazineId: 'I', State: 'Operational'', 'AmplificationPlateMagazineId: 'J', State: 'Operational''', ProcessingPlateMagazines: ''ProcessingPlateMagazineId: 'G', State: 'Operational''', TipRackMagazines: ''TipRackMagazineId: 'D', State: 'Operational'', 'TipRackMagazineId: 'E', State: 'Operational''', MgpCassetteMagazines: ''MgpCassetteMagazineId: 'H', State: 'Operational''', TraceContext: '<null>' ...[EOL]
[2026-09-22T08:31:09.4588450Z][RRM][I][GenericResources.MessageHandler][6]Handling event 'WorkflowManagementOperationalStateChanged' with args State: 'Operational', TransferModuleState: 'Operational', ProcessingModules: ''ProcessingModuleId: 'A', State: 'Operational''', AnalyticModuleState: 'Operational', AnalyticUnits: ''AnalyticUnitId: 'A1', State: 'Operational'', 'AnalyticUnitId: 'A2', State: 'Operational''', MainHandlerState: 'Operational', ReagentStorageState: 'Operational', AmplificationPlateMagazines: ''AmplificationPlateMagazineId: 'I', State: 'Operational'', 'AmplificationPlateMagazineId: 'J', State: 'Operational''', ProcessingPlateMagazines: ''ProcessingPlateMagazineId: 'F', State: 'Operational'', 'ProcessingPlateMagazineId: 'G', State: 'Operational''', TipRackMagazines: ''TipRackMagazineId: 'D', State: 'Operational'', 'TipRackMagazineId: 'E', State: 'Operational''', MgpCassetteMagazines: ''MgpCassetteMagazineId: 'H', State: 'Operational''', TraceContext: '<null>' ...[EOL]
[2026-09-22T08:31:09.5762981Z][RRM][I][GenericResources.MessageHandler][13]Handling event 'AmplificationPlateMagazineInventoryChanged' with args MagazineId: 'I', AmplificationPlateCassettePresent: 'False', AmplificationPlate: '<null>', NumberOfAmplificationPlates: '0', TraceContext: '00-e4be1d2054434353d02d3886e243a6ff-2f797a1cf37410f3-01' ...[EOL]
[2026-09-22T08:31:09.6212810Z][RRM][I][GenericResources.Resource.AmplificationPlate][13]Updated location 'I'. Nothing changed[EOL]
[2026-09-22T08:31:09.6222871Z][RRM][I][GenericResources.MessageHandler][13]Handling event 'AmplificationPlateMagazineInventoryChanged' with args MagazineId: 'J', AmplificationPlateCassettePresent: 'False', AmplificationPlate: '<null>', NumberOfAmplificationPlates: '0', TraceContext: '00-f9a0e51bc1f72c898c41fd81f6ecb24a-f4121d3e9d8b5a6c-01' ...[EOL]
[2026-09-22T08:31:09.6224439Z][RRM][I][GenericResources.Resource.AmplificationPlate][13]Updated location 'J'. Nothing changed[EOL]
[2026-09-22T08:31:09.6851469Z][RRM][I][GenericResources.MessageHandler][13]Handling event 'MgpCassetteMagazineInventoryChanged' with args MagazineId: 'H', Positions: '<empty>', TraceContext: '00-ee3307ab5b6c42ca0c3e028e9c8c1c8d-762b449434a35817-01' ...[EOL]
[2026-09-22T08:31:09.6902713Z][RRM][I][GenericResources.Resource.MgpCassetteModuleA][13]Updated location 'MagazineATop'. Nothing changed[EOL]
[2026-09-22T08:31:09.6905815Z][RRM][I][GenericResources.Resource.MgpCassetteModuleA][13]Updated location 'MagazineABottom'. Nothing changed[EOL]
[2026-09-22T08:31:09.7532372Z][RRM][I][GenericResources.MessageHandler][6]Handling event 'TipRackMagazineInventoryChanged' with args MagazineId: 'E', Positions: '<empty>', TraceContext: '00-dd82d13ed26ec30b58a7827c44aa343a-b6d2b53fe99ccd46-01' ...[EOL]
[2026-09-22T08:31:09.7662483Z][RRM][I][GenericResources.Resource.TipRack][6]Updated location 'E'. Nothing changed[EOL]
[2026-09-22T08:31:09.7687017Z][RRM][I][GenericResources.MessageHandler][6]Handling event 'TipRackMagazineInventoryChanged' with args MagazineId: 'D', Positions: '<empty>', TraceContext: '00-dd82d13ed26ec30b58a7827c44aa343a-fda6e0bf3a0dbb97-01' ...[EOL]
[2026-09-22T08:31:09.7689336Z][RRM][I][GenericResources.Resource.TipRack][6]Updated location 'D'. Nothing changed[EOL]
[2026-09-22T08:31:09.7998765Z][RRM][I][GenericResources.MessageHandler][6]Handling event 'ProcessingPlateMagazineInventoryChanged' with args MagazineId: 'F', Positions: '<empty>', TraceContext: '00-dd82d13ed26ec30b58a7827c44aa343a-96ee3daad7ac606b-01' ...[EOL]
[2026-09-22T08:31:09.8041080Z][RRM][I][GenericResources.Resource.ProcessingPlate][6]Updated location 'F'. Nothing changed[EOL]
[2026-09-22T08:31:09.8046209Z][RRM][I][GenericResources.MessageHandler][6]Handling event 'ProcessingPlateMagazineInventoryChanged' with args MagazineId: 'G', Positions: '<empty>', TraceContext: '00-dd82d13ed26ec30b58a7827c44aa343a-59101b224198c653-01' ...[EOL]
[2026-09-22T08:31:09.8047400Z][RRM][I][GenericResources.Resource.ProcessingPlate][6]Updated location 'G'. Nothing changed[EOL]
[2026-09-22T08:31:10.4842083Z][RRM][I][GenericResources.MessageHandler][6]Handling event 'MgpCassetteRfidRead' with args ModuleId: 'A', TraceContext: '00-dd82d13ed26ec30b58a7827c44aa343a-5f17c6f26bdc855a-01', RfidStatus: 'NoRfidFound', MgpCassette: '<null>' ...[EOL]
[2026-09-22T08:31:10.4885940Z][RRM][I][GenericResources.Resource.MgpCassetteModuleA][6]Updated location 'Shaker'. Nothing changed[EOL]
[2026-09-22T08:31:12.2463875Z][RRM][I][TestDefinitionData.MessageHandler][14]Handling event 'TestDefinitionDataUpdated' with args NewlyAvailableAssayIds: '<empty>', TraceContext: '<null>' ...[EOL]
[2026-09-22T08:31:12.4099563Z][RRM][I][TestDefinitionData.Instrument.TestDefinitionDataLoader][14]Loading TestDefinitionData.Instrument from repositories ...[EOL]
[2026-09-22T08:31:12.4184209Z][RRM][I][TestDefinitionData.ReadOnlyRepository<Roche.CX800.TestDefinitionData.Instrument.MediaTypes.MediaType>][14]Loading from files '' ...[EOL]
[2026-09-22T08:31:12.4189519Z][RRM][I][TestDefinitionData.ReadOnlyRepository<Roche.CX800.TestDefinitionData.Instrument.Processes.TransferProcesses.TransferProcess>][14]Loading from files '' ...[EOL]
[2026-09-22T08:31:12.4190632Z][RRM][I][TestDefinitionData.ReadOnlyRepository<Roche.CX800.TestDefinitionData.Instrument.Processes.SamplePreparationProcesses.SamplePreparationProcess>][14]Loading from files '' ...[EOL]
[2026-09-22T08:31:12.4191161Z][RRM][I][TestDefinitionData.ReadOnlyRepository<Roche.CX800.TestDefinitionData.Instrument.Assays.Assay>][14]Loading from files '' ...[EOL]
[2026-09-22T08:31:12.4193711Z][RRM][I][TestDefinitionData.Instrument.TestDefinitionDataLoader][14]TestDefinitionData.Instrument successfully loaded[EOL]
[2026-09-22T08:31:12.4270410Z][RRM][I][AssaySpecificResources.MessageHandler][6]Handling event 'TestDefinitionDataUpdated' with args NewlyAvailableAssayIds: '<empty>', TraceContext: '<null>' ...[EOL]
