[2026-09-22T07:24:58.4252069Z][SSMS][I][Launcher.Bootstrapper][1]Bootstrapping unit 'SampleSupplyModule.Simulator' with version '1.0.0+1344790.f6ab07177a6d157baaf4608d1df001bf77509c8c' ...[EOL]
[2026-09-22T07:24:58.5299536Z][SSMS][I][Launcher.Bootstrapper][1]Configuring unit 'SampleSupplyModule.Simulator' ...[EOL]
[2026-09-22T07:24:58.7099864Z][SSMS][I][Launcher.Bootstrapper][1]Starting unit 'SampleSupplyModule.Simulator' ...[EOL]
[2026-09-22T07:24:58.7686917Z][SSMS][I][Messaging.RabbitMQ.RabbitMQClient.SSM.Simulator][1]Initializing Messagebus ...[EOL]
[2026-09-22T07:25:53.3099695Z][SSMS][I][Messaging.RabbitMQ.RabbitMQClient.SSM.Simulator][1]Connected successfully to 'amqp://rabbitmq-server:5672'[EOL]
[2026-09-22T07:26:18.3085050Z][SSMS][W][][1]Storing keys in a directory '/root/.aspnet/DataProtection-Keys' that may not be persisted outside of the container. Protected data will be unavailable when container is destroyed. For more information go to https://aka.ms/aspnet/dataprotectionwarning[EOL]
[2026-09-22T07:26:18.3319122Z][SSMS][I][][1]User profile is available. Using '/root/.aspnet/DataProtection-Keys' as key repository; keys will not be encrypted at rest.[EOL]
[2026-09-22T07:26:21.2931959Z][SSMS][I][][1]Creating key {3102a065-ac99-4ca1-be9a-80746a37da9a} with creation date 2026-09-22 07:26:21Z, activation date 2026-09-22 07:26:21Z, and expiration date 2026-12-21 07:26:21Z.[EOL]
[2026-09-22T07:26:21.9063635Z][SSMS][W][][1]No XML encryptor configured. Key {3102a065-ac99-4ca1-be9a-80746a37da9a} may be persisted to storage in unencrypted form.[EOL]
[2026-09-22T07:26:21.9989295Z][SSMS][I][][1]Writing data to file '/root/.aspnet/DataProtection-Keys/key-3102a065-ac99-4ca1-be9a-80746a37da9a.xml'.[EOL]
[2026-09-22T07:26:23.7176642Z][SSMS][I][][1]Now listening on: http://0.0.0.0:5000[EOL]
[2026-09-22T07:26:23.7657408Z][SSMS][I][][1]Application started. Press Ctrl+C to shut down.[EOL]
[2026-09-22T07:26:23.7715861Z][SSMS][I][][1]Hosting environment: Production[EOL]
[2026-09-22T07:26:23.7738383Z][SSMS][I][][1]Content root path: /app[EOL]
[2026-09-22T07:26:24.1417251Z][SSMS][I][LifecycleProcessManager][1]Starting up message bus ...[EOL]
[2026-09-22T07:26:24.1611644Z][SSMS][I][LifecycleProcessManager][1]Publishing event 'HardwareInfoAcquired' with args FirmwareVersion: '1.02.01.0000', HardwareVersion: '1.0', SerialNumber: '1234-5678', TraceContext: '<null>' ...[EOL]
[2026-09-22T07:26:24.4432074Z][SSMS][I][Model.RackOutputLane][1]Setting flag 'has conveyor attached' to 'False'[EOL]
[2026-09-22T07:26:24.4770646Z][SSMS][I][Model.RackOutputLane][1]Setting rack output destination to 'OutputBuffer'[EOL]
[2026-09-22T07:26:24.4853907Z][SSMS][I][Model.RackOutputLane][1]Publishing event 'OutputRackDestinationChanged' with args OutputRackDestination: 'OutputBuffer', TraceContext: '<null>' ...[EOL]
[2026-09-22T07:26:24.7602222Z][SSMS][I][Model.SampleSupplyModuleState][1]Publishing event 'OperatingModeSwitchChanged' with args SwitchState: 'StandAlone', TraceContext: '<null>' ...[EOL]
[2026-09-22T07:26:24.8609916Z][SSMS][I][Model.SampleSupplyModuleState][1]Publishing event 'OperatingModeChanged' with args OperatingMode: 'StandAlone', TraceContext: '<null>' ...[EOL]
[2026-09-22T07:26:24.9113954Z][SSMS][I][Model.SampleSupplyModuleState][1]Publishing event 'ModuleStateChanged' with args ModuleState: 'Initializing', TraceContext: '<null>' ...[EOL]
[2026-09-22T07:26:24.9862099Z][SSMS][I][Model.SampleSupplyModuleState][1]Publishing event 'OperatingModeChanged' with args OperatingMode: 'StandAlone', TraceContext: '<null>' ...[EOL]
[2026-09-22T07:26:24.9879418Z][SSMS][I][Model.SampleSupplyModuleState][1]Publishing event 'ModuleStateChanged' with args ModuleState: 'Operational', TraceContext: '<null>' ...[EOL]
[2026-09-22T07:26:24.9948407Z][SSMS][I][Messaging.RabbitMQ.RabbitMQClient.SSM.Simulator.Distribution][1]Start receiving messages ...[EOL]
[2026-09-22T07:26:25.0092887Z][SSMS][I][Launcher.Bootstrapper][1]Unit 'SampleSupplyModule.Simulator' successfully started[EOL]
[2026-09-22T08:28:28.9998111Z][SSMS][I][Launcher.Bootstrapper][1]Bootstrapping unit 'SampleSupplyModule.Simulator' with version '1.0.0+1344790.f6ab07177a6d157baaf4608d1df001bf77509c8c' ...[EOL]
[2026-09-22T08:28:29.0885158Z][SSMS][I][Launcher.Bootstrapper][1]Configuring unit 'SampleSupplyModule.Simulator' ...[EOL]
[2026-09-22T08:28:29.2324870Z][SSMS][I][Launcher.Bootstrapper][1]Starting unit 'SampleSupplyModule.Simulator' ...[EOL]
[2026-09-22T08:28:29.2607861Z][SSMS][I][Messaging.RabbitMQ.RabbitMQClient.SSM.Simulator][1]Initializing Messagebus ...[EOL]
[2026-09-22T08:29:24.1078619Z][SSMS][I][Messaging.RabbitMQ.RabbitMQClient.SSM.Simulator][1]Connected successfully to 'amqp://rabbitmq-server:5672'[EOL]
[2026-09-22T08:29:45.2267446Z][SSMS][W][][1]Storing keys in a directory '/root/.aspnet/DataProtection-Keys' that may not be persisted outside of the container. Protected data will be unavailable when container is destroyed. For more information go to https://aka.ms/aspnet/dataprotectionwarning[EOL]
[2026-09-22T08:29:45.2753615Z][SSMS][I][][1]User profile is available. Using '/root/.aspnet/DataProtection-Keys' as key repository; keys will not be encrypted at rest.[EOL]
[2026-09-22T08:29:46.7375019Z][SSMS][I][][1]Creating key {189ca744-b2fa-43fd-bf50-3cdeecc757c1} with creation date 2026-09-22 08:29:46Z, activation date 2026-09-22 08:29:46Z, and expiration date 2026-12-21 08:29:46Z.[EOL]
[2026-09-22T08:29:47.4009739Z][SSMS][W][][1]No XML encryptor configured. Key {189ca744-b2fa-43fd-bf50-3cdeecc757c1} may be persisted to storage in unencrypted form.[EOL]
[2026-09-22T08:29:47.5254266Z][SSMS][I][][1]Writing data to file '/root/.aspnet/DataProtection-Keys/key-189ca744-b2fa-43fd-bf50-3cdeecc757c1.xml'.[EOL]
[2026-09-22T08:29:48.4635710Z][SSMS][I][][1]Now listening on: http://0.0.0.0:5000[EOL]
[2026-09-22T08:29:48.4734909Z][SSMS][I][][1]Application started. Press Ctrl+C to shut down.[EOL]
[2026-09-22T08:29:48.4744550Z][SSMS][I][][1]Hosting environment: Production[EOL]
[2026-09-22T08:29:48.4746628Z][SSMS][I][][1]Content root path: /app[EOL]
[2026-09-22T08:29:48.5396529Z][SSMS][I][LifecycleProcessManager][1]Starting up message bus ...[EOL]
[2026-09-22T08:29:48.5723319Z][SSMS][I][LifecycleProcessManager][1]Publishing event 'HardwareInfoAcquired' with args FirmwareVersion: '1.02.01.0000', HardwareVersion: '1.0', SerialNumber: '1234-5678', TraceContext: '<null>' ...[EOL]
[2026-09-22T08:29:48.9155651Z][SSMS][I][Model.RackOutputLane][1]Setting flag 'has conveyor attached' to 'False'[EOL]
[2026-09-22T08:29:48.9405951Z][SSMS][I][Model.RackOutputLane][1]Setting rack output destination to 'OutputBuffer'[EOL]
[2026-09-22T08:29:48.9491527Z][SSMS][I][Model.RackOutputLane][1]Publishing event 'OutputRackDestinationChanged' with args OutputRackDestination: 'OutputBuffer', TraceContext: '<null>' ...[EOL]
[2026-09-22T08:29:49.0777839Z][SSMS][I][Model.SampleSupplyModuleState][1]Publishing event 'OperatingModeSwitchChanged' with args SwitchState: 'StandAlone', TraceContext: '<null>' ...[EOL]
[2026-09-22T08:29:49.1355332Z][SSMS][I][Model.SampleSupplyModuleState][1]Publishing event 'OperatingModeChanged' with args OperatingMode: 'StandAlone', TraceContext: '<null>' ...[EOL]
[2026-09-22T08:29:49.1617589Z][SSMS][I][Model.SampleSupplyModuleState][1]Publishing event 'ModuleStateChanged' with args ModuleState: 'Initializing', TraceContext: '<null>' ...[EOL]
[2026-09-22T08:29:49.2659081Z][SSMS][I][Model.SampleSupplyModuleState][1]Publishing event 'OperatingModeChanged' with args OperatingMode: 'StandAlone', TraceContext: '<null>' ...[EOL]
[2026-09-22T08:29:49.2718654Z][SSMS][I][Model.SampleSupplyModuleState][1]Publishing event 'ModuleStateChanged' with args ModuleState: 'Operational', TraceContext: '<null>' ...[EOL]
[2026-09-22T08:29:49.2826097Z][SSMS][I][Messaging.RabbitMQ.RabbitMQClient.SSM.Simulator.Distribution][1]Start receiving messages ...[EOL]
[2026-09-22T08:29:49.4057943Z][SSMS][I][Launcher.Bootstrapper][1]Unit 'SampleSupplyModule.Simulator' successfully started[EOL]
[2026-09-22T08:30:29.1034779Z][SSMS][I][EventHandling.PingEventHandler][9]Handling event 'Ping' with args PingId: 'IS1', TraceContext: '<null>' on stream ...[EOL]
[2026-09-22T08:30:29.1043885Z][SSMS][I][EventHandling.PingEventHandler][9]Publishing event 'Echo' with args PingId: 'IS1', TraceContext: '<null>' ...[EOL]
[2026-09-22T08:30:55.1477966Z][SSMS][I][Handler.GetCurrentStateRequestHandler][7]Handling request 'GetCurrentState' (#23220912) with args TraceContext: '00-dd82d13ed26ec30b58a7827c44aa343a-b8d56a089fd3b0c3-01' ...[EOL]
[2026-09-22T08:30:55.1559269Z][SSMS][I][Handler.GetCurrentStateRequestHandler][7]Sending response for 'GetCurrentState' (#23220912) with args UserCode: '<null>', IsLiftInputRailOccupied: 'False', IsLiftOutputRailOccupied: 'False', IsOutputBufferFull: 'False', IsErrorRailFull: 'False', OutputRackDestination: 'OutputBuffer', OperatingMode: 'StandAlone', ModuleState: 'Operational', FirmwareVersion: '1.02.01.0000', HardwareVersion: '1.0', SerialNumber: '1234-5678' ...[EOL]
[2026-09-22T08:30:56.7462028Z][SSMS][I][Handler.GetCurrentStateRequestHandler][15]Handling request 'GetCurrentState' (#17176046) with args TraceContext: '00-dd82d13ed26ec30b58a7827c44aa343a-65626d77a7631f1f-01' ...[EOL]
[2026-09-22T08:30:56.7464890Z][SSMS][I][Handler.GetCurrentStateRequestHandler][15]Sending response for 'GetCurrentState' (#17176046) with args UserCode: '<null>', IsLiftInputRailOccupied: 'False', IsLiftOutputRailOccupied: 'False', IsOutputBufferFull: 'False', IsErrorRailFull: 'False', OutputRackDestination: 'OutputBuffer', OperatingMode: 'StandAlone', ModuleState: 'Operational', FirmwareVersion: '1.02.01.0000', HardwareVersion: '1.0', SerialNumber: '1234-5678' ...[EOL]
[2026-09-22T08:30:58.7115133Z][SSMS][I][EventHandling.PingEventHandler][15]Handling event 'Ping' with args PingId: 'IS2', TraceContext: '<null>' on stream ...[EOL]
[2026-09-22T08:30:58.7117489Z][SSMS][I][EventHandling.PingEventHandler][15]Publishing event 'Echo' with args PingId: 'IS2', TraceContext: '<null>' ...[EOL]
[2026-09-22T08:31:28.8737305Z][SSMS][I][EventHandling.PingEventHandler][14]Handling event 'Ping' with args PingId: 'IS3', TraceContext: '<null>' on stream ...[EOL]
[2026-09-22T08:31:28.8927465Z][SSMS][I][EventHandling.PingEventHandler][14]Publishing event 'Echo' with args PingId: 'IS3', TraceContext: '<null>' ...[EOL]
[2026-09-22T08:31:58.7564005Z][SSMS][I][EventHandling.PingEventHandler][14]Handling event 'Ping' with args PingId: 'IS4', TraceContext: '<null>' on stream ...[EOL]
[2026-09-22T08:31:58.7755699Z][SSMS][I][EventHandling.PingEventHandler][14]Publishing event 'Echo' with args PingId: 'IS4', TraceContext: '<null>' ...[EOL]
[2026-09-22T08:32:28.7045540Z][SSMS][I][EventHandling.PingEventHandler][16]Handling event 'Ping' with args PingId: 'IS5', TraceContext: '<null>' on stream ...[EOL]
[2026-09-22T08:32:28.7049903Z][SSMS][I][EventHandling.PingEventHandler][16]Publishing event 'Echo' with args PingId: 'IS5', TraceContext: '<null>' ...[EOL]
[2026-09-22T08:32:58.6896587Z][SSMS][I][EventHandling.PingEventHandler][3]Handling event 'Ping' with args PingId: 'IS6', TraceContext: '<null>' on stream ...[EOL]
[2026-09-22T08:32:58.6903247Z][SSMS][I][EventHandling.PingEventHandler][3]Publishing event 'Echo' with args PingId: 'IS6', TraceContext: '<null>' ...[EOL]
[2026-09-22T08:33:28.6895475Z][SSMS][I][EventHandling.PingEventHandler][3]Handling event 'Ping' with args PingId: 'IS7', TraceContext: '<null>' on stream ...[EOL]
[2026-09-22T08:33:28.6897694Z][SSMS][I][EventHandling.PingEventHandler][3]Publishing event 'Echo' with args PingId: 'IS7', TraceContext: '<null>' ...[EOL]
[2026-09-22T08:33:58.7060978Z][SSMS][I][EventHandling.PingEventHandler][14]Handling event 'Ping' with args PingId: 'IS8', TraceContext: '<null>' on stream ...[EOL]
[2026-09-22T08:33:58.7100129Z][SSMS][I][EventHandling.PingEventHandler][14]Publishing event 'Echo' with args PingId: 'IS8', TraceContext: '<null>' ...[EOL]
[2026-09-22T08:34:28.7040453Z][SSMS][I][EventHandling.PingEventHandler][3]Handling event 'Ping' with args PingId: 'IS9', TraceContext: '<null>' on stream ...[EOL]
[2026-09-22T08:34:28.7044708Z][SSMS][I][EventHandling.PingEventHandler][3]Publishing event 'Echo' with args PingId: 'IS9', TraceContext: '<null>' ...[EOL]
[2026-09-22T08:34:58.6986461Z][SSMS][I][EventHandling.PingEventHandler][3]Handling event 'Ping' with args PingId: 'IS10', TraceContext: '<null>' on stream ...[EOL]
[2026-09-22T08:34:58.6988429Z][SSMS][I][EventHandling.PingEventHandler][3]Publishing event 'Echo' with args PingId: 'IS10', TraceContext: '<null>' ...[EOL]
[2026-09-22T08:35:28.6886353Z][SSMS][I][EventHandling.PingEventHandler][3]Handling event 'Ping' with args PingId: 'IS11', TraceContext: '<null>' on stream ...[EOL]
[2026-09-22T08:35:28.6887406Z][SSMS][I][EventHandling.PingEventHandler][3]Publishing event 'Echo' with args PingId: 'IS11', TraceContext: '<null>' ...[EOL]
[2026-09-22T08:35:58.6918232Z][SSMS][I][EventHandling.PingEventHandler][3]Handling event 'Ping' with args PingId: 'IS12', TraceContext: '<null>' on stream ...[EOL]
[2026-09-22T08:35:58.6984521Z][SSMS][I][EventHandling.PingEventHandler][3]Publishing event 'Echo' with args PingId: 'IS12', TraceContext: '<null>' ...[EOL]
[2026-09-22T08:36:28.6980089Z][SSMS][I][EventHandling.PingEventHandler][14]Handling event 'Ping' with args PingId: 'IS13', TraceContext: '<null>' on stream ...[EOL]
[2026-09-22T08:36:28.6981494Z][SSMS][I][EventHandling.PingEventHandler][14]Publishing event 'Echo' with args PingId: 'IS13', TraceContext: '<null>' ...[EOL]
[2026-09-22T08:36:58.6813092Z][SSMS][I][EventHandling.PingEventHandler][14]Handling event 'Ping' with args PingId: 'IS14', TraceContext: '<null>' on stream ...[EOL]
[2026-09-22T08:36:58.6825794Z][SSMS][I][EventHandling.PingEventHandler][14]Publishing event 'Echo' with args PingId: 'IS14', TraceContext: '<null>' ...[EOL]
[2026-09-22T08:37:28.7013127Z][SSMS][I][EventHandling.PingEventHandler][14]Handling event 'Ping' with args PingId: 'IS15', TraceContext: '<null>' on stream ...[EOL]
[2026-09-22T08:37:28.7014324Z][SSMS][I][EventHandling.PingEventHandler][14]Publishing event 'Echo' with args PingId: 'IS15', TraceContext: '<null>' ...[EOL]
[2026-09-22T08:37:58.6819198Z][SSMS][I][EventHandling.PingEventHandler][14]Handling event 'Ping' with args PingId: 'IS16', TraceContext: '<null>' on stream ...[EOL]
[2026-09-22T08:37:58.6820117Z][SSMS][I][EventHandling.PingEventHandler][14]Publishing event 'Echo' with args PingId: 'IS16', TraceContext: '<null>' ...[EOL]
[2026-09-22T08:38:28.6911176Z][SSMS][I][EventHandling.PingEventHandler][14]Handling event 'Ping' with args PingId: 'IS17', TraceContext: '<null>' on stream ...[EOL]
[2026-09-22T08:38:28.6913930Z][SSMS][I][EventHandling.PingEventHandler][14]Publishing event 'Echo' with args PingId: 'IS17', TraceContext: '<null>' ...[EOL]
[2026-09-22T08:38:58.6948949Z][SSMS][I][EventHandling.PingEventHandler][16]Handling event 'Ping' with args PingId: 'IS18', TraceContext: '<null>' on stream ...[EOL]
[2026-09-22T08:38:58.6953672Z][SSMS][I][EventHandling.PingEventHandler][16]Publishing event 'Echo' with args PingId: 'IS18', TraceContext: '<null>' ...[EOL]
[2026-09-22T08:39:28.6803553Z][SSMS][I][EventHandling.PingEventHandler][16]Handling event 'Ping' with args PingId: 'IS19', TraceContext: '<null>' on stream ...[EOL]
[2026-09-22T08:39:28.6804187Z][SSMS][I][EventHandling.PingEventHandler][16]Publishing event 'Echo' with args PingId: 'IS19', TraceContext: '<null>' ...[EOL]
[2026-09-22T08:39:58.6788623Z][SSMS][I][EventHandling.PingEventHandler][18]Handling event 'Ping' with args PingId: 'IS20', TraceContext: '<null>' on stream ...[EOL]
[2026-09-22T08:39:58.6823894Z][SSMS][I][EventHandling.PingEventHandler][18]Publishing event 'Echo' with args PingId: 'IS20', TraceContext: '<null>' ...[EOL]
[2026-09-22T08:40:28.6780950Z][SSMS][I][EventHandling.PingEventHandler][18]Handling event 'Ping' with args PingId: 'IS21', TraceContext: '<null>' on stream ...[EOL]
[2026-09-22T08:40:28.6781679Z][SSMS][I][EventHandling.PingEventHandler][18]Publishing event 'Echo' with args PingId: 'IS21', TraceContext: '<null>' ...[EOL]
[2026-09-22T08:40:58.6902375Z][SSMS][I][EventHandling.PingEventHandler][16]Handling event 'Ping' with args PingId: 'IS22', TraceContext: '<null>' on stream ...[EOL]
[2026-09-22T08:40:58.6965129Z][SSMS][I][EventHandling.PingEventHandler][16]Publishing event 'Echo' with args PingId: 'IS22', TraceContext: '<null>' ...[EOL]
[2026-09-22T08:41:28.6836952Z][SSMS][I][EventHandling.PingEventHandler][15]Handling event 'Ping' with args PingId: 'IS23', TraceContext: '<null>' on stream ...[EOL]
[2026-09-22T08:41:28.6847742Z][SSMS][I][EventHandling.PingEventHandler][15]Publishing event 'Echo' with args PingId: 'IS23', TraceContext: '<null>' ...[EOL]
[2026-09-22T08:41:58.6974117Z][SSMS][I][EventHandling.PingEventHandler][18]Handling event 'Ping' with args PingId: 'IS24', TraceContext: '<null>' on stream ...[EOL]
[2026-09-22T08:41:58.6975087Z][SSMS][I][EventHandling.PingEventHandler][18]Publishing event 'Echo' with args PingId: 'IS24', TraceContext: '<null>' ...[EOL]
[2026-09-22T08:42:28.6875146Z][SSMS][I][EventHandling.PingEventHandler][18]Handling event 'Ping' with args PingId: 'IS25', TraceContext: '<null>' on stream ...[EOL]
[2026-09-22T08:42:28.6877470Z][SSMS][I][EventHandling.PingEventHandler][18]Publishing event 'Echo' with args PingId: 'IS25', TraceContext: '<null>' ...[EOL]
[2026-09-22T08:42:58.7019882Z][SSMS][I][EventHandling.PingEventHandler][3]Handling event 'Ping' with args PingId: 'IS26', TraceContext: '<null>' on stream ...[EOL]
[2026-09-22T08:42:58.7031578Z][SSMS][I][EventHandling.PingEventHandler][3]Publishing event 'Echo' with args PingId: 'IS26', TraceContext: '<null>' ...[EOL]
[2026-09-22T08:43:28.6939607Z][SSMS][I][EventHandling.PingEventHandler][15]Handling event 'Ping' with args PingId: 'IS27', TraceContext: '<null>' on stream ...[EOL]
[2026-09-22T08:43:28.6940581Z][SSMS][I][EventHandling.PingEventHandler][15]Publishing event 'Echo' with args PingId: 'IS27', TraceContext: '<null>' ...[EOL]
[2026-09-22T08:43:58.6983985Z][SSMS][I][EventHandling.PingEventHandler][14]Handling event 'Ping' with args PingId: 'IS28', TraceContext: '<null>' on stream ...[EOL]
[2026-09-22T08:43:58.7001806Z][SSMS][I][EventHandling.PingEventHandler][14]Publishing event 'Echo' with args PingId: 'IS28', TraceContext: '<null>' ...[EOL]
[2026-09-22T08:44:28.6985354Z][SSMS][I][EventHandling.PingEventHandler][19]Handling event 'Ping' with args PingId: 'IS29', TraceContext: '<null>' on stream ...[EOL]
[2026-09-22T08:44:28.6986158Z][SSMS][I][EventHandling.PingEventHandler][19]Publishing event 'Echo' with args PingId: 'IS29', TraceContext: '<null>' ...[EOL]
[2026-09-22T08:44:58.7412068Z][SSMS][I][EventHandling.PingEventHandler][14]Handling event 'Ping' with args PingId: 'IS30', TraceContext: '<null>' on stream ...[EOL]
[2026-09-22T08:44:58.7413200Z][SSMS][I][EventHandling.PingEventHandler][14]Publishing event 'Echo' with args PingId: 'IS30', TraceContext: '<null>' ...[EOL]
[2026-09-22T08:45:28.6986773Z][SSMS][I][EventHandling.PingEventHandler][15]Handling event 'Ping' with args PingId: 'IS31', TraceContext: '<null>' on stream ...[EOL]
[2026-09-22T08:45:28.6989044Z][SSMS][I][EventHandling.PingEventHandler][15]Publishing event 'Echo' with args PingId: 'IS31', TraceContext: '<null>' ...[EOL]
[2026-09-22T08:45:58.7034384Z][SSMS][I][EventHandling.PingEventHandler][14]Handling event 'Ping' with args PingId: 'IS32', TraceContext: '<null>' on stream ...[EOL]
[2026-09-22T08:45:58.7035091Z][SSMS][I][EventHandling.PingEventHandler][14]Publishing event 'Echo' with args PingId: 'IS32', TraceContext: '<null>' ...[EOL]
[2026-09-22T08:46:28.6901127Z][SSMS][I][EventHandling.PingEventHandler][15]Handling event 'Ping' with args PingId: 'IS33', TraceContext: '<null>' on stream ...[EOL]
[2026-09-22T08:46:28.6927221Z][SSMS][I][EventHandling.PingEventHandler][15]Publishing event 'Echo' with args PingId: 'IS33', TraceContext: '<null>' ...[EOL]
[2026-09-22T08:46:58.6845832Z][SSMS][I][EventHandling.PingEventHandler][3]Handling event 'Ping' with args PingId: 'IS34', TraceContext: '<null>' on stream ...[EOL]
[2026-09-22T08:46:58.6886813Z][SSMS][I][EventHandling.PingEventHandler][3]Publishing event 'Echo' with args PingId: 'IS34', TraceContext: '<null>' ...[EOL]
[2026-09-22T08:47:28.6877205Z][SSMS][I][EventHandling.PingEventHandler][7]Handling event 'Ping' with args PingId: 'IS35', TraceContext: '<null>' on stream ...[EOL]
[2026-09-22T08:47:28.6945896Z][SSMS][I][EventHandling.PingEventHandler][7]Publishing event 'Echo' with args PingId: 'IS35', TraceContext: '<null>' ...[EOL]
[2026-09-22T08:47:58.6898166Z][SSMS][I][EventHandling.PingEventHandler][16]Handling event 'Ping' with args PingId: 'IS36', TraceContext: '<null>' on stream ...[EOL]
[2026-09-22T08:47:58.6932887Z][SSMS][I][EventHandling.PingEventHandler][16]Publishing event 'Echo' with args PingId: 'IS36', TraceContext: '<null>' ...[EOL]
[2026-09-22T08:48:28.6853814Z][SSMS][I][EventHandling.PingEventHandler][7]Handling event 'Ping' with args PingId: 'IS37', TraceContext: '<null>' on stream ...[EOL]
[2026-09-22T08:48:28.6854581Z][SSMS][I][EventHandling.PingEventHandler][7]Publishing event 'Echo' with args PingId: 'IS37', TraceContext: '<null>' ...[EOL]
[2026-09-22T08:48:58.6861843Z][SSMS][I][EventHandling.PingEventHandler][16]Handling event 'Ping' with args PingId: 'IS38', TraceContext: '<null>' on stream ...[EOL]
[2026-09-22T08:48:58.6935325Z][SSMS][I][EventHandling.PingEventHandler][16]Publishing event 'Echo' with args PingId: 'IS38', TraceContext: '<null>' ...[EOL]
[2026-09-22T08:49:28.6928197Z][SSMS][I][EventHandling.PingEventHandler][7]Handling event 'Ping' with args PingId: 'IS39', TraceContext: '<null>' on stream ...[EOL]
[2026-09-22T08:49:28.6928803Z][SSMS][I][EventHandling.PingEventHandler][7]Publishing event 'Echo' with args PingId: 'IS39', TraceContext: '<null>' ...[EOL]
[2026-09-22T08:49:58.6854182Z][SSMS][I][EventHandling.PingEventHandler][7]Handling event 'Ping' with args PingId: 'IS40', TraceContext: '<null>' on stream ...[EOL]
[2026-09-22T08:49:58.6861128Z][SSMS][I][EventHandling.PingEventHandler][7]Publishing event 'Echo' with args PingId: 'IS40', TraceContext: '<null>' ...[EOL]
[2026-09-22T08:50:28.6799247Z][SSMS][I][EventHandling.PingEventHandler][7]Handling event 'Ping' with args PingId: 'IS41', TraceContext: '<null>' on stream ...[EOL]
[2026-09-22T08:50:28.6799998Z][SSMS][I][EventHandling.PingEventHandler][7]Publishing event 'Echo' with args PingId: 'IS41', TraceContext: '<null>' ...[EOL]
[2026-09-22T08:50:58.7051706Z][SSMS][I][EventHandling.PingEventHandler][7]Handling event 'Ping' with args PingId: 'IS42', TraceContext: '<null>' on stream ...[EOL]
[2026-09-22T08:50:58.7053760Z][SSMS][I][EventHandling.PingEventHandler][7]Publishing event 'Echo' with args PingId: 'IS42', TraceContext: '<null>' ...[EOL]
[2026-09-22T08:51:28.6884952Z][SSMS][I][EventHandling.PingEventHandler][3]Handling event 'Ping' with args PingId: 'IS43', TraceContext: '<null>' on stream ...[EOL]
[2026-09-22T08:51:28.6888350Z][SSMS][I][EventHandling.PingEventHandler][3]Publishing event 'Echo' with args PingId: 'IS43', TraceContext: '<null>' ...[EOL]
[2026-09-22T08:51:58.6998613Z][SSMS][I][EventHandling.PingEventHandler][14]Handling event 'Ping' with args PingId: 'IS44', TraceContext: '<null>' on stream ...[EOL]
[2026-09-22T08:51:58.6999827Z][SSMS][I][EventHandling.PingEventHandler][14]Publishing event 'Echo' with args PingId: 'IS44', TraceContext: '<null>' ...[EOL]
[2026-09-22T08:52:28.6911340Z][SSMS][I][EventHandling.PingEventHandler][17]Handling event 'Ping' with args PingId: 'IS45', TraceContext: '<null>' on stream ...[EOL]
[2026-09-22T08:52:28.6912324Z][SSMS][I][EventHandling.PingEventHandler][17]Publishing event 'Echo' with args PingId: 'IS45', TraceContext: '<null>' ...[EOL]
[2026-09-22T08:52:58.6871311Z][SSMS][I][EventHandling.PingEventHandler][17]Handling event 'Ping' with args PingId: 'IS46', TraceContext: '<null>' on stream ...[EOL]
[2026-09-22T08:52:58.6872166Z][SSMS][I][EventHandling.PingEventHandler][17]Publishing event 'Echo' with args PingId: 'IS46', TraceContext: '<null>' ...[EOL]
[2026-09-22T08:53:28.6976391Z][SSMS][I][EventHandling.PingEventHandler][14]Handling event 'Ping' with args PingId: 'IS47', TraceContext: '<null>' on stream ...[EOL]
[2026-09-22T08:53:28.6981547Z][SSMS][I][EventHandling.PingEventHandler][14]Publishing event 'Echo' with args PingId: 'IS47', TraceContext: '<null>' ...[EOL]
[2026-09-22T08:53:58.6794578Z][SSMS][I][EventHandling.PingEventHandler][14]Handling event 'Ping' with args PingId: 'IS48', TraceContext: '<null>' on stream ...[EOL]
[2026-09-22T08:53:58.6903269Z][SSMS][I][EventHandling.PingEventHandler][14]Publishing event 'Echo' with args PingId: 'IS48', TraceContext: '<null>' ...[EOL]
[2026-09-22T08:54:28.6789011Z][SSMS][I][EventHandling.PingEventHandler][3]Handling event 'Ping' with args PingId: 'IS49', TraceContext: '<null>' on stream ...[EOL]
[2026-09-22T08:54:28.6789606Z][SSMS][I][EventHandling.PingEventHandler][3]Publishing event 'Echo' with args PingId: 'IS49', TraceContext: '<null>' ...[EOL]
[2026-09-22T08:54:58.6839271Z][SSMS][I][EventHandling.PingEventHandler][3]Handling event 'Ping' with args PingId: 'IS50', TraceContext: '<null>' on stream ...[EOL]
[2026-09-22T08:54:58.6839948Z][SSMS][I][EventHandling.PingEventHandler][3]Publishing event 'Echo' with args PingId: 'IS50', TraceContext: '<null>' ...[EOL]
[2026-09-22T08:55:28.6962264Z][SSMS][I][EventHandling.PingEventHandler][14]Handling event 'Ping' with args PingId: 'IS51', TraceContext: '<null>' on stream ...[EOL]
[2026-09-22T08:55:28.6963273Z][SSMS][I][EventHandling.PingEventHandler][14]Publishing event 'Echo' with args PingId: 'IS51', TraceContext: '<null>' ...[EOL]
[2026-09-22T08:55:58.6862271Z][SSMS][I][EventHandling.PingEventHandler][14]Handling event 'Ping' with args PingId: 'IS52', TraceContext: '<null>' on stream ...[EOL]
[2026-09-22T08:55:58.6863086Z][SSMS][I][EventHandling.PingEventHandler][14]Publishing event 'Echo' with args PingId: 'IS52', TraceContext: '<null>' ...[EOL]
[2026-09-22T08:56:28.7003142Z][SSMS][I][EventHandling.PingEventHandler][5]Handling event 'Ping' with args PingId: 'IS53', TraceContext: '<null>' on stream ...[EOL]
[2026-09-22T08:56:28.7003774Z][SSMS][I][EventHandling.PingEventHandler][5]Publishing event 'Echo' with args PingId: 'IS53', TraceContext: '<null>' ...[EOL]
[2026-09-22T08:56:58.6842261Z][SSMS][I][EventHandling.PingEventHandler][14]Handling event 'Ping' with args PingId: 'IS54', TraceContext: '<null>' on stream ...[EOL]
[2026-09-22T08:56:58.6864899Z][SSMS][I][EventHandling.PingEventHandler][14]Publishing event 'Echo' with args PingId: 'IS54', TraceContext: '<null>' ...[EOL]
[2026-09-22T08:57:28.6972192Z][SSMS][I][EventHandling.PingEventHandler][14]Handling event 'Ping' with args PingId: 'IS55', TraceContext: '<null>' on stream ...[EOL]
[2026-09-22T08:57:28.6974272Z][SSMS][I][EventHandling.PingEventHandler][14]Publishing event 'Echo' with args PingId: 'IS55', TraceContext: '<null>' ...[EOL]
[2026-09-22T08:57:58.6835257Z][SSMS][I][EventHandling.PingEventHandler][10]Handling event 'Ping' with args PingId: 'IS56', TraceContext: '<null>' on stream ...[EOL]
[2026-09-22T08:57:58.6844885Z][SSMS][I][EventHandling.PingEventHandler][10]Publishing event 'Echo' with args PingId: 'IS56', TraceContext: '<null>' ...[EOL]
[2026-09-22T08:58:28.6950015Z][SSMS][I][EventHandling.PingEventHandler][14]Handling event 'Ping' with args PingId: 'IS57', TraceContext: '<null>' on stream ...[EOL]
[2026-09-22T08:58:28.6959223Z][SSMS][I][EventHandling.PingEventHandler][14]Publishing event 'Echo' with args PingId: 'IS57', TraceContext: '<null>' ...[EOL]
[2026-09-22T08:58:58.6911815Z][SSMS][I][EventHandling.PingEventHandler][14]Handling event 'Ping' with args PingId: 'IS58', TraceContext: '<null>' on stream ...[EOL]
[2026-09-22T08:58:58.6912382Z][SSMS][I][EventHandling.PingEventHandler][14]Publishing event 'Echo' with args PingId: 'IS58', TraceContext: '<null>' ...[EOL]
[2026-09-22T08:59:28.6968543Z][SSMS][I][EventHandling.PingEventHandler][3]Handling event 'Ping' with args PingId: 'IS59', TraceContext: '<null>' on stream ...[EOL]
[2026-09-22T08:59:28.6971512Z][SSMS][I][EventHandling.PingEventHandler][3]Publishing event 'Echo' with args PingId: 'IS59', TraceContext: '<null>' ...[EOL]
[2026-09-22T08:59:58.6860295Z][SSMS][I][EventHandling.PingEventHandler][17]Handling event 'Ping' with args PingId: 'IS60', TraceContext: '<null>' on stream ...[EOL]
[2026-09-22T08:59:58.6865465Z][SSMS][I][EventHandling.PingEventHandler][17]Publishing event 'Echo' with args PingId: 'IS60', TraceContext: '<null>' ...[EOL]
[2026-09-22T09:00:28.6912136Z][SSMS][I][EventHandling.PingEventHandler][3]Handling event 'Ping' with args PingId: 'IS61', TraceContext: '<null>' on stream ...[EOL]
[2026-09-22T09:00:28.6913690Z][SSMS][I][EventHandling.PingEventHandler][3]Publishing event 'Echo' with args PingId: 'IS61', TraceContext: '<null>' ...[EOL]
[2026-09-22T09:00:58.7194029Z][SSMS][I][EventHandling.PingEventHandler][14]Handling event 'Ping' with args PingId: 'IS62', TraceContext: '<null>' on stream ...[EOL]
[2026-09-22T09:00:58.7195342Z][SSMS][I][EventHandling.PingEventHandler][14]Publishing event 'Echo' with args PingId: 'IS62', TraceContext: '<null>' ...[EOL]
[2026-09-22T09:01:28.6904946Z][SSMS][I][EventHandling.PingEventHandler][17]Handling event 'Ping' with args PingId: 'IS63', TraceContext: '<null>' on stream ...[EOL]
[2026-09-22T09:01:28.6908223Z][SSMS][I][EventHandling.PingEventHandler][17]Publishing event 'Echo' with args PingId: 'IS63', TraceContext: '<null>' ...[EOL]
[2026-09-22T09:01:58.6861563Z][SSMS][I][EventHandling.PingEventHandler][17]Handling event 'Ping' with args PingId: 'IS64', TraceContext: '<null>' on stream ...[EOL]
[2026-09-22T09:01:58.6862747Z][SSMS][I][EventHandling.PingEventHandler][17]Publishing event 'Echo' with args PingId: 'IS64', TraceContext: '<null>' ...[EOL]
[2026-09-22T09:02:28.6947539Z][SSMS][I][EventHandling.PingEventHandler][5]Handling event 'Ping' with args PingId: 'IS65', TraceContext: '<null>' on stream ...[EOL]
[2026-09-22T09:02:28.6948924Z][SSMS][I][EventHandling.PingEventHandler][5]Publishing event 'Echo' with args PingId: 'IS65', TraceContext: '<null>' ...[EOL]
[2026-09-22T09:02:58.6803809Z][SSMS][I][EventHandling.PingEventHandler][3]Handling event 'Ping' with args PingId: 'IS66', TraceContext: '<null>' on stream ...[EOL]
[2026-09-22T09:02:58.6805636Z][SSMS][I][EventHandling.PingEventHandler][3]Publishing event 'Echo' with args PingId: 'IS66', TraceContext: '<null>' ...[EOL]
[2026-09-22T09:03:28.6889316Z][SSMS][I][EventHandling.PingEventHandler][14]Handling event 'Ping' with args PingId: 'IS67', TraceContext: '<null>' on stream ...[EOL]
[2026-09-22T09:03:28.6898353Z][SSMS][I][EventHandling.PingEventHandler][14]Publishing event 'Echo' with args PingId: 'IS67', TraceContext: '<null>' ...[EOL]
[2026-09-22T09:03:58.6983244Z][SSMS][I][EventHandling.PingEventHandler][9]Handling event 'Ping' with args PingId: 'IS68', TraceContext: '<null>' on stream ...[EOL]
[2026-09-22T09:03:58.6983950Z][SSMS][I][EventHandling.PingEventHandler][9]Publishing event 'Echo' with args PingId: 'IS68', TraceContext: '<null>' ...[EOL]
