[2026-09-22T07:25:08.9295812Z][SWU][I][SoftwareUpdateBootstrapper][1]Bootstrapping unit 'SoftwareUpdate' with version '2.3.2+1344109.8ecec21dbc9cf12c595f57feee0398cf50c81319' ...[EOL]
[2026-09-22T07:25:09.0545627Z][SWU][I][SoftwareUpdateBootstrapper][1]Local time zone: (UTC) Coordinated Universal Time[EOL]
[2026-09-22T07:25:09.0549441Z][SWU][I][SoftwareUpdateBootstrapper][1]Configuring unit 'SoftwareUpdate' ...[EOL]
[2026-09-22T07:25:12.0511860Z][SWU][I][SoftwareUpdateBootstrapper][1]Starting unit 'SoftwareUpdate' ...[EOL]
[2026-09-22T07:25:12.2653425Z][SWU][I][Messaging.RabbitMQ.RabbitMQClient.SWU][1]Initializing Messagebus ...[EOL]
[2026-09-22T07:25:54.3882630Z][SWU][I][Messaging.RabbitMQ.RabbitMQClient.SWU][1]Connected successfully to 'amqp://rabbitmq-server:5672'[EOL]
[2026-09-22T07:26:02.6605913Z][SWU][I][UnitLifecycle.UnitLifecycleStateMachine][1]Publishing event 'UnitStateChanged' with args OldState: 'PoweredOff', NewState: 'StartingUp', TraceContext: '<null>' ...[EOL]
[2026-09-22T07:26:06.8805922Z][SWU][I][PackageManagement.Service.CurrentUserIdProvider][1]New trigger '' on stream ...[EOL]
[2026-09-22T07:26:07.2395893Z][SWU][I][Messaging.RabbitMQ.RabbitMQClient.SWU.Distribution][1]Start receiving messages ...[EOL]
[2026-09-22T07:26:15.9399156Z][SWU][I][Services.OperatingSystemGatewayService][1]Sending request 'GetSnapshotList' (#1657863) with args TraceContext: '<null>' ...[EOL]
[2026-09-22T07:26:21.9208804Z][SWU][I][Services.OperatingSystemGatewayService][10]Received response for 'GetSnapshotList' (#1657863) with args Snapshots: '<empty>', ErrorMessage: '<null>', Outcome: 'OK'[EOL]
[2026-09-22T07:26:22.0023235Z][SWU][I][SnapshotsManagement.SnapshotsManager][10]MaxNumberOfStoredSnapshots: 2, Stored snapshots: ''[EOL]
[2026-09-22T07:26:22.0034528Z][SWU][I][SnapshotsManagement.SnapshotsManager][10]No snapshot to delete[EOL]
[2026-09-22T07:26:22.0722894Z][SWU][I][PackageManagement.Inventory.SoftwareInventoryService][10]Initialize software inventory[EOL]
[2026-09-22T07:26:22.4811862Z][SWU][I][PackageManagement.Persistence.PendingPackagesPersistence][10]Publishing event 'MarkedPackagesChanged' with args Records: '<empty>', TraceContext: '<null>' ...[EOL]
[2026-09-22T07:26:22.6148707Z][SWU][I][PackageManagement.Persistence.AvailablePackagesPersistence][10]Publishing event 'AvailablePackagesChanged' with args Packages: '<empty>', TraceContext: '<null>' ...[EOL]
[2026-09-22T07:26:22.7867907Z][SWU][I][PackageManagement.Persistence.DismissedPackagesPersistence][10]Publishing event 'DismissedPackagesChanged' with args Records: '<empty>', TraceContext: '<null>' ...[EOL]
[2026-09-22T07:26:23.0095745Z][SWU][I][PackageManagement.Persistence.InstallHistoryPersistence][10]Publishing event 'InstallHistoryChanged' with args Packages: ''Id: 'SW.2.0.0.1348808.20241014', DisplayName: 'System Software version 2.0.0.1348808', ReleaseNotesFilename: '<null>', PackageType: 'SystemUpdate', OnDate: '2024-10-14 03:42:13.000Z', ByUser: 'RSR''', TraceContext: '<null>' ...[EOL]
[2026-09-22T07:26:23.0906614Z][SWU][I][PackageManagement.Installation.UpdateManager][10]Publishing event 'NoPendingSWIDPackageInstallationsDetected' with args TraceContext: '<null>' ...[EOL]
[2026-09-22T07:26:23.1060507Z][SWU][I][PackageManagement.Installation.UpdateManager][10]Waiting for firmware update event ...[EOL]
[2026-09-22T08:28:39.9391257Z][SWU][I][SoftwareUpdateBootstrapper][1]Bootstrapping unit 'SoftwareUpdate' with version '2.3.2+1344109.8ecec21dbc9cf12c595f57feee0398cf50c81319' ...[EOL]
[2026-09-22T08:28:40.2079182Z][SWU][I][SoftwareUpdateBootstrapper][1]Local time zone: (UTC) Coordinated Universal Time[EOL]
[2026-09-22T08:28:40.2087555Z][SWU][I][SoftwareUpdateBootstrapper][1]Configuring unit 'SoftwareUpdate' ...[EOL]
[2026-09-22T08:28:42.6381505Z][SWU][I][SoftwareUpdateBootstrapper][1]Starting unit 'SoftwareUpdate' ...[EOL]
[2026-09-22T08:28:42.7038032Z][SWU][I][Messaging.RabbitMQ.RabbitMQClient.SWU][1]Initializing Messagebus ...[EOL]
[2026-09-22T08:29:23.4705828Z][SWU][I][Messaging.RabbitMQ.RabbitMQClient.SWU][1]Connected successfully to 'amqp://rabbitmq-server:5672'[EOL]
[2026-09-22T08:29:30.8270507Z][SWU][I][UnitLifecycle.UnitLifecycleStateMachine][1]Publishing event 'UnitStateChanged' with args OldState: 'PoweredOff', NewState: 'StartingUp', TraceContext: '<null>' ...[EOL]
[2026-09-22T08:29:35.6844991Z][SWU][I][PackageManagement.Service.CurrentUserIdProvider][1]New trigger '' on stream ...[EOL]
[2026-09-22T08:29:36.1100506Z][SWU][I][Messaging.RabbitMQ.RabbitMQClient.SWU.Distribution][1]Start receiving messages ...[EOL]
[2026-09-22T08:29:43.4989499Z][SWU][I][Services.OperatingSystemGatewayService][1]Sending request 'GetSnapshotList' (#12963143) with args TraceContext: '<null>' ...[EOL]
[2026-09-22T08:29:52.2709951Z][SWU][I][Services.OperatingSystemGatewayService][6]Received response for 'GetSnapshotList' (#12963143) with args Snapshots: '<empty>', ErrorMessage: '<null>', Outcome: 'OK'[EOL]
[2026-09-22T08:29:52.2727926Z][SWU][I][SnapshotsManagement.SnapshotsManager][6]MaxNumberOfStoredSnapshots: 2, Stored snapshots: ''[EOL]
[2026-09-22T08:29:52.2730331Z][SWU][I][SnapshotsManagement.SnapshotsManager][6]No snapshot to delete[EOL]
[2026-09-22T08:29:53.1821278Z][SWU][I][PackageManagement.Persistence.PendingPackagesPersistence][6]Publishing event 'MarkedPackagesChanged' with args Records: '<empty>', TraceContext: '<null>' ...[EOL]
[2026-09-22T08:29:53.2188373Z][SWU][I][PackageManagement.Persistence.AvailablePackagesPersistence][6]Publishing event 'AvailablePackagesChanged' with args Packages: '<empty>', TraceContext: '<null>' ...[EOL]
[2026-09-22T08:29:53.2437126Z][SWU][I][PackageManagement.Persistence.DismissedPackagesPersistence][6]Publishing event 'DismissedPackagesChanged' with args Records: '<empty>', TraceContext: '<null>' ...[EOL]
[2026-09-22T08:29:53.2980776Z][SWU][I][PackageManagement.Persistence.InstallHistoryPersistence][6]Publishing event 'InstallHistoryChanged' with args Packages: ''Id: 'SW.2.0.0.1348808.20241014', DisplayName: 'System Software version 2.0.0.1348808', ReleaseNotesFilename: '<null>', PackageType: 'SystemUpdate', OnDate: '2024-10-14 03:42:13.000Z', ByUser: 'RSR''', TraceContext: '<null>' ...[EOL]
[2026-09-22T08:29:53.3271809Z][SWU][I][PackageManagement.Installation.UpdateManager][6]Publishing event 'NoPendingSWIDPackageInstallationsDetected' with args TraceContext: '<null>' ...[EOL]
[2026-09-22T08:29:53.3393897Z][SWU][I][PackageManagement.Installation.UpdateManager][6]Waiting for firmware update event ...[EOL]
[2026-09-22T08:30:33.6381398Z][SWU][I][PackageManagement.Installation.FirmwareUpdateStateAwaiter][6]Handling event 'NoPendingFirmwareUpdatesDetected' with args TraceContext: '00-d5cd441adcfd5823f8050c4c0b190fca-b473a522061d5a94-01' on stream ...[EOL]
[2026-09-22T08:30:33.7319240Z][SWU][I][PackageManagement.Installation.UpdateManager][13]No pending firmware updates detected.[EOL]
[2026-09-22T08:30:33.7350610Z][SWU][I][PackageManagement.Installation.UpdateManager][13]Publishing event 'NoPendingInstallationsDetected' with args TraceContext: '<null>' ...[EOL]
[2026-09-22T08:30:34.1193070Z][SWU][I][UnitLifecycle.UnitLifecycleStateMachine][13]Publishing event 'UnitStateChanged' with args OldState: 'StartingUp', NewState: 'StartedUp', TraceContext: '<null>' ...[EOL]
[2026-09-22T08:30:34.1200984Z][SWU][I][SoftwareUpdateBootstrapper][13]Unit 'SoftwareUpdate' successfully started[EOL]
[2026-09-22T08:30:54.9163959Z][SWU][I][UnitLifecycle.UnitLifecycleProcessManager][6]Initialization of the unit 'SoftwareUpdate' with activity id '00-dd82d13ed26ec30b58a7827c44aa343a-be138ad17075a7af-01' started[EOL]
[2026-09-22T08:30:54.9168675Z][SWU][I][UnitLifecycle.UnitLifecycleStateMachine][6]Publishing event 'UnitStateChanged' with args OldState: 'StartedUp', NewState: 'Initializing', TraceContext: '00-dd82d13ed26ec30b58a7827c44aa343a-be138ad17075a7af-01' ...[EOL]
[2026-09-22T08:30:54.9175857Z][SWU][I][UnitLifecycle.UnitLifecycleStateMachine][6]Publishing event 'UnitStateChanged' with args OldState: 'Initializing', NewState: 'Operational', TraceContext: '00-dd82d13ed26ec30b58a7827c44aa343a-be138ad17075a7af-01' ...[EOL]
[2026-09-22T08:30:54.9244136Z][SWU][I][UnitLifecycle.UnitLifecycleProcessManager][6]Initialization of the unit 'SoftwareUpdate' with activity id '00-dd82d13ed26ec30b58a7827c44aa343a-be138ad17075a7af-01' completed[EOL]
