[2026-09-22T07:25:04.3807785Z][TM][I][Launcher.TransferModuleBootstrapper][1]Bootstrapping unit 'TransferModule' with version '1.0.1+1344399.f00e95b258b6985f11b8a9f943fd52b91e3d1426' ...[EOL]
[2026-09-22T07:25:04.6744610Z][TM][I][Launcher.TransferModuleBootstrapper][1]Local time zone: (UTC) Coordinated Universal Time[EOL]
[2026-09-22T07:25:04.6747786Z][TM][I][Launcher.TransferModuleBootstrapper][1]Configuring unit 'TransferModule' ...[EOL]
[2026-09-22T07:25:07.2018612Z][TM][I][Launcher.TransferModuleBootstrapper][1]Starting unit 'TransferModule' ...[EOL]
[2026-09-22T07:25:07.3046541Z][TM][I][Messaging.RabbitMQ.RabbitMQClient.TM][1]Initializing Messagebus ...[EOL]
[2026-09-22T07:25:54.3310224Z][TM][I][Messaging.RabbitMQ.RabbitMQClient.TM][1]Connected successfully to 'amqp://rabbitmq-server:5672'[EOL]
[2026-09-22T07:26:07.2114846Z][TM][I][UnitLifecycle.UnitLifecycleStateMachine][1]Publishing event 'UnitStateChanged' with args OldState: 'PoweredOff', NewState: 'StartingUp', TraceContext: '<null>' ...[EOL]
[2026-09-22T07:26:09.3188581Z][TM][I][PerformanceMonitoring.PerformanceCounterListener][1]Configured instance with 'Enabled: 'True', IntervalSeconds: '30', Counters: '<empty>''[EOL]
[2026-09-22T07:26:09.3390059Z][TM][I][PerformanceMonitoring.PerformanceCounterListener][1]Starting up instance ...[EOL]
[2026-09-22T07:26:09.3400843Z][TM][I][PerformanceMonitoring.PerformanceCounterListener][1]Enabling counters of 'System.Runtime' ...[EOL]
[2026-09-22T07:26:15.9676194Z][TM][I][ControlData.ControlMiniRackProvider][1]New trigger '
Control Cassettes:
' on stream ...[EOL]
[2026-09-22T07:26:22.4566791Z][TM][I][DataTracking.Tracking.Consumables.TipRack.ParkedTipRacksProvider][1]New trigger TipRacks: '
Parked Tip Racks: <none>

Unloaded Tip Racks: <none>
' on stream ...[EOL]
[2026-09-22T07:26:23.5963645Z][TM][I][DataTracking.Tracking.Consumables.ProcessingPlate.ParkedProcessingPlatesProvider][1]New trigger ProcessingPlates: '
Parked Processing Plates: <none>

Unloaded Processing Plates: <none>
' on stream ...[EOL]
[2026-09-22T07:26:29.9728748Z][TM][I][ModuleMonitoring.OccupiedPositionsProvider][1]New trigger OccupiedPositions: '<empty>' on stream ...[EOL]
[2026-09-22T07:26:31.6246951Z][TM][I][RackHandling.OnboardTracking.RackUnloadingTimeoutProvider][1]New trigger MolecularProcessOptimizationModeEnabled: 'False' on stream ...[EOL]
[2026-09-22T07:26:31.7780307Z][TM][I][RackHandling.Handlers.UnloadSampleRacksEventHandler][1]New trigger IsUnloadingSampleRacksRequired: 'False' on stream ...[EOL]
[2026-09-22T07:26:31.8115894Z][TM][I][RackHandling.Scanning.RackScanningEventAggregator][1]New trigger IsRackPresentOnAfterScanPosition: 'False' on stream ...[EOL]
[2026-09-22T07:26:31.8137222Z][TM][I][RackHandling.Scanning.RackScanningEventAggregator][1]New trigger IsTubeBarcodesConfigured: 'False' on stream ...[EOL]
[2026-09-22T07:26:31.8149828Z][TM][I][RackHandling.Scanning.RackScanningEventAggregator][1]New trigger IsRackRangesUpdated: 'False' on stream ...[EOL]
[2026-09-22T07:26:31.8245121Z][TM][I][RackHandling.Transfer.RackOutputStateProvider][1]New trigger 'IsErrorLaneEmpty: 'False', IsOutputLaneEmpty: 'False'' on stream ...[EOL]
[2026-09-22T07:26:32.0596258Z][TM][I][RackHandling.Unloading.RackUnloadingEventAggregator][1]New trigger CanUnloadToErrorLane: 'False' on stream ...[EOL]
[2026-09-22T07:26:32.0612998Z][TM][I][RackHandling.Unloading.RackUnloadingEventAggregator][1]New trigger CanUnloadToOutputLane: 'False' on stream ...[EOL]
[2026-09-22T07:26:32.2055568Z][TM][I][SampleTransfer.PipettingCycles.AntiDropletControlWarningsProvider][1]New trigger ADCWarnings: '<empty>' on stream ...[EOL]
[2026-09-22T07:26:33.5111729Z][TM][I][SampleTransfer.MainHandlerStateProvider][1]New trigger MainHandlerState: 'OutsideOfTransferModule' on stream ...[EOL]
[2026-09-22T07:26:33.5355952Z][TM][I][Surveillance.SurveillanceEventHandler][1]New trigger 'IsConsumableParkOperational: 'False', IsRackHandlerOperational: 'False', IsRackScannerOperational: 'False', IsOutputConveyorOperational: 'False', IsTransferModuleControlOperational: 'False', IsInfrastructureOperational: 'False', IsDeckOperational: 'True', IsTemperatureInRange: 'False', IsRackWithHardwareCollisionPresent: 'False', IsOperational: 'False'' on stream ...[EOL]
[2026-09-22T07:26:33.5524451Z][TM][I][Surveillance.SurveillanceEventHandler][1]Publishing event 'TransferModuleOperationalStateChanged' with args State: 'NotOperational', TraceContext: '<null>' ...[EOL]
[2026-09-22T07:26:33.6069938Z][TM][I][PipettingParameterFileHandling.PipettingParameterFileManager][1]Cleaning target folder an deploy pipetting parameter files with configuration 'PipettingParameterFileSourceFolder: '/app/config/pipetting-parameter-sets', TestDefinitionPipettingParameterFileSourceFolder: '/app/shared-data/test-definition-data/Instrument/6800_8800/PipettingParameterFiles', SampleTransferPipettingParameterFileTargetFolder: '/app/shared-data/tmp/pipetting-parameter-sets/sample-transfer', SampleTransferPipettingParameterGroupingIdentifier: 'SampleHead'' ...[EOL]
[2026-09-22T07:26:33.6085198Z][TM][I][PipettingParameterFileHandling.PipettingParameterFilesDeployer][1]Deleting all files in pipetting parameter files target folder '/app/shared-data/tmp/pipetting-parameter-sets/sample-transfer' ...[EOL]
[2026-09-22T07:26:33.6101885Z][TM][I][PipettingParameterFileHandling.PipettingParameterFilesProvider][1]Retrieving pipetting parameters files from location '/app/config/pipetting-parameter-sets' for head 'SampleHead' ...[EOL]
[2026-09-22T07:26:33.7218358Z][TM][I][PipettingParameterFileHandling.PipettingParameterFilesProvider][1]Retrieved pipetting parameters files from location '/app/config/pipetting-parameter-sets' for head 'SampleHead'! Files: 'PipettingParameterFileId: 'dfbb72c2-01ad-42ce-a4c4-c16e42ab054a', PipettingParameterFilePath: '/app/config/pipetting-parameter-sets/Cobas6800_8800_SampleHead_ARUP.xml', DeploymentFileName: 'dfbb72c2-01ad-42ce-a4c4-c16e42ab054a.xml', PipettingParameterFileId: '0c5cb499-fdbb-49da-a983-911903100ba3', PipettingParameterFilePath: '/app/config/pipetting-parameter-sets/Cobas6800_8800_SampleHead_FilterCalibration.xml', DeploymentFileName: '0c5cb499-fdbb-49da-a983-911903100ba3.xml''[EOL]
[2026-09-22T07:26:33.7234991Z][TM][I][PipettingParameterFileHandling.PipettingParameterFilesDeployer][1]Deploying pipetting parameter files to target folder '/app/shared-data/tmp/pipetting-parameter-sets/sample-transfer' ...[EOL]
[2026-09-22T07:26:33.7243426Z][TM][I][PipettingParameterFileHandling.PipettingParameterFilesDeployer][1]Deploying file '/app/config/pipetting-parameter-sets/Cobas6800_8800_SampleHead_ARUP.xml' as 'dfbb72c2-01ad-42ce-a4c4-c16e42ab054a.xml' to target folder '/app/shared-data/tmp/pipetting-parameter-sets/sample-transfer' ...[EOL]
[2026-09-22T07:26:33.7263198Z][TM][I][PipettingParameterFileHandling.PipettingParameterFilesDeployer][1]Deploying file '/app/config/pipetting-parameter-sets/Cobas6800_8800_SampleHead_FilterCalibration.xml' as '0c5cb499-fdbb-49da-a983-911903100ba3.xml' to target folder '/app/shared-data/tmp/pipetting-parameter-sets/sample-transfer' ...[EOL]
[2026-09-22T07:26:33.7274221Z][TM][I][Messaging.RabbitMQ.RabbitMQClient.TM.Distribution][1]Start receiving messages ...[EOL]
[2026-09-22T07:26:33.7807272Z][TM][I][UnitLifecycle.UnitLifecycleStateMachine][1]Publishing event 'UnitStateChanged' with args OldState: 'StartingUp', NewState: 'StartedUp', TraceContext: '<null>' ...[EOL]
[2026-09-22T07:26:33.7820037Z][TM][I][Launcher.TransferModuleBootstrapper][1]Unit 'TransferModule' successfully started[EOL]
[2026-09-22T08:28:34.4601336Z][TM][I][Launcher.TransferModuleBootstrapper][1]Bootstrapping unit 'TransferModule' with version '1.0.1+1344399.f00e95b258b6985f11b8a9f943fd52b91e3d1426' ...[EOL]
[2026-09-22T08:28:34.5316548Z][TM][I][Launcher.TransferModuleBootstrapper][1]Local time zone: (UTC) Coordinated Universal Time[EOL]
[2026-09-22T08:28:34.5318121Z][TM][I][Launcher.TransferModuleBootstrapper][1]Configuring unit 'TransferModule' ...[EOL]
[2026-09-22T08:28:36.3806163Z][TM][I][Launcher.TransferModuleBootstrapper][1]Starting unit 'TransferModule' ...[EOL]
[2026-09-22T08:28:36.4591780Z][TM][I][Messaging.RabbitMQ.RabbitMQClient.TM][1]Initializing Messagebus ...[EOL]
[2026-09-22T08:29:24.3221213Z][TM][I][Messaging.RabbitMQ.RabbitMQClient.TM][1]Connected successfully to 'amqp://rabbitmq-server:5672'[EOL]
[2026-09-22T08:29:39.9714257Z][TM][I][UnitLifecycle.UnitLifecycleStateMachine][1]Publishing event 'UnitStateChanged' with args OldState: 'PoweredOff', NewState: 'StartingUp', TraceContext: '<null>' ...[EOL]
[2026-09-22T08:29:41.6387110Z][TM][I][PerformanceMonitoring.PerformanceCounterListener][1]Configured instance with 'Enabled: 'True', IntervalSeconds: '30', Counters: '<empty>''[EOL]
[2026-09-22T08:29:41.6450341Z][TM][I][PerformanceMonitoring.PerformanceCounterListener][1]Starting up instance ...[EOL]
[2026-09-22T08:29:41.6600486Z][TM][I][PerformanceMonitoring.PerformanceCounterListener][1]Enabling counters of 'System.Runtime' ...[EOL]
[2026-09-22T08:29:46.5925764Z][TM][I][ControlData.ControlMiniRackProvider][1]New trigger '
Control Cassettes:
' on stream ...[EOL]
[2026-09-22T08:29:54.0223714Z][TM][I][DataTracking.Tracking.Consumables.TipRack.ParkedTipRacksProvider][1]New trigger TipRacks: '
Parked Tip Racks: <none>

Unloaded Tip Racks: <none>
' on stream ...[EOL]
[2026-09-22T08:29:54.7557348Z][TM][I][DataTracking.Tracking.Consumables.ProcessingPlate.ParkedProcessingPlatesProvider][1]New trigger ProcessingPlates: '
Parked Processing Plates: <none>

Unloaded Processing Plates: <none>
' on stream ...[EOL]
[2026-09-22T08:30:06.4823438Z][TM][I][ModuleMonitoring.OccupiedPositionsProvider][1]New trigger OccupiedPositions: '<empty>' on stream ...[EOL]
[2026-09-22T08:30:12.5944762Z][TM][I][RackHandling.OnboardTracking.RackUnloadingTimeoutProvider][1]New trigger MolecularProcessOptimizationModeEnabled: 'False' on stream ...[EOL]
[2026-09-22T08:30:12.9067732Z][TM][I][RackHandling.Handlers.UnloadSampleRacksEventHandler][1]New trigger IsUnloadingSampleRacksRequired: 'False' on stream ...[EOL]
[2026-09-22T08:30:13.1068588Z][TM][I][RackHandling.Scanning.RackScanningEventAggregator][1]New trigger IsRackPresentOnAfterScanPosition: 'False' on stream ...[EOL]
[2026-09-22T08:30:13.1216252Z][TM][I][RackHandling.Scanning.RackScanningEventAggregator][1]New trigger IsTubeBarcodesConfigured: 'False' on stream ...[EOL]
[2026-09-22T08:30:13.1235150Z][TM][I][RackHandling.Scanning.RackScanningEventAggregator][1]New trigger IsRackRangesUpdated: 'False' on stream ...[EOL]
[2026-09-22T08:30:13.1590367Z][TM][I][RackHandling.Transfer.RackOutputStateProvider][1]New trigger 'IsErrorLaneEmpty: 'False', IsOutputLaneEmpty: 'False'' on stream ...[EOL]
[2026-09-22T08:30:13.9434120Z][TM][I][RackHandling.Unloading.RackUnloadingEventAggregator][1]New trigger CanUnloadToErrorLane: 'False' on stream ...[EOL]
[2026-09-22T08:30:13.9778883Z][TM][I][RackHandling.Unloading.RackUnloadingEventAggregator][1]New trigger CanUnloadToOutputLane: 'False' on stream ...[EOL]
[2026-09-22T08:30:14.7605092Z][TM][I][SampleTransfer.PipettingCycles.AntiDropletControlWarningsProvider][1]New trigger ADCWarnings: '<empty>' on stream ...[EOL]
[2026-09-22T08:30:15.9542998Z][TM][I][SampleTransfer.MainHandlerStateProvider][1]New trigger MainHandlerState: 'OutsideOfTransferModule' on stream ...[EOL]
[2026-09-22T08:30:15.9809361Z][TM][I][Surveillance.SurveillanceEventHandler][1]New trigger 'IsConsumableParkOperational: 'False', IsRackHandlerOperational: 'False', IsRackScannerOperational: 'False', IsOutputConveyorOperational: 'False', IsTransferModuleControlOperational: 'False', IsInfrastructureOperational: 'False', IsDeckOperational: 'True', IsTemperatureInRange: 'False', IsRackWithHardwareCollisionPresent: 'False', IsOperational: 'False'' on stream ...[EOL]
[2026-09-22T08:30:15.9876391Z][TM][I][Surveillance.SurveillanceEventHandler][1]Publishing event 'TransferModuleOperationalStateChanged' with args State: 'NotOperational', TraceContext: '<null>' ...[EOL]
[2026-09-22T08:30:16.0276856Z][TM][I][PipettingParameterFileHandling.PipettingParameterFileManager][1]Cleaning target folder an deploy pipetting parameter files with configuration 'PipettingParameterFileSourceFolder: '/app/config/pipetting-parameter-sets', TestDefinitionPipettingParameterFileSourceFolder: '/app/shared-data/test-definition-data/Instrument/6800_8800/PipettingParameterFiles', SampleTransferPipettingParameterFileTargetFolder: '/app/shared-data/tmp/pipetting-parameter-sets/sample-transfer', SampleTransferPipettingParameterGroupingIdentifier: 'SampleHead'' ...[EOL]
[2026-09-22T08:30:16.0365997Z][TM][I][PipettingParameterFileHandling.PipettingParameterFilesDeployer][1]Deleting all files in pipetting parameter files target folder '/app/shared-data/tmp/pipetting-parameter-sets/sample-transfer' ...[EOL]
[2026-09-22T08:30:16.0810483Z][TM][I][PipettingParameterFileHandling.PipettingParameterFilesProvider][1]Retrieving pipetting parameters files from location '/app/config/pipetting-parameter-sets' for head 'SampleHead' ...[EOL]
[2026-09-22T08:30:16.5639723Z][TM][I][PipettingParameterFileHandling.PipettingParameterFilesProvider][1]Retrieved pipetting parameters files from location '/app/config/pipetting-parameter-sets' for head 'SampleHead'! Files: 'PipettingParameterFileId: 'dfbb72c2-01ad-42ce-a4c4-c16e42ab054a', PipettingParameterFilePath: '/app/config/pipetting-parameter-sets/Cobas6800_8800_SampleHead_ARUP.xml', DeploymentFileName: 'dfbb72c2-01ad-42ce-a4c4-c16e42ab054a.xml', PipettingParameterFileId: '0c5cb499-fdbb-49da-a983-911903100ba3', PipettingParameterFilePath: '/app/config/pipetting-parameter-sets/Cobas6800_8800_SampleHead_FilterCalibration.xml', DeploymentFileName: '0c5cb499-fdbb-49da-a983-911903100ba3.xml''[EOL]
[2026-09-22T08:30:16.5644829Z][TM][I][PipettingParameterFileHandling.PipettingParameterFilesDeployer][1]Deploying pipetting parameter files to target folder '/app/shared-data/tmp/pipetting-parameter-sets/sample-transfer' ...[EOL]
[2026-09-22T08:30:16.5655235Z][TM][I][PipettingParameterFileHandling.PipettingParameterFilesDeployer][1]Deploying file '/app/config/pipetting-parameter-sets/Cobas6800_8800_SampleHead_ARUP.xml' as 'dfbb72c2-01ad-42ce-a4c4-c16e42ab054a.xml' to target folder '/app/shared-data/tmp/pipetting-parameter-sets/sample-transfer' ...[EOL]
[2026-09-22T08:30:16.5671698Z][TM][I][PipettingParameterFileHandling.PipettingParameterFilesDeployer][1]Deploying file '/app/config/pipetting-parameter-sets/Cobas6800_8800_SampleHead_FilterCalibration.xml' as '0c5cb499-fdbb-49da-a983-911903100ba3.xml' to target folder '/app/shared-data/tmp/pipetting-parameter-sets/sample-transfer' ...[EOL]
[2026-09-22T08:30:16.5689308Z][TM][I][Messaging.RabbitMQ.RabbitMQClient.TM.Distribution][1]Start receiving messages ...[EOL]
[2026-09-22T08:30:16.6183610Z][TM][I][UnitLifecycle.UnitLifecycleStateMachine][1]Publishing event 'UnitStateChanged' with args OldState: 'StartingUp', NewState: 'StartedUp', TraceContext: '<null>' ...[EOL]
[2026-09-22T08:30:16.6201221Z][TM][I][Launcher.TransferModuleBootstrapper][1]Unit 'TransferModule' successfully started[EOL]
[2026-09-22T08:30:34.0262289Z][TM][I][RackHandling.Handlers.UnloadClottedTipRacksEventHandler][6]New trigger IsUnloadingClottedTipRacksRequired: 'False' on stream ...[EOL]
[2026-09-22T08:30:34.0875891Z][TM][I][RackHandling.Scanning.RackScanningEventAggregator][6]New trigger IsInCorrectInstrumentState: 'False' on stream ...[EOL]
[2026-09-22T08:30:43.3954411Z][TM][I][Surveillance.SurveillanceEventHandler][4]New trigger 'IsConsumableParkOperational: 'True', IsRackHandlerOperational: 'False', IsRackScannerOperational: 'False', IsOutputConveyorOperational: 'False', IsTransferModuleControlOperational: 'False', IsInfrastructureOperational: 'False', IsDeckOperational: 'True', IsTemperatureInRange: 'False', IsRackWithHardwareCollisionPresent: 'False', IsOperational: 'False'' on stream ...[EOL]
[2026-09-22T08:30:46.4127695Z][TM][I][Surveillance.SurveillanceEventHandler][6]New trigger 'IsConsumableParkOperational: 'False', IsRackHandlerOperational: 'False', IsRackScannerOperational: 'False', IsOutputConveyorOperational: 'False', IsTransferModuleControlOperational: 'False', IsInfrastructureOperational: 'False', IsDeckOperational: 'True', IsTemperatureInRange: 'False', IsRackWithHardwareCollisionPresent: 'False', IsOperational: 'False'' on stream ...[EOL]
[2026-09-22T08:30:54.7186727Z][TM][I][UnitLifecycle.UnitLifecycleProcessManager][11]Initialization of the unit 'TransferModule' with activity id '00-dd82d13ed26ec30b58a7827c44aa343a-65626d77a7631f1f-01' started[EOL]
[2026-09-22T08:30:54.7193666Z][TM][I][UnitLifecycle.UnitLifecycleStateMachine][11]Publishing event 'UnitStateChanged' with args OldState: 'StartedUp', NewState: 'Initializing', TraceContext: '00-dd82d13ed26ec30b58a7827c44aa343a-65626d77a7631f1f-01' ...[EOL]
[2026-09-22T08:30:54.7547598Z][TM][I][UnitLifecycle.UnitInitializationProcessManager][11]Waiting until all dependent units are initialized ...[EOL]
[2026-09-22T08:30:55.5197080Z][TM][I][Services.SampleSupplyModuleService][11]Executing service operation 'GetCurrentStateAsync' ...[EOL]
[2026-09-22T08:30:55.5809292Z][TM][I][Services.SampleSupplyModuleService][11]Sending request 'GetCurrentState' (#14421545) with args TraceContext: '00-dd82d13ed26ec30b58a7827c44aa343a-65626d77a7631f1f-01' ...[EOL]
[2026-09-22T08:30:57.0174365Z][TM][I][Services.SampleSupplyModuleService][11]Received response for 'GetCurrentState' (#14421545) with args UserCode: '<null>', IsLiftInputRailOccupied: 'False', IsLiftOutputRailOccupied: 'False', IsOutputBufferFull: 'False', IsErrorRailFull: 'False', OutputRackDestination: 'OutputBuffer', OperatingMode: 'StandAlone', ModuleState: 'Operational', FirmwareVersion: '1.02.01.0000', HardwareVersion: '1.0', SerialNumber: '1234-5678'[EOL]
[2026-09-22T08:30:57.0194031Z][TM][I][Services.SampleSupplyModuleService][11]Executing service operation 'GetCurrentStateAsync' finished[EOL]
[2026-09-22T08:30:57.0220393Z][TM][I][RackHandling.Transfer.SampleSupplyModule.SampleSupplyModuleStateProvider][11]New trigger 'ModuleState: 'Operational', OperatingMode: 'StandAlone', IsOutputRailFull: 'False', IsErrorRailFull: 'False'' on stream ...[EOL]
[2026-09-22T08:30:57.0223203Z][TM][I][RackHandling.Unloading.RackUnloadingEventAggregator][11]New trigger IsSampleSupplyModuleOperational: 'True' on stream ...[EOL]
[2026-09-22T08:30:57.2003856Z][TM][I][RackHandling.Scanning.RackScanningEventAggregator][4]New trigger IsRackRangesUpdated: 'True' on stream ...[EOL]
[2026-09-22T08:31:02.0257992Z][TM][I][Surveillance.SurveillanceEventHandler][4]New trigger 'IsConsumableParkOperational: 'False', IsRackHandlerOperational: 'False', IsRackScannerOperational: 'False', IsOutputConveyorOperational: 'False', IsTransferModuleControlOperational: 'True', IsInfrastructureOperational: 'False', IsDeckOperational: 'True', IsTemperatureInRange: 'False', IsRackWithHardwareCollisionPresent: 'False', IsOperational: 'False'' on stream ...[EOL]
[2026-09-22T08:31:02.0848190Z][TM][I][RackHandling.Transfer.RackTransferEventAggregator][4]New trigger IsRackHandlerOperational: 'False' on stream ...[EOL]
[2026-09-22T08:31:02.0967601Z][TM][I][Surveillance.SurveillanceEventHandler][4]New trigger 'IsConsumableParkOperational: 'False', IsRackHandlerOperational: 'True', IsRackScannerOperational: 'False', IsOutputConveyorOperational: 'False', IsTransferModuleControlOperational: 'True', IsInfrastructureOperational: 'False', IsDeckOperational: 'True', IsTemperatureInRange: 'False', IsRackWithHardwareCollisionPresent: 'False', IsOperational: 'False'' on stream ...[EOL]
[2026-09-22T08:31:02.1148110Z][TM][I][Surveillance.SurveillanceEventHandler][4]New trigger 'IsConsumableParkOperational: 'False', IsRackHandlerOperational: 'True', IsRackScannerOperational: 'True', IsOutputConveyorOperational: 'False', IsTransferModuleControlOperational: 'True', IsInfrastructureOperational: 'False', IsDeckOperational: 'True', IsTemperatureInRange: 'False', IsRackWithHardwareCollisionPresent: 'False', IsOperational: 'False'' on stream ...[EOL]
[2026-09-22T08:31:02.1160442Z][TM][I][Surveillance.SurveillanceEventHandler][4]New trigger 'IsConsumableParkOperational: 'True', IsRackHandlerOperational: 'True', IsRackScannerOperational: 'True', IsOutputConveyorOperational: 'False', IsTransferModuleControlOperational: 'True', IsInfrastructureOperational: 'False', IsDeckOperational: 'True', IsTemperatureInRange: 'False', IsRackWithHardwareCollisionPresent: 'False', IsOperational: 'False'' on stream ...[EOL]
[2026-09-22T08:31:02.1730936Z][TM][I][RackHandling.Unloading.RackUnloadingEventAggregator][6]New trigger IsOutputConveyorOperational: 'False' on stream ...[EOL]
[2026-09-22T08:31:02.1743256Z][TM][I][Surveillance.SurveillanceEventHandler][6]New trigger 'IsConsumableParkOperational: 'True', IsRackHandlerOperational: 'True', IsRackScannerOperational: 'True', IsOutputConveyorOperational: 'True', IsTransferModuleControlOperational: 'True', IsInfrastructureOperational: 'False', IsDeckOperational: 'True', IsTemperatureInRange: 'False', IsRackWithHardwareCollisionPresent: 'False', IsOperational: 'False'' on stream ...[EOL]
[2026-09-22T08:31:02.3148320Z][TM][I][Surveillance.SurveillanceEventHandler][6]New trigger 'IsConsumableParkOperational: 'True', IsRackHandlerOperational: 'True', IsRackScannerOperational: 'True', IsOutputConveyorOperational: 'True', IsTransferModuleControlOperational: 'True', IsInfrastructureOperational: 'True', IsDeckOperational: 'True', IsTemperatureInRange: 'False', IsRackWithHardwareCollisionPresent: 'False', IsOperational: 'False'' on stream ...[EOL]
[2026-09-22T08:31:02.4443578Z][TM][I][SampleTransfer.CarrierTransfer.Positions.CarrierTransferPositionPublisher][6]New trigger TransferModuleTransferPositionSensorStateChanged: 'False' on stream ...[EOL]
[2026-09-22T08:31:02.4482131Z][TM][I][SampleTransfer.CarrierTransfer.Positions.CarrierTransferPositionPublisher][6]Publishing event 'CarrierTransferPositionStateChanged' with args Carrier: '<null>', RunId: '<null>', TraceContext: '<null>' ...[EOL]
[2026-09-22T08:31:02.4904539Z][TM][I][SampleTransfer.CarrierTransfer.Positions.CarrierTransferPositionPublisher][6]New trigger TransferModuleTransferPositionSensorStateChanged: 'False' on stream ...[EOL]
[2026-09-22T08:31:02.5024914Z][TM][I][SampleTransfer.CarrierTransfer.Positions.PositionSensorStateProvider][6]Handling event 'TransferModuleTransferPositionSensorStateChanged' with args IsPresent: 'False', TraceContext: '<null>' on stream ...[EOL]
[2026-09-22T08:31:02.6185603Z][TM][I][RackHandling.Transfer.RackOutputStateProvider][6]New trigger 'IsErrorLaneEmpty: 'False', IsOutputLaneEmpty: 'True'' on stream ...[EOL]
[2026-09-22T08:31:02.6211993Z][TM][I][RackHandling.Unloading.RackUnloadingEventAggregator][6]New trigger IsOutputLaneEmpty: 'True' on stream ...[EOL]
[2026-09-22T08:31:02.6558428Z][TM][I][RackHandling.Transfer.RackOutputStateProvider][6]New trigger 'IsErrorLaneEmpty: 'True', IsOutputLaneEmpty: 'True'' on stream ...[EOL]
[2026-09-22T08:31:02.6596201Z][TM][I][RackHandling.Unloading.RackUnloadingEventAggregator][6]New trigger IsErrorLaneEmpty: 'True' on stream ...[EOL]
[2026-09-22T08:31:02.7262143Z][TM][I][RackHandling.Scanning.RackScanningEventAggregator][6]New trigger IsRackPresentOnEntryPosition: '('False', 'ContextId: '00-dd82d13ed26ec30b58a7827c44aa343a-f68105d87c36e972-01'')' on stream ...[EOL]
[2026-09-22T08:31:02.8559285Z][TM][I][SampleTransfer.CarrierTransfer.Positions.PositionSensorStateProvider][6]Handling event 'ParkPositionSensorStateChanged' with args ParkPosition: 'TipRackParkPosition1', IsPresent: 'False', TraceContext: '<null>' on stream ...[EOL]
[2026-09-22T08:31:02.8799419Z][TM][I][SampleTransfer.CarrierTransfer.Positions.TipRackParkPositionPublisher.TipRackParkPosition1][6]Publishing event 'TipRackParkPositionStateChanged' with args ParkPosition: 'TipRackParkPosition1', TipRack: '<null>', RunId: '<null>', TraceContext: '<null>' ...[EOL]
[2026-09-22T08:31:02.9408932Z][TM][I][SampleTransfer.CarrierTransfer.Positions.PositionSensorStateProvider][6]Handling event 'ParkPositionSensorStateChanged' with args ParkPosition: 'TipRackParkPosition2', IsPresent: 'False', TraceContext: '<null>' on stream ...[EOL]
[2026-09-22T08:31:02.9439210Z][TM][I][SampleTransfer.CarrierTransfer.Positions.TipRackParkPositionPublisher.TipRackParkPosition2][6]Publishing event 'TipRackParkPositionStateChanged' with args ParkPosition: 'TipRackParkPosition2', TipRack: '<null>', RunId: '<null>', TraceContext: '<null>' ...[EOL]
[2026-09-22T08:31:02.9559135Z][TM][I][SampleTransfer.CarrierTransfer.Positions.ControlCassetteParkPositionPublisher][6]Publishing event 'ControlCassetteParkPositionStateChanged' with args ControlCassette: '<null>', RunId: '<null>', TraceContext: '<null>' ...[EOL]
[2026-09-22T08:31:02.9734209Z][TM][I][SampleTransfer.CarrierTransfer.Positions.PositionSensorStateProvider][6]Handling event 'ParkPositionSensorStateChanged' with args ParkPosition: 'ControlCassetteParkPosition', IsPresent: 'False', TraceContext: '<null>' on stream ...[EOL]
[2026-09-22T08:31:02.9738850Z][TM][I][SampleTransfer.CarrierTransfer.Positions.PositionSensorStateProvider][6]Handling event 'ParkPositionSensorStateChanged' with args ParkPosition: 'ProcessingPlateParkPositionA', IsPresent: 'False', TraceContext: '<null>' on stream ...[EOL]
[2026-09-22T08:31:02.9754265Z][TM][I][SampleTransfer.CarrierTransfer.Positions.ProcessingPlateParkPositionPublisher.A][6]Publishing event 'ProcessingPlateParkPositionStateChanged' with args ParkPosition: 'A', ProcessingPlate: '<null>', RunId: '<null>', TraceContext: '<null>' ...[EOL]
[2026-09-22T08:31:03.0365478Z][TM][I][SampleTransfer.CarrierTransfer.Positions.PositionSensorStateProvider][6]Handling event 'ParkPositionSensorStateChanged' with args ParkPosition: 'ProcessingPlateParkPositionB', IsPresent: 'False', TraceContext: '<null>' on stream ...[EOL]
[2026-09-22T08:31:03.0373220Z][TM][I][SampleTransfer.CarrierTransfer.Positions.ProcessingPlateParkPositionPublisher.B][6]Publishing event 'ProcessingPlateParkPositionStateChanged' with args ParkPosition: 'B', ProcessingPlate: '<null>', RunId: '<null>', TraceContext: '<null>' ...[EOL]
[2026-09-22T08:31:05.2016031Z][TM][I][RackHandling.Initialization.PresentRacksDuringInitializationEventAggregator][14]New trigger RacksPresentDuringInitializationOnPositions: '<empty>' on stream ...[EOL]
[2026-09-22T08:31:05.2604170Z][TM][I][RackHandling.Inventory.RackInventory][14]Publishing event 'RackInventoryCapacityChanged' with args TotalSampleRackPositions: '26', AvailableSampleRackPositions: '26', TotalClottedTipRackPositions: '3', AvailableClottedTipRackPositions: '3', TraceContext: '<null>' ...[EOL]
[2026-09-22T08:31:05.2915016Z][TM][I][RackHandling.Inventory.RackInventory][14]Publishing event 'ClottedTipPositionsCapacityChanged' with args FreeClottedTipPositions: '<empty>', TraceContext: '<null>' ...[EOL]
[2026-09-22T08:31:05.4086335Z][TM][I][RackHandling.Initialization.PresentRacksDuringInitializationEventAggregator][6]New trigger RackStatesResetAfterInitialization: '<empty>' on stream ...[EOL]
[2026-09-22T08:31:05.4111217Z][TM][I][RackHandling.Transfer.RackTransferEventAggregator][6]New trigger IsRackHandlerOperational: 'True' on stream ...[EOL]
[2026-09-22T08:31:05.5474928Z][TM][I][RackHandling.Transfer.TransferRackProcessManager][6]No rack transfer required or possible[EOL]
[2026-09-22T08:31:05.7305097Z][TM][I][SampleTransfer.PipettingCycles.AmbientConditionProvider][6]New trigger AmbientConditionChanged: 'Temperature: '20', Temperature In Range: 'True', <null>' on stream ...[EOL]
[2026-09-22T08:31:05.7386965Z][TM][I][Surveillance.SurveillanceEventHandler][6]New trigger 'IsConsumableParkOperational: 'True', IsRackHandlerOperational: 'True', IsRackScannerOperational: 'True', IsOutputConveyorOperational: 'True', IsTransferModuleControlOperational: 'True', IsInfrastructureOperational: 'True', IsDeckOperational: 'True', IsTemperatureInRange: 'True', IsRackWithHardwareCollisionPresent: 'False', IsOperational: 'True'' on stream ...[EOL]
[2026-09-22T08:31:05.7402246Z][TM][I][Surveillance.SurveillanceEventHandler][6]Publishing event 'TransferModuleOperationalStateChanged' with args State: 'Operational', TraceContext: '<null>' ...[EOL]
[2026-09-22T08:31:05.7490268Z][TM][I][RackHandling.Unloading.RackUnloadingEventAggregator][6]New trigger IsOutputConveyorOperational: 'True' on stream ...[EOL]
[2026-09-22T08:31:05.7569081Z][TM][I][RackHandling.Scanning.RackScanningEventAggregator][6]New trigger IsTubeBarcodesConfigured: 'True' on stream ...[EOL]
[2026-09-22T08:31:05.8241958Z][TM][I][SampleTransfer.PipettingCycles.AmbientConditionProvider][6]New trigger AmbientConditionChanged: 'Temperature: '20', Temperature In Range: 'True', Humidity: 60%', Humidity In Range: 'True', Humidity Deviation Exceeded: 'False'' on stream ...[EOL]
[2026-09-22T08:31:05.8361555Z][TM][I][RackHandling.Scanning.RackScanningEventAggregator][6]New trigger HasCapacityToLoad: 'True' on stream ...[EOL]
[2026-09-22T08:31:08.2287631Z][TM][I][Initialization.InitializationStateProvider][6]New trigger InitializationState: 'Ready' on stream ...[EOL]
[2026-09-22T08:31:08.2352387Z][TM][I][UnitLifecycle.UnitInitializationProcessManager][11]All dependent units are initialized. Proceeding with the initialization process ...[EOL]
[2026-09-22T08:31:08.2367009Z][TM][I][UnitLifecycle.UnitLifecycleStateMachine][11]Publishing event 'UnitStateChanged' with args OldState: 'Initializing', NewState: 'Operational', TraceContext: '00-dd82d13ed26ec30b58a7827c44aa343a-65626d77a7631f1f-01' ...[EOL]
[2026-09-22T08:31:08.2371667Z][TM][I][UnitLifecycle.UnitLifecycleProcessManager][11]Initialization of the unit 'TransferModule' with activity id '00-dd82d13ed26ec30b58a7827c44aa343a-65626d77a7631f1f-01' completed[EOL]
[2026-09-22T08:31:12.2447036Z][TM][I][TestDefinitionData.TestDefinitionDataEventHandler][4]Handling event 'TestDefinitionDataUpdated' with args NewlyAvailableAssayIds: '<empty>', TraceContext: '<null>' on stream ...[EOL]
[2026-09-22T08:31:12.3482121Z][TM][I][TestDefinitionData.Instrument.TestDefinitionDataLoader][4]Loading TestDefinitionData.Instrument from repositories ...[EOL]
[2026-09-22T08:31:12.3595194Z][TM][I][TestDefinitionData.ReadOnlyRepository<Roche.CX800.TestDefinitionData.Instrument.PipettingParameterFiles.PipettingParameterFile>][4]Loading from files '' ...[EOL]
[2026-09-22T08:31:12.3641440Z][TM][I][TestDefinitionData.ReadOnlyRepository<Roche.CX800.TestDefinitionData.Instrument.MediaTypes.MediaType>][4]Loading from files '' ...[EOL]
[2026-09-22T08:31:12.3657403Z][TM][I][TestDefinitionData.ReadOnlyRepository<Roche.CX800.TestDefinitionData.Instrument.Processes.TransferProcesses.TransferProcess>][4]Loading from files '' ...[EOL]
[2026-09-22T08:31:12.3664558Z][TM][I][TestDefinitionData.ReadOnlyRepository<Roche.CX800.TestDefinitionData.Instrument.Assays.Assay>][4]Loading from files '' ...[EOL]
[2026-09-22T08:31:12.3680949Z][TM][I][TestDefinitionData.Instrument.TestDefinitionDataLoader][4]TestDefinitionData.Instrument successfully loaded[EOL]
