{"Counter":"cpu-usage-Browser","Mean":0,"UnitId":"Unit.UI","timestamp":"2026-09-22T07:25:54.901Z"}
{"Counter":"working-set-Browser","Mean":230,"UnitId":"Unit.UI","timestamp":"2026-09-22T07:25:54.901Z"}
{"Counter":"cpu-usage-GPU","Mean":0,"UnitId":"Unit.UI","timestamp":"2026-09-22T07:25:54.901Z"}
{"Counter":"working-set-GPU","Mean":73,"UnitId":"Unit.UI","timestamp":"2026-09-22T07:25:54.901Z"}
{"Counter":"cpu-usage-Tab","Mean":0,"UnitId":"Unit.UI","timestamp":"2026-09-22T07:25:54.901Z"}
{"Counter":"working-set-Tab","Mean":204,"UnitId":"Unit.UI","timestamp":"2026-09-22T07:25:54.901Z"}
{"Counter":"cpu-usage-combined","Mean":0,"UnitId":"Unit.UI","timestamp":"2026-09-22T07:25:54.901Z"}
{"Counter":"working-set-combined","Mean":583,"UnitId":"Unit.UI","timestamp":"2026-09-22T07:25:54.901Z"}
{"Counter":"cpu-usage-Browser","Mean":0.399909153970523,"UnitId":"Unit.UI","timestamp":"2026-09-22T07:26:24.904Z"}
{"Counter":"working-set-Browser","Mean":225,"UnitId":"Unit.UI","timestamp":"2026-09-22T07:26:24.904Z"}
{"Counter":"cpu-usage-GPU","Mean":1.0552863520071585,"UnitId":"Unit.UI","timestamp":"2026-09-22T07:26:24.904Z"}
{"Counter":"working-set-GPU","Mean":73,"UnitId":"Unit.UI","timestamp":"2026-09-22T07:26:24.904Z"}
{"Counter":"cpu-usage-Tab","Mean":2.9825334178706604,"UnitId":"Unit.UI","timestamp":"2026-09-22T07:26:24.904Z"}
{"Counter":"working-set-Tab","Mean":185,"UnitId":"Unit.UI","timestamp":"2026-09-22T07:26:24.904Z"}
{"Counter":"cpu-usage-combined","Mean":4.526593614881863,"UnitId":"Unit.UI","timestamp":"2026-09-22T07:26:24.904Z"}
{"Counter":"working-set-combined","Mean":559,"UnitId":"Unit.UI","timestamp":"2026-09-22T07:26:24.904Z"}
{"Counter":"cpu-usage-Browser","Mean":0.1831666882803359,"UnitId":"Unit.UI","timestamp":"2026-09-22T07:26:54.936Z"}
{"Counter":"working-set-Browser","Mean":223,"UnitId":"Unit.UI","timestamp":"2026-09-22T07:26:54.936Z"}
{"Counter":"cpu-usage-GPU","Mean":1.0157668326884823,"UnitId":"Unit.UI","timestamp":"2026-09-22T07:26:54.936Z"}
{"Counter":"working-set-GPU","Mean":75,"UnitId":"Unit.UI","timestamp":"2026-09-22T07:26:54.936Z"}
{"Counter":"cpu-usage-Tab","Mean":2.7420285345036444,"UnitId":"Unit.UI","timestamp":"2026-09-22T07:26:54.936Z"}
{"Counter":"working-set-Tab","Mean":179,"UnitId":"Unit.UI","timestamp":"2026-09-22T07:26:54.936Z"}
{"Counter":"cpu-usage-combined","Mean":3.9687151588910945,"UnitId":"Unit.UI","timestamp":"2026-09-22T07:26:54.936Z"}
{"Counter":"working-set-combined","Mean":554,"UnitId":"Unit.UI","timestamp":"2026-09-22T07:26:54.936Z"}
{"Counter":"cpu-usage-Browser","Mean":0,"UnitId":"Unit.UI","timestamp":"2026-09-22T08:29:22.646Z"}
{"Counter":"working-set-Browser","Mean":227,"UnitId":"Unit.UI","timestamp":"2026-09-22T08:29:22.646Z"}
{"Counter":"cpu-usage-GPU","Mean":0,"UnitId":"Unit.UI","timestamp":"2026-09-22T08:29:22.646Z"}
{"Counter":"working-set-GPU","Mean":73,"UnitId":"Unit.UI","timestamp":"2026-09-22T08:29:22.646Z"}
{"Counter":"cpu-usage-Tab","Mean":0,"UnitId":"Unit.UI","timestamp":"2026-09-22T08:29:22.646Z"}
{"Counter":"working-set-Tab","Mean":203,"UnitId":"Unit.UI","timestamp":"2026-09-22T08:29:22.646Z"}
{"Counter":"cpu-usage-combined","Mean":0,"UnitId":"Unit.UI","timestamp":"2026-09-22T08:29:22.646Z"}
{"Counter":"working-set-combined","Mean":576,"UnitId":"Unit.UI","timestamp":"2026-09-22T08:29:22.646Z"}
{"Counter":"cpu-usage-Browser","Mean":0.18310165480950288,"UnitId":"Unit.UI","timestamp":"2026-09-22T08:29:52.673Z"}
{"Counter":"working-set-Browser","Mean":220,"UnitId":"Unit.UI","timestamp":"2026-09-22T08:29:52.673Z"}
{"Counter":"cpu-usage-GPU","Mean":1.630145095555446,"UnitId":"Unit.UI","timestamp":"2026-09-22T08:29:52.673Z"}
{"Counter":"working-set-GPU","Mean":73,"UnitId":"Unit.UI","timestamp":"2026-09-22T08:29:52.673Z"}
{"Counter":"cpu-usage-Tab","Mean":4.0027637475918825,"UnitId":"Unit.UI","timestamp":"2026-09-22T08:29:52.673Z"}
{"Counter":"working-set-Tab","Mean":187,"UnitId":"Unit.UI","timestamp":"2026-09-22T08:29:52.673Z"}
{"Counter":"cpu-usage-combined","Mean":5.882542187349781,"UnitId":"Unit.UI","timestamp":"2026-09-22T08:29:52.673Z"}
{"Counter":"working-set-combined","Mean":553,"UnitId":"Unit.UI","timestamp":"2026-09-22T08:29:52.673Z"}
{"Counter":"cpu-usage-Browser","Mean":0.1000386349208064,"UnitId":"Unit.UI","timestamp":"2026-09-22T08:30:22.673Z"}
{"Counter":"working-set-Browser","Mean":220,"UnitId":"Unit.UI","timestamp":"2026-09-22T08:30:22.673Z"}
{"Counter":"cpu-usage-GPU","Mean":1.0951127917812686,"UnitId":"Unit.UI","timestamp":"2026-09-22T08:30:22.673Z"}
{"Counter":"working-set-GPU","Mean":75,"UnitId":"Unit.UI","timestamp":"2026-09-22T08:30:22.673Z"}
{"Counter":"cpu-usage-Tab","Mean":3.6248853046260208,"UnitId":"Unit.UI","timestamp":"2026-09-22T08:30:22.673Z"}
{"Counter":"working-set-Tab","Mean":182,"UnitId":"Unit.UI","timestamp":"2026-09-22T08:30:22.673Z"}
{"Counter":"cpu-usage-combined","Mean":4.842274048982786,"UnitId":"Unit.UI","timestamp":"2026-09-22T08:30:22.673Z"}
{"Counter":"working-set-combined","Mean":551,"UnitId":"Unit.UI","timestamp":"2026-09-22T08:30:22.673Z"}
{"Counter":"cpu-usage-Browser","Mean":0.10551528037303716,"UnitId":"Unit.UI","timestamp":"2026-09-22T08:30:52.684Z"}
{"Counter":"working-set-Browser","Mean":221,"UnitId":"Unit.UI","timestamp":"2026-09-22T08:30:52.684Z"}
{"Counter":"cpu-usage-GPU","Mean":0.9334032141206304,"UnitId":"Unit.UI","timestamp":"2026-09-22T08:30:52.684Z"}
{"Counter":"working-set-GPU","Mean":75,"UnitId":"Unit.UI","timestamp":"2026-09-22T08:30:52.684Z"}
{"Counter":"cpu-usage-Tab","Mean":2.600201602297565,"UnitId":"Unit.UI","timestamp":"2026-09-22T08:30:52.684Z"}
{"Counter":"working-set-Tab","Mean":183,"UnitId":"Unit.UI","timestamp":"2026-09-22T08:30:52.684Z"}
{"Counter":"cpu-usage-combined","Mean":3.683567951867756,"UnitId":"Unit.UI","timestamp":"2026-09-22T08:30:52.684Z"}
{"Counter":"working-set-combined","Mean":553,"UnitId":"Unit.UI","timestamp":"2026-09-22T08:30:52.684Z"}
{"Counter":"cpu-usage-Browser","Mean":0.6108936940454003,"UnitId":"Unit.UI","timestamp":"2026-09-22T08:31:22.695Z"}
{"Counter":"working-set-Browser","Mean":223,"UnitId":"Unit.UI","timestamp":"2026-09-22T08:31:22.695Z"}
{"Counter":"cpu-usage-GPU","Mean":0.5053729643035527,"UnitId":"Unit.UI","timestamp":"2026-09-22T08:31:22.695Z"}
{"Counter":"working-set-GPU","Mean":86,"UnitId":"Unit.UI","timestamp":"2026-09-22T08:31:22.695Z"}
{"Counter":"cpu-usage-Tab","Mean":2.621246681582227,"UnitId":"Unit.UI","timestamp":"2026-09-22T08:31:22.695Z"}
{"Counter":"working-set-Tab","Mean":211,"UnitId":"Unit.UI","timestamp":"2026-09-22T08:31:22.695Z"}
{"Counter":"cpu-usage-combined","Mean":5.042600760628931,"UnitId":"Unit.UI","timestamp":"2026-09-22T08:31:22.695Z"}
{"Counter":"working-set-combined","Mean":596,"UnitId":"Unit.UI","timestamp":"2026-09-22T08:31:22.695Z"}
{"Counter":"cpu-usage-Browser","Mean":0.011100018122999591,"UnitId":"Unit.UI","timestamp":"2026-09-22T08:31:52.725Z"}
{"Counter":"working-set-Browser","Mean":223,"UnitId":"Unit.UI","timestamp":"2026-09-22T08:31:52.725Z"}
{"Counter":"cpu-usage-GPU","Mean":0,"UnitId":"Unit.UI","timestamp":"2026-09-22T08:31:52.725Z"}
{"Counter":"working-set-GPU","Mean":86,"UnitId":"Unit.UI","timestamp":"2026-09-22T08:31:52.725Z"}
{"Counter":"cpu-usage-Tab","Mean":0.04995019133420791,"UnitId":"Unit.UI","timestamp":"2026-09-22T08:31:52.725Z"}
{"Counter":"working-set-Tab","Mean":205,"UnitId":"Unit.UI","timestamp":"2026-09-22T08:31:52.725Z"}
{"Counter":"cpu-usage-combined","Mean":0.07215014515306004,"UnitId":"Unit.UI","timestamp":"2026-09-22T08:31:52.725Z"}
{"Counter":"working-set-combined","Mean":590,"UnitId":"Unit.UI","timestamp":"2026-09-22T08:31:52.725Z"}
{"Counter":"cpu-usage-Browser","Mean":0.03885918881088073,"UnitId":"Unit.UI","timestamp":"2026-09-22T08:32:22.748Z"}
{"Counter":"working-set-Browser","Mean":223,"UnitId":"Unit.UI","timestamp":"2026-09-22T08:32:22.748Z"}
{"Counter":"cpu-usage-GPU","Mean":0.02775696837858435,"UnitId":"Unit.UI","timestamp":"2026-09-22T08:32:22.748Z"}
{"Counter":"working-set-GPU","Mean":89,"UnitId":"Unit.UI","timestamp":"2026-09-22T08:32:22.748Z"}
{"Counter":"cpu-usage-Tab","Mean":0.2609198394741206,"UnitId":"Unit.UI","timestamp":"2026-09-22T08:32:22.748Z"}
{"Counter":"working-set-Tab","Mean":211,"UnitId":"Unit.UI","timestamp":"2026-09-22T08:32:22.748Z"}
{"Counter":"cpu-usage-combined","Mean":0.3886019983192738,"UnitId":"Unit.UI","timestamp":"2026-09-22T08:32:22.748Z"}
{"Counter":"working-set-combined","Mean":599,"UnitId":"Unit.UI","timestamp":"2026-09-22T08:32:22.748Z"}
{"Counter":"cpu-usage-Browser","Mean":0.005550118474493992,"UnitId":"Unit.UI","timestamp":"2026-09-22T08:32:52.777Z"}
{"Counter":"working-set-Browser","Mean":223,"UnitId":"Unit.UI","timestamp":"2026-09-22T08:32:52.777Z"}
{"Counter":"cpu-usage-GPU","Mean":0,"UnitId":"Unit.UI","timestamp":"2026-09-22T08:32:52.777Z"}
{"Counter":"working-set-GPU","Mean":89,"UnitId":"Unit.UI","timestamp":"2026-09-22T08:32:52.777Z"}
{"Counter":"cpu-usage-Tab","Mean":0.027750383524175498,"UnitId":"Unit.UI","timestamp":"2026-09-22T08:32:52.777Z"}
{"Counter":"working-set-Tab","Mean":211,"UnitId":"Unit.UI","timestamp":"2026-09-22T08:32:52.777Z"}
{"Counter":"cpu-usage-combined","Mean":0.03330050199866949,"UnitId":"Unit.UI","timestamp":"2026-09-22T08:32:52.777Z"}
{"Counter":"working-set-combined","Mean":599,"UnitId":"Unit.UI","timestamp":"2026-09-22T08:32:52.777Z"}
{"Counter":"cpu-usage-Browser","Mean":0.011099570887259628,"UnitId":"Unit.UI","timestamp":"2026-09-22T08:33:22.808Z"}
{"Counter":"working-set-Browser","Mean":223,"UnitId":"Unit.UI","timestamp":"2026-09-22T08:33:22.808Z"}
{"Counter":"cpu-usage-GPU","Mean":0,"UnitId":"Unit.UI","timestamp":"2026-09-22T08:33:22.808Z"}
{"Counter":"working-set-GPU","Mean":81,"UnitId":"Unit.UI","timestamp":"2026-09-22T08:33:22.808Z"}
{"Counter":"cpu-usage-Tab","Mean":0.027748628768211065,"UnitId":"Unit.UI","timestamp":"2026-09-22T08:33:22.808Z"}
{"Counter":"working-set-Tab","Mean":209,"UnitId":"Unit.UI","timestamp":"2026-09-22T08:33:22.808Z"}
{"Counter":"cpu-usage-combined","Mean":0.04439793224660055,"UnitId":"Unit.UI","timestamp":"2026-09-22T08:33:22.808Z"}
{"Counter":"working-set-combined","Mean":588,"UnitId":"Unit.UI","timestamp":"2026-09-22T08:33:22.808Z"}
{"Counter":"cpu-usage-Browser","Mean":0.1110188211650766,"UnitId":"Unit.UI","timestamp":"2026-09-22T08:33:52.833Z"}
{"Counter":"working-set-Browser","Mean":223,"UnitId":"Unit.UI","timestamp":"2026-09-22T08:33:52.833Z"}
{"Counter":"cpu-usage-GPU","Mean":0.11657098520201285,"UnitId":"Unit.UI","timestamp":"2026-09-22T08:33:52.833Z"}
{"Counter":"working-set-GPU","Mean":91,"UnitId":"Unit.UI","timestamp":"2026-09-22T08:33:52.833Z"}
{"Counter":"cpu-usage-Tab","Mean":0.6217160624519114,"UnitId":"Unit.UI","timestamp":"2026-09-22T08:33:52.833Z"}
{"Counter":"working-set-Tab","Mean":213,"UnitId":"Unit.UI","timestamp":"2026-09-22T08:33:52.833Z"}
{"Counter":"cpu-usage-combined","Mean":0.8604079202860464,"UnitId":"Unit.UI","timestamp":"2026-09-22T08:33:52.833Z"}
{"Counter":"working-set-combined","Mean":602,"UnitId":"Unit.UI","timestamp":"2026-09-22T08:33:52.833Z"}
{"Counter":"cpu-usage-Browser","Mean":0.01665015637160858,"UnitId":"Unit.UI","timestamp":"2026-09-22T08:34:22.863Z"}
{"Counter":"working-set-Browser","Mean":223,"UnitId":"Unit.UI","timestamp":"2026-09-22T08:34:22.863Z"}
{"Counter":"cpu-usage-GPU","Mean":0.06105054286753223,"UnitId":"Unit.UI","timestamp":"2026-09-22T08:34:22.863Z"}
{"Counter":"working-set-GPU","Mean":83,"UnitId":"Unit.UI","timestamp":"2026-09-22T08:34:22.863Z"}
{"Counter":"cpu-usage-Tab","Mean":0.12765131362137308,"UnitId":"Unit.UI","timestamp":"2026-09-22T08:34:22.863Z"}
{"Counter":"working-set-Tab","Mean":211,"UnitId":"Unit.UI","timestamp":"2026-09-22T08:34:22.863Z"}
{"Counter":"cpu-usage-combined","Mean":0.21090206720220597,"UnitId":"Unit.UI","timestamp":"2026-09-22T08:34:22.863Z"}
{"Counter":"working-set-combined","Mean":592,"UnitId":"Unit.UI","timestamp":"2026-09-22T08:34:22.863Z"}
{"Counter":"cpu-usage-Browser","Mean":0.03330372964804918,"UnitId":"Unit.UI","timestamp":"2026-09-22T08:34:52.889Z"}
{"Counter":"working-set-Browser","Mean":223,"UnitId":"Unit.UI","timestamp":"2026-09-22T08:34:52.889Z"}
{"Counter":"cpu-usage-GPU","Mean":0.027752727241079075,"UnitId":"Unit.UI","timestamp":"2026-09-22T08:34:52.889Z"}
{"Counter":"working-set-GPU","Mean":91,"UnitId":"Unit.UI","timestamp":"2026-09-22T08:34:52.889Z"}
{"Counter":"cpu-usage-Tab","Mean":0.14430942854309953,"UnitId":"Unit.UI","timestamp":"2026-09-22T08:34:52.889Z"}
{"Counter":"working-set-Tab","Mean":212,"UnitId":"Unit.UI","timestamp":"2026-09-22T08:34:52.889Z"}
{"Counter":"cpu-usage-combined","Mean":0.23311813391662475,"UnitId":"Unit.UI","timestamp":"2026-09-22T08:34:52.889Z"}
{"Counter":"working-set-combined","Mean":601,"UnitId":"Unit.UI","timestamp":"2026-09-22T08:34:52.889Z"}
{"Counter":"cpu-usage-Browser","Mean":0.011100092419369484,"UnitId":"Unit.UI","timestamp":"2026-09-22T08:35:22.919Z"}
{"Counter":"working-set-Browser","Mean":223,"UnitId":"Unit.UI","timestamp":"2026-09-22T08:35:22.919Z"}
{"Counter":"cpu-usage-GPU","Mean":0.005550100546731524,"UnitId":"Unit.UI","timestamp":"2026-09-22T08:35:22.919Z"}
{"Counter":"working-set-GPU","Mean":82,"UnitId":"Unit.UI","timestamp":"2026-09-22T08:35:22.919Z"}
{"Counter":"cpu-usage-Tab","Mean":0.04440215730989441,"UnitId":"Unit.UI","timestamp":"2026-09-22T08:35:22.919Z"}
{"Counter":"working-set-Tab","Mean":212,"UnitId":"Unit.UI","timestamp":"2026-09-22T08:35:22.919Z"}
{"Counter":"cpu-usage-combined","Mean":0.06660254027786983,"UnitId":"Unit.UI","timestamp":"2026-09-22T08:35:22.919Z"}
{"Counter":"working-set-combined","Mean":592,"UnitId":"Unit.UI","timestamp":"2026-09-22T08:35:22.919Z"}
{"Counter":"cpu-usage-Browser","Mean":0.016650151381511345,"UnitId":"Unit.UI","timestamp":"2026-09-22T08:35:52.949Z"}
{"Counter":"working-set-Browser","Mean":223,"UnitId":"Unit.UI","timestamp":"2026-09-22T08:35:52.949Z"}
{"Counter":"cpu-usage-GPU","Mean":0,"UnitId":"Unit.UI","timestamp":"2026-09-22T08:35:52.949Z"}
{"Counter":"working-set-GPU","Mean":82,"UnitId":"Unit.UI","timestamp":"2026-09-22T08:35:52.949Z"}
{"Counter":"cpu-usage-Tab","Mean":0.022200231412992225,"UnitId":"Unit.UI","timestamp":"2026-09-22T08:35:52.949Z"}
{"Counter":"working-set-Tab","Mean":212,"UnitId":"Unit.UI","timestamp":"2026-09-22T08:35:52.949Z"}
{"Counter":"cpu-usage-combined","Mean":0.04440046060825954,"UnitId":"Unit.UI","timestamp":"2026-09-22T08:35:52.949Z"}
{"Counter":"working-set-combined","Mean":592,"UnitId":"Unit.UI","timestamp":"2026-09-22T08:35:52.949Z"}
{"Counter":"cpu-usage-Browser","Mean":0.044417935820346865,"UnitId":"Unit.UI","timestamp":"2026-09-22T08:36:22.967Z"}
{"Counter":"working-set-Browser","Mean":223,"UnitId":"Unit.UI","timestamp":"2026-09-22T08:36:22.967Z"}
{"Counter":"cpu-usage-GPU","Mean":0.0721784676351418,"UnitId":"Unit.UI","timestamp":"2026-09-22T08:36:22.967Z"}
{"Counter":"working-set-GPU","Mean":82,"UnitId":"Unit.UI","timestamp":"2026-09-22T08:36:22.967Z"}
{"Counter":"cpu-usage-Tab","Mean":0.25539808560923843,"UnitId":"Unit.UI","timestamp":"2026-09-22T08:36:22.967Z"}
{"Counter":"working-set-Tab","Mean":212,"UnitId":"Unit.UI","timestamp":"2026-09-22T08:36:22.967Z"}
{"Counter":"cpu-usage-combined","Mean":0.39975514037135873,"UnitId":"Unit.UI","timestamp":"2026-09-22T08:36:22.967Z"}
{"Counter":"working-set-combined","Mean":593,"UnitId":"Unit.UI","timestamp":"2026-09-22T08:36:22.967Z"}
{"Counter":"cpu-usage-Browser","Mean":0.00555006727902557,"UnitId":"Unit.UI","timestamp":"2026-09-22T08:36:52.997Z"}
{"Counter":"working-set-Browser","Mean":223,"UnitId":"Unit.UI","timestamp":"2026-09-22T08:36:52.997Z"}
{"Counter":"cpu-usage-GPU","Mean":0,"UnitId":"Unit.UI","timestamp":"2026-09-22T08:36:52.997Z"}
{"Counter":"working-set-GPU","Mean":82,"UnitId":"Unit.UI","timestamp":"2026-09-22T08:36:52.997Z"}
{"Counter":"cpu-usage-Tab","Mean":0.022200745960604798,"UnitId":"Unit.UI","timestamp":"2026-09-22T08:36:52.997Z"}
{"Counter":"working-set-Tab","Mean":212,"UnitId":"Unit.UI","timestamp":"2026-09-22T08:36:52.997Z"}
{"Counter":"cpu-usage-combined","Mean":0.033300980322970276,"UnitId":"Unit.UI","timestamp":"2026-09-22T08:36:52.997Z"}
{"Counter":"working-set-combined","Mean":593,"UnitId":"Unit.UI","timestamp":"2026-09-22T08:36:52.997Z"}
{"Counter":"cpu-usage-Browser","Mean":0.016650328809028288,"UnitId":"Unit.UI","timestamp":"2026-09-22T08:37:23.026Z"}
{"Counter":"working-set-Browser","Mean":223,"UnitId":"Unit.UI","timestamp":"2026-09-22T08:37:23.026Z"}
{"Counter":"cpu-usage-GPU","Mean":0.005550104982455784,"UnitId":"Unit.UI","timestamp":"2026-09-22T08:37:23.026Z"}
{"Counter":"working-set-GPU","Mean":81,"UnitId":"Unit.UI","timestamp":"2026-09-22T08:37:23.026Z"}
{"Counter":"cpu-usage-Tab","Mean":0.03885071547089104,"UnitId":"Unit.UI","timestamp":"2026-09-22T08:37:23.026Z"}
{"Counter":"working-set-Tab","Mean":211,"UnitId":"Unit.UI","timestamp":"2026-09-22T08:37:23.026Z"}
{"Counter":"cpu-usage-combined","Mean":0.061051149262375114,"UnitId":"Unit.UI","timestamp":"2026-09-22T08:37:23.026Z"}
{"Counter":"working-set-combined","Mean":591,"UnitId":"Unit.UI","timestamp":"2026-09-22T08:37:23.026Z"}
{"Counter":"cpu-usage-Browser","Mean":0.005549961749108629,"UnitId":"Unit.UI","timestamp":"2026-09-22T08:37:53.056Z"}
{"Counter":"working-set-Browser","Mean":223,"UnitId":"Unit.UI","timestamp":"2026-09-22T08:37:53.056Z"}
{"Counter":"cpu-usage-GPU","Mean":0,"UnitId":"Unit.UI","timestamp":"2026-09-22T08:37:53.056Z"}
{"Counter":"working-set-GPU","Mean":81,"UnitId":"Unit.UI","timestamp":"2026-09-22T08:37:53.056Z"}
{"Counter":"cpu-usage-Tab","Mean":0.022199363537587568,"UnitId":"Unit.UI","timestamp":"2026-09-22T08:37:53.056Z"}
{"Counter":"working-set-Tab","Mean":211,"UnitId":"Unit.UI","timestamp":"2026-09-22T08:37:53.056Z"}
{"Counter":"cpu-usage-combined","Mean":0.03329919869685865,"UnitId":"Unit.UI","timestamp":"2026-09-22T08:37:53.056Z"}
{"Counter":"working-set-combined","Mean":591,"UnitId":"Unit.UI","timestamp":"2026-09-22T08:37:53.056Z"}
{"Counter":"cpu-usage-Browser","Mean":0.01109984292057291,"UnitId":"Unit.UI","timestamp":"2026-09-22T08:38:23.087Z"}
{"Counter":"working-set-Browser","Mean":223,"UnitId":"Unit.UI","timestamp":"2026-09-22T08:38:23.087Z"}
{"Counter":"cpu-usage-GPU","Mean":0.005549964521296801,"UnitId":"Unit.UI","timestamp":"2026-09-22T08:38:23.087Z"}
{"Counter":"working-set-GPU","Mean":81,"UnitId":"Unit.UI","timestamp":"2026-09-22T08:38:23.087Z"}
{"Counter":"cpu-usage-Tab","Mean":0.044399785660034725,"UnitId":"Unit.UI","timestamp":"2026-09-22T08:38:23.087Z"}
{"Counter":"working-set-Tab","Mean":212,"UnitId":"Unit.UI","timestamp":"2026-09-22T08:38:23.087Z"}
{"Counter":"cpu-usage-combined","Mean":0.06659956723347502,"UnitId":"Unit.UI","timestamp":"2026-09-22T08:38:23.087Z"}
{"Counter":"working-set-combined","Mean":592,"UnitId":"Unit.UI","timestamp":"2026-09-22T08:38:23.087Z"}
{"Counter":"cpu-usage-Browser","Mean":0.005550091490483175,"UnitId":"Unit.UI","timestamp":"2026-09-22T08:38:53.116Z"}
{"Counter":"working-set-Browser","Mean":223,"UnitId":"Unit.UI","timestamp":"2026-09-22T08:38:53.116Z"}
{"Counter":"cpu-usage-GPU","Mean":0,"UnitId":"Unit.UI","timestamp":"2026-09-22T08:38:53.116Z"}
{"Counter":"working-set-GPU","Mean":81,"UnitId":"Unit.UI","timestamp":"2026-09-22T08:38:53.116Z"}
{"Counter":"cpu-usage-Tab","Mean":0.022200408101221963,"UnitId":"Unit.UI","timestamp":"2026-09-22T08:38:53.116Z"}
{"Counter":"working-set-Tab","Mean":211,"UnitId":"Unit.UI","timestamp":"2026-09-22T08:38:53.116Z"}
{"Counter":"cpu-usage-combined","Mean":0.03330056705555019,"UnitId":"Unit.UI","timestamp":"2026-09-22T08:38:53.116Z"}
{"Counter":"working-set-combined","Mean":591,"UnitId":"Unit.UI","timestamp":"2026-09-22T08:38:53.116Z"}
{"Counter":"cpu-usage-Browser","Mean":0.011094689860648365,"UnitId":"Unit.UI","timestamp":"2026-09-22T08:39:23.161Z"}
{"Counter":"working-set-Browser","Mean":223,"UnitId":"Unit.UI","timestamp":"2026-09-22T08:39:23.161Z"}
{"Counter":"cpu-usage-GPU","Mean":0,"UnitId":"Unit.UI","timestamp":"2026-09-22T08:39:23.161Z"}
{"Counter":"working-set-GPU","Mean":81,"UnitId":"Unit.UI","timestamp":"2026-09-22T08:39:23.161Z"}
{"Counter":"cpu-usage-Tab","Mean":0.03328227388755331,"UnitId":"Unit.UI","timestamp":"2026-09-22T08:39:23.161Z"}
{"Counter":"working-set-Tab","Mean":210,"UnitId":"Unit.UI","timestamp":"2026-09-22T08:39:23.161Z"}
{"Counter":"cpu-usage-combined","Mean":0.04992408545990675,"UnitId":"Unit.UI","timestamp":"2026-09-22T08:39:23.161Z"}
{"Counter":"working-set-combined","Mean":590,"UnitId":"Unit.UI","timestamp":"2026-09-22T08:39:23.161Z"}
{"Counter":"cpu-usage-Browser","Mean":0.01110024027580101,"UnitId":"Unit.UI","timestamp":"2026-09-22T08:39:53.190Z"}
{"Counter":"working-set-Browser","Mean":223,"UnitId":"Unit.UI","timestamp":"2026-09-22T08:39:53.190Z"}
{"Counter":"cpu-usage-GPU","Mean":0.005550346555313394,"UnitId":"Unit.UI","timestamp":"2026-09-22T08:39:53.190Z"}
{"Counter":"working-set-GPU","Mean":81,"UnitId":"Unit.UI","timestamp":"2026-09-22T08:39:53.190Z"}
{"Counter":"cpu-usage-Tab","Mean":0.02775241761855794,"UnitId":"Unit.UI","timestamp":"2026-09-22T08:39:53.190Z"}
{"Counter":"working-set-Tab","Mean":211,"UnitId":"Unit.UI","timestamp":"2026-09-22T08:39:53.190Z"}
{"Counter":"cpu-usage-combined","Mean":0.04440300444967234,"UnitId":"Unit.UI","timestamp":"2026-09-22T08:39:53.190Z"}
{"Counter":"working-set-combined","Mean":590,"UnitId":"Unit.UI","timestamp":"2026-09-22T08:39:53.190Z"}
{"Counter":"cpu-usage-Browser","Mean":0.005549943822358641,"UnitId":"Unit.UI","timestamp":"2026-09-22T08:40:23.220Z"}
{"Counter":"working-set-Browser","Mean":223,"UnitId":"Unit.UI","timestamp":"2026-09-22T08:40:23.220Z"}
{"Counter":"cpu-usage-GPU","Mean":0.005549962857983566,"UnitId":"Unit.UI","timestamp":"2026-09-22T08:40:23.220Z"}
{"Counter":"working-set-GPU","Mean":82,"UnitId":"Unit.UI","timestamp":"2026-09-22T08:40:23.220Z"}
{"Counter":"cpu-usage-Tab","Mean":0.0332997660591535,"UnitId":"Unit.UI","timestamp":"2026-09-22T08:40:23.220Z"}
{"Counter":"working-set-Tab","Mean":211,"UnitId":"Unit.UI","timestamp":"2026-09-22T08:40:23.220Z"}
{"Counter":"cpu-usage-combined","Mean":0.04439967273949571,"UnitId":"Unit.UI","timestamp":"2026-09-22T08:40:23.220Z"}
{"Counter":"working-set-combined","Mean":591,"UnitId":"Unit.UI","timestamp":"2026-09-22T08:40:23.220Z"}
{"Counter":"cpu-usage-Browser","Mean":0.005549878030330527,"UnitId":"Unit.UI","timestamp":"2026-09-22T08:40:53.251Z"}
{"Counter":"working-set-Browser","Mean":223,"UnitId":"Unit.UI","timestamp":"2026-09-22T08:40:53.251Z"}
{"Counter":"cpu-usage-GPU","Mean":0,"UnitId":"Unit.UI","timestamp":"2026-09-22T08:40:53.251Z"}
{"Counter":"working-set-GPU","Mean":82,"UnitId":"Unit.UI","timestamp":"2026-09-22T08:40:53.251Z"}
{"Counter":"cpu-usage-Tab","Mean":0.02219901906752554,"UnitId":"Unit.UI","timestamp":"2026-09-22T08:40:53.251Z"}
{"Counter":"working-set-Tab","Mean":211,"UnitId":"Unit.UI","timestamp":"2026-09-22T08:40:53.251Z"}
{"Counter":"cpu-usage-combined","Mean":0.0332986636918774,"UnitId":"Unit.UI","timestamp":"2026-09-22T08:40:53.251Z"}
{"Counter":"working-set-combined","Mean":591,"UnitId":"Unit.UI","timestamp":"2026-09-22T08:40:53.251Z"}
{"Counter":"cpu-usage-Browser","Mean":0.005550087794063771,"UnitId":"Unit.UI","timestamp":"2026-09-22T08:41:23.281Z"}
{"Counter":"working-set-Browser","Mean":223,"UnitId":"Unit.UI","timestamp":"2026-09-22T08:41:23.281Z"}
{"Counter":"cpu-usage-GPU","Mean":0,"UnitId":"Unit.UI","timestamp":"2026-09-22T08:41:23.281Z"}
{"Counter":"working-set-GPU","Mean":81,"UnitId":"Unit.UI","timestamp":"2026-09-22T08:41:23.281Z"}
{"Counter":"cpu-usage-Tab","Mean":0.02775098882323375,"UnitId":"Unit.UI","timestamp":"2026-09-22T08:41:23.281Z"}
{"Counter":"working-set-Tab","Mean":211,"UnitId":"Unit.UI","timestamp":"2026-09-22T08:41:23.281Z"}
{"Counter":"cpu-usage-combined","Mean":0.038851258117112854,"UnitId":"Unit.UI","timestamp":"2026-09-22T08:41:23.281Z"}
{"Counter":"working-set-combined","Mean":591,"UnitId":"Unit.UI","timestamp":"2026-09-22T08:41:23.281Z"}
{"Counter":"cpu-usage-Browser","Mean":0.011100008142965974,"UnitId":"Unit.UI","timestamp":"2026-09-22T08:41:53.311Z"}
{"Counter":"working-set-Browser","Mean":223,"UnitId":"Unit.UI","timestamp":"2026-09-22T08:41:53.311Z"}
{"Counter":"cpu-usage-GPU","Mean":0,"UnitId":"Unit.UI","timestamp":"2026-09-22T08:41:53.311Z"}
{"Counter":"working-set-GPU","Mean":81,"UnitId":"Unit.UI","timestamp":"2026-09-22T08:41:53.311Z"}
{"Counter":"cpu-usage-Tab","Mean":0.022199953448917616,"UnitId":"Unit.UI","timestamp":"2026-09-22T08:41:53.311Z"}
{"Counter":"working-set-Tab","Mean":211,"UnitId":"Unit.UI","timestamp":"2026-09-22T08:41:53.311Z"}
{"Counter":"cpu-usage-combined","Mean":0.03884997342561882,"UnitId":"Unit.UI","timestamp":"2026-09-22T08:41:53.311Z"}
{"Counter":"working-set-combined","Mean":591,"UnitId":"Unit.UI","timestamp":"2026-09-22T08:41:53.311Z"}
{"Counter":"cpu-usage-Browser","Mean":0.005550083543187542,"UnitId":"Unit.UI","timestamp":"2026-09-22T08:42:23.340Z"}
{"Counter":"working-set-Browser","Mean":223,"UnitId":"Unit.UI","timestamp":"2026-09-22T08:42:23.340Z"}
{"Counter":"cpu-usage-GPU","Mean":0.005550039556241925,"UnitId":"Unit.UI","timestamp":"2026-09-22T08:42:23.340Z"}
{"Counter":"working-set-GPU","Mean":82,"UnitId":"Unit.UI","timestamp":"2026-09-22T08:42:23.340Z"}
{"Counter":"cpu-usage-Tab","Mean":0.027750145108283785,"UnitId":"Unit.UI","timestamp":"2026-09-22T08:42:23.340Z"}
{"Counter":"working-set-Tab","Mean":210,"UnitId":"Unit.UI","timestamp":"2026-09-22T08:42:23.340Z"}
{"Counter":"cpu-usage-combined","Mean":0.03885026820771325,"UnitId":"Unit.UI","timestamp":"2026-09-22T08:42:23.340Z"}
{"Counter":"working-set-combined","Mean":591,"UnitId":"Unit.UI","timestamp":"2026-09-22T08:42:23.340Z"}
{"Counter":"cpu-usage-Browser","Mean":0.01109962965419681,"UnitId":"Unit.UI","timestamp":"2026-09-22T08:42:53.371Z"}
{"Counter":"working-set-Browser","Mean":223,"UnitId":"Unit.UI","timestamp":"2026-09-22T08:42:53.371Z"}
{"Counter":"cpu-usage-GPU","Mean":0,"UnitId":"Unit.UI","timestamp":"2026-09-22T08:42:53.371Z"}
{"Counter":"working-set-GPU","Mean":82,"UnitId":"Unit.UI","timestamp":"2026-09-22T08:42:53.371Z"}
{"Counter":"cpu-usage-Tab","Mean":0.022198481686008426,"UnitId":"Unit.UI","timestamp":"2026-09-22T08:42:53.371Z"}
{"Counter":"working-set-Tab","Mean":211,"UnitId":"Unit.UI","timestamp":"2026-09-22T08:42:53.371Z"}
{"Counter":"cpu-usage-combined","Mean":0.03329811134020524,"UnitId":"Unit.UI","timestamp":"2026-09-22T08:42:53.371Z"}
{"Counter":"working-set-combined","Mean":592,"UnitId":"Unit.UI","timestamp":"2026-09-22T08:42:53.371Z"}
{"Counter":"cpu-usage-Browser","Mean":0.011099947893514603,"UnitId":"Unit.UI","timestamp":"2026-09-22T08:43:23.401Z"}
{"Counter":"working-set-Browser","Mean":223,"UnitId":"Unit.UI","timestamp":"2026-09-22T08:43:23.401Z"}
{"Counter":"cpu-usage-GPU","Mean":0.005550058038066915,"UnitId":"Unit.UI","timestamp":"2026-09-22T08:43:23.401Z"}
{"Counter":"working-set-GPU","Mean":81,"UnitId":"Unit.UI","timestamp":"2026-09-22T08:43:23.401Z"}
{"Counter":"cpu-usage-Tab","Mean":0.03885047483438848,"UnitId":"Unit.UI","timestamp":"2026-09-22T08:43:23.401Z"}
{"Counter":"working-set-Tab","Mean":211,"UnitId":"Unit.UI","timestamp":"2026-09-22T08:43:23.401Z"}
{"Counter":"cpu-usage-combined","Mean":0.061050543424512396,"UnitId":"Unit.UI","timestamp":"2026-09-22T08:43:23.401Z"}
{"Counter":"working-set-combined","Mean":591,"UnitId":"Unit.UI","timestamp":"2026-09-22T08:43:23.401Z"}
{"Counter":"cpu-usage-Browser","Mean":0.011100275022634014,"UnitId":"Unit.UI","timestamp":"2026-09-22T08:43:53.431Z"}
{"Counter":"working-set-Browser","Mean":223,"UnitId":"Unit.UI","timestamp":"2026-09-22T08:43:53.431Z"}
{"Counter":"cpu-usage-GPU","Mean":0,"UnitId":"Unit.UI","timestamp":"2026-09-22T08:43:53.431Z"}
{"Counter":"working-set-GPU","Mean":81,"UnitId":"Unit.UI","timestamp":"2026-09-22T08:43:53.431Z"}
{"Counter":"cpu-usage-Tab","Mean":0.022201242048486402,"UnitId":"Unit.UI","timestamp":"2026-09-22T08:43:53.431Z"}
{"Counter":"working-set-Tab","Mean":211,"UnitId":"Unit.UI","timestamp":"2026-09-22T08:43:53.431Z"}
{"Counter":"cpu-usage-combined","Mean":0.03885178710452317,"UnitId":"Unit.UI","timestamp":"2026-09-22T08:43:53.431Z"}
{"Counter":"working-set-combined","Mean":591,"UnitId":"Unit.UI","timestamp":"2026-09-22T08:43:53.431Z"}
{"Counter":"cpu-usage-Browser","Mean":0.011099569408854136,"UnitId":"Unit.UI","timestamp":"2026-09-22T08:44:23.462Z"}
{"Counter":"working-set-Browser","Mean":223,"UnitId":"Unit.UI","timestamp":"2026-09-22T08:44:23.462Z"}
{"Counter":"cpu-usage-GPU","Mean":0.005549784519626413,"UnitId":"Unit.UI","timestamp":"2026-09-22T08:44:23.462Z"}
{"Counter":"working-set-GPU","Mean":82,"UnitId":"Unit.UI","timestamp":"2026-09-22T08:44:23.462Z"}
{"Counter":"cpu-usage-Tab","Mean":0.02774885791805558,"UnitId":"Unit.UI","timestamp":"2026-09-22T08:44:23.462Z"}
{"Counter":"working-set-Tab","Mean":211,"UnitId":"Unit.UI","timestamp":"2026-09-22T08:44:23.462Z"}
{"Counter":"cpu-usage-combined","Mean":0.04994799008294758,"UnitId":"Unit.UI","timestamp":"2026-09-22T08:44:23.462Z"}
{"Counter":"working-set-combined","Mean":592,"UnitId":"Unit.UI","timestamp":"2026-09-22T08:44:23.462Z"}
{"Counter":"cpu-usage-Browser","Mean":0.005549995385178838,"UnitId":"Unit.UI","timestamp":"2026-09-22T08:44:53.492Z"}
{"Counter":"working-set-Browser","Mean":223,"UnitId":"Unit.UI","timestamp":"2026-09-22T08:44:53.492Z"}
{"Counter":"cpu-usage-GPU","Mean":0.0055499242324343785,"UnitId":"Unit.UI","timestamp":"2026-09-22T08:44:53.492Z"}
{"Counter":"working-set-GPU","Mean":82,"UnitId":"Unit.UI","timestamp":"2026-09-22T08:44:53.492Z"}
{"Counter":"cpu-usage-Tab","Mean":0.02219955130044916,"UnitId":"Unit.UI","timestamp":"2026-09-22T08:44:53.492Z"}
{"Counter":"working-set-Tab","Mean":211,"UnitId":"Unit.UI","timestamp":"2026-09-22T08:44:53.492Z"}
{"Counter":"cpu-usage-combined","Mean":0.033299470918062374,"UnitId":"Unit.UI","timestamp":"2026-09-22T08:44:53.492Z"}
{"Counter":"working-set-combined","Mean":592,"UnitId":"Unit.UI","timestamp":"2026-09-22T08:44:53.492Z"}
{"Counter":"cpu-usage-Browser","Mean":0.02219941676138325,"UnitId":"Unit.UI","timestamp":"2026-09-22T08:45:23.523Z"}
{"Counter":"working-set-Browser","Mean":223,"UnitId":"Unit.UI","timestamp":"2026-09-22T08:45:23.523Z"}
{"Counter":"cpu-usage-GPU","Mean":0,"UnitId":"Unit.UI","timestamp":"2026-09-22T08:45:23.523Z"}
{"Counter":"working-set-GPU","Mean":82,"UnitId":"Unit.UI","timestamp":"2026-09-22T08:45:23.523Z"}
{"Counter":"cpu-usage-Tab","Mean":0.027749593440706502,"UnitId":"Unit.UI","timestamp":"2026-09-22T08:45:23.523Z"}
{"Counter":"working-set-Tab","Mean":211,"UnitId":"Unit.UI","timestamp":"2026-09-22T08:45:23.523Z"}
{"Counter":"cpu-usage-combined","Mean":0.05549892630289807,"UnitId":"Unit.UI","timestamp":"2026-09-22T08:45:23.523Z"}
{"Counter":"working-set-combined","Mean":592,"UnitId":"Unit.UI","timestamp":"2026-09-22T08:45:23.523Z"}
{"Counter":"cpu-usage-Browser","Mean":0.005549914991952069,"UnitId":"Unit.UI","timestamp":"2026-09-22T08:45:53.553Z"}
{"Counter":"working-set-Browser","Mean":223,"UnitId":"Unit.UI","timestamp":"2026-09-22T08:45:53.553Z"}
{"Counter":"cpu-usage-GPU","Mean":0.0055496056383638115,"UnitId":"Unit.UI","timestamp":"2026-09-22T08:45:53.553Z"}
{"Counter":"working-set-GPU","Mean":82,"UnitId":"Unit.UI","timestamp":"2026-09-22T08:45:53.553Z"}
{"Counter":"cpu-usage-Tab","Mean":0.016648706596946766,"UnitId":"Unit.UI","timestamp":"2026-09-22T08:45:53.553Z"}
{"Counter":"working-set-Tab","Mean":211,"UnitId":"Unit.UI","timestamp":"2026-09-22T08:45:53.553Z"}
{"Counter":"cpu-usage-combined","Mean":0.027748227227262647,"UnitId":"Unit.UI","timestamp":"2026-09-22T08:45:53.553Z"}
{"Counter":"working-set-combined","Mean":592,"UnitId":"Unit.UI","timestamp":"2026-09-22T08:45:53.553Z"}
{"Counter":"cpu-usage-Browser","Mean":0.022199725020886057,"UnitId":"Unit.UI","timestamp":"2026-09-22T08:46:23.584Z"}
{"Counter":"working-set-Browser","Mean":223,"UnitId":"Unit.UI","timestamp":"2026-09-22T08:46:23.584Z"}
{"Counter":"cpu-usage-GPU","Mean":0,"UnitId":"Unit.UI","timestamp":"2026-09-22T08:46:23.584Z"}
{"Counter":"working-set-GPU","Mean":82,"UnitId":"Unit.UI","timestamp":"2026-09-22T08:46:23.584Z"}
{"Counter":"cpu-usage-Tab","Mean":0.02220128197306523,"UnitId":"Unit.UI","timestamp":"2026-09-22T08:46:23.584Z"}
{"Counter":"working-set-Tab","Mean":211,"UnitId":"Unit.UI","timestamp":"2026-09-22T08:46:23.584Z"}
{"Counter":"cpu-usage-combined","Mean":0.0499512986528975,"UnitId":"Unit.UI","timestamp":"2026-09-22T08:46:23.584Z"}
{"Counter":"working-set-combined","Mean":592,"UnitId":"Unit.UI","timestamp":"2026-09-22T08:46:23.584Z"}
{"Counter":"cpu-usage-Browser","Mean":0.005549896880695997,"UnitId":"Unit.UI","timestamp":"2026-09-22T08:46:53.614Z"}
{"Counter":"working-set-Browser","Mean":223,"UnitId":"Unit.UI","timestamp":"2026-09-22T08:46:53.614Z"}
{"Counter":"cpu-usage-GPU","Mean":0,"UnitId":"Unit.UI","timestamp":"2026-09-22T08:46:53.614Z"}
{"Counter":"working-set-GPU","Mean":82,"UnitId":"Unit.UI","timestamp":"2026-09-22T08:46:53.614Z"}
{"Counter":"cpu-usage-Tab","Mean":0.03329866165686082,"UnitId":"Unit.UI","timestamp":"2026-09-22T08:46:53.614Z"}
{"Counter":"working-set-Tab","Mean":211,"UnitId":"Unit.UI","timestamp":"2026-09-22T08:46:53.614Z"}
{"Counter":"cpu-usage-combined","Mean":0.038848558537556824,"UnitId":"Unit.UI","timestamp":"2026-09-22T08:46:53.614Z"}
{"Counter":"working-set-combined","Mean":592,"UnitId":"Unit.UI","timestamp":"2026-09-22T08:46:53.614Z"}
{"Counter":"cpu-usage-Browser","Mean":0.005549967478300571,"UnitId":"Unit.UI","timestamp":"2026-09-22T08:47:23.644Z"}
{"Counter":"working-set-Browser","Mean":223,"UnitId":"Unit.UI","timestamp":"2026-09-22T08:47:23.644Z"}
{"Counter":"cpu-usage-GPU","Mean":0.005549868420389569,"UnitId":"Unit.UI","timestamp":"2026-09-22T08:47:23.644Z"}
{"Counter":"working-set-GPU","Mean":81,"UnitId":"Unit.UI","timestamp":"2026-09-22T08:47:23.644Z"}
{"Counter":"cpu-usage-Tab","Mean":0.02219924378498039,"UnitId":"Unit.UI","timestamp":"2026-09-22T08:47:23.644Z"}
{"Counter":"working-set-Tab","Mean":211,"UnitId":"Unit.UI","timestamp":"2026-09-22T08:47:23.644Z"}
{"Counter":"cpu-usage-combined","Mean":0.03329907968367053,"UnitId":"Unit.UI","timestamp":"2026-09-22T08:47:23.644Z"}
{"Counter":"working-set-combined","Mean":591,"UnitId":"Unit.UI","timestamp":"2026-09-22T08:47:23.644Z"}
{"Counter":"cpu-usage-Browser","Mean":0.005550097589585957,"UnitId":"Unit.UI","timestamp":"2026-09-22T08:47:53.674Z"}
{"Counter":"working-set-Browser","Mean":223,"UnitId":"Unit.UI","timestamp":"2026-09-22T08:47:53.674Z"}
{"Counter":"cpu-usage-GPU","Mean":0,"UnitId":"Unit.UI","timestamp":"2026-09-22T08:47:53.674Z"}
{"Counter":"working-set-GPU","Mean":81,"UnitId":"Unit.UI","timestamp":"2026-09-22T08:47:53.674Z"}
{"Counter":"cpu-usage-Tab","Mean":0.022201386960605928,"UnitId":"Unit.UI","timestamp":"2026-09-22T08:47:53.674Z"}
{"Counter":"working-set-Tab","Mean":211,"UnitId":"Unit.UI","timestamp":"2026-09-22T08:47:53.674Z"}
{"Counter":"cpu-usage-combined","Mean":0.038852130712144585,"UnitId":"Unit.UI","timestamp":"2026-09-22T08:47:53.674Z"}
{"Counter":"working-set-combined","Mean":591,"UnitId":"Unit.UI","timestamp":"2026-09-22T08:47:53.674Z"}
{"Counter":"cpu-usage-Browser","Mean":0.005549995015549477,"UnitId":"Unit.UI","timestamp":"2026-09-22T08:48:23.704Z"}
{"Counter":"working-set-Browser","Mean":223,"UnitId":"Unit.UI","timestamp":"2026-09-22T08:48:23.704Z"}
{"Counter":"cpu-usage-GPU","Mean":0.005549978751906348,"UnitId":"Unit.UI","timestamp":"2026-09-22T08:48:23.704Z"}
{"Counter":"working-set-GPU","Mean":82,"UnitId":"Unit.UI","timestamp":"2026-09-22T08:48:23.704Z"}
{"Counter":"cpu-usage-Tab","Mean":0.03329962301496785,"UnitId":"Unit.UI","timestamp":"2026-09-22T08:48:23.704Z"}
{"Counter":"working-set-Tab","Mean":212,"UnitId":"Unit.UI","timestamp":"2026-09-22T08:48:23.704Z"}
{"Counter":"cpu-usage-combined","Mean":0.04439959678242367,"UnitId":"Unit.UI","timestamp":"2026-09-22T08:48:23.704Z"}
{"Counter":"working-set-combined","Mean":592,"UnitId":"Unit.UI","timestamp":"2026-09-22T08:48:23.704Z"}
{"Counter":"cpu-usage-Browser","Mean":0.016650200728159897,"UnitId":"Unit.UI","timestamp":"2026-09-22T08:48:53.734Z"}
{"Counter":"working-set-Browser","Mean":223,"UnitId":"Unit.UI","timestamp":"2026-09-22T08:48:53.734Z"}
{"Counter":"cpu-usage-GPU","Mean":0,"UnitId":"Unit.UI","timestamp":"2026-09-22T08:48:53.734Z"}
{"Counter":"working-set-GPU","Mean":82,"UnitId":"Unit.UI","timestamp":"2026-09-22T08:48:53.734Z"}
{"Counter":"cpu-usage-Tab","Mean":0.01110036854444608,"UnitId":"Unit.UI","timestamp":"2026-09-22T08:48:53.734Z"}
{"Counter":"working-set-Tab","Mean":211,"UnitId":"Unit.UI","timestamp":"2026-09-22T08:48:53.734Z"}
{"Counter":"cpu-usage-combined","Mean":0.033300716394795864,"UnitId":"Unit.UI","timestamp":"2026-09-22T08:48:53.734Z"}
{"Counter":"working-set-combined","Mean":592,"UnitId":"Unit.UI","timestamp":"2026-09-22T08:48:53.734Z"}
{"Counter":"cpu-usage-Browser","Mean":0.011099569039252827,"UnitId":"Unit.UI","timestamp":"2026-09-22T08:49:23.765Z"}
{"Counter":"working-set-Browser","Mean":223,"UnitId":"Unit.UI","timestamp":"2026-09-22T08:49:23.765Z"}
{"Counter":"cpu-usage-GPU","Mean":0,"UnitId":"Unit.UI","timestamp":"2026-09-22T08:49:23.765Z"}
{"Counter":"working-set-GPU","Mean":82,"UnitId":"Unit.UI","timestamp":"2026-09-22T08:49:23.765Z"}
{"Counter":"cpu-usage-Tab","Mean":0.027748685131329918,"UnitId":"Unit.UI","timestamp":"2026-09-22T08:49:23.765Z"}
{"Counter":"working-set-Tab","Mean":211,"UnitId":"Unit.UI","timestamp":"2026-09-22T08:49:23.765Z"}
{"Counter":"cpu-usage-combined","Mean":0.03884825417058274,"UnitId":"Unit.UI","timestamp":"2026-09-22T08:49:23.765Z"}
{"Counter":"working-set-combined","Mean":592,"UnitId":"Unit.UI","timestamp":"2026-09-22T08:49:23.765Z"}
{"Counter":"cpu-usage-Browser","Mean":0.01109963371985699,"UnitId":"Unit.UI","timestamp":"2026-09-22T08:49:53.796Z"}
{"Counter":"working-set-Browser","Mean":223,"UnitId":"Unit.UI","timestamp":"2026-09-22T08:49:53.796Z"}
{"Counter":"cpu-usage-GPU","Mean":0.00554982111039622,"UnitId":"Unit.UI","timestamp":"2026-09-22T08:49:53.796Z"}
{"Counter":"working-set-GPU","Mean":82,"UnitId":"Unit.UI","timestamp":"2026-09-22T08:49:53.796Z"}
{"Counter":"cpu-usage-Tab","Mean":0.016649538731189267,"UnitId":"Unit.UI","timestamp":"2026-09-22T08:49:53.796Z"}
{"Counter":"working-set-Tab","Mean":211,"UnitId":"Unit.UI","timestamp":"2026-09-22T08:49:53.796Z"}
{"Counter":"cpu-usage-combined","Mean":0.038848822063971986,"UnitId":"Unit.UI","timestamp":"2026-09-22T08:49:53.796Z"}
{"Counter":"working-set-combined","Mean":592,"UnitId":"Unit.UI","timestamp":"2026-09-22T08:49:53.796Z"}
{"Counter":"cpu-usage-Browser","Mean":0.01109984292057291,"UnitId":"Unit.UI","timestamp":"2026-09-22T08:50:23.826Z"}
{"Counter":"working-set-Browser","Mean":223,"UnitId":"Unit.UI","timestamp":"2026-09-22T08:50:23.826Z"}
{"Counter":"cpu-usage-GPU","Mean":0,"UnitId":"Unit.UI","timestamp":"2026-09-22T08:50:23.826Z"}
{"Counter":"working-set-GPU","Mean":81,"UnitId":"Unit.UI","timestamp":"2026-09-22T08:50:23.826Z"}
{"Counter":"cpu-usage-Tab","Mean":0.03884936742740499,"UnitId":"Unit.UI","timestamp":"2026-09-22T08:50:23.826Z"}
{"Counter":"working-set-Tab","Mean":212,"UnitId":"Unit.UI","timestamp":"2026-09-22T08:50:23.826Z"}
{"Counter":"cpu-usage-combined","Mean":0.0499492103479779,"UnitId":"Unit.UI","timestamp":"2026-09-22T08:50:23.826Z"}
{"Counter":"working-set-combined","Mean":592,"UnitId":"Unit.UI","timestamp":"2026-09-22T08:50:23.826Z"}
{"Counter":"cpu-usage-Browser","Mean":0.005550001484070397,"UnitId":"Unit.UI","timestamp":"2026-09-22T08:50:53.857Z"}
{"Counter":"working-set-Browser","Mean":223,"UnitId":"Unit.UI","timestamp":"2026-09-22T08:50:53.857Z"}
{"Counter":"cpu-usage-GPU","Mean":0,"UnitId":"Unit.UI","timestamp":"2026-09-22T08:50:53.857Z"}
{"Counter":"working-set-GPU","Mean":81,"UnitId":"Unit.UI","timestamp":"2026-09-22T08:50:53.857Z"}
{"Counter":"cpu-usage-Tab","Mean":0.016650053797988826,"UnitId":"Unit.UI","timestamp":"2026-09-22T08:50:53.857Z"}
{"Counter":"working-set-Tab","Mean":212,"UnitId":"Unit.UI","timestamp":"2026-09-22T08:50:53.857Z"}
{"Counter":"cpu-usage-combined","Mean":0.02775007062729665,"UnitId":"Unit.UI","timestamp":"2026-09-22T08:50:53.857Z"}
{"Counter":"working-set-combined","Mean":592,"UnitId":"Unit.UI","timestamp":"2026-09-22T08:50:53.857Z"}
{"Counter":"cpu-usage-Browser","Mean":0.016665971140137754,"UnitId":"Unit.UI","timestamp":"2026-09-22T08:51:23.857Z"}
{"Counter":"working-set-Browser","Mean":223,"UnitId":"Unit.UI","timestamp":"2026-09-22T08:51:23.857Z"}
{"Counter":"cpu-usage-GPU","Mean":0.011110586321083879,"UnitId":"Unit.UI","timestamp":"2026-09-22T08:51:23.857Z"}
{"Counter":"working-set-GPU","Mean":81,"UnitId":"Unit.UI","timestamp":"2026-09-22T08:51:23.857Z"}
{"Counter":"cpu-usage-Tab","Mean":0.06110787035705317,"UnitId":"Unit.UI","timestamp":"2026-09-22T08:51:23.857Z"}
{"Counter":"working-set-Tab","Mean":212,"UnitId":"Unit.UI","timestamp":"2026-09-22T08:51:23.857Z"}
{"Counter":"cpu-usage-combined","Mean":0.0888844278182748,"UnitId":"Unit.UI","timestamp":"2026-09-22T08:51:23.857Z"}
{"Counter":"working-set-combined","Mean":592,"UnitId":"Unit.UI","timestamp":"2026-09-22T08:51:23.857Z"}
{"Counter":"cpu-usage-Browser","Mean":0.0055500090614997956,"UnitId":"Unit.UI","timestamp":"2026-09-22T08:51:53.888Z"}
{"Counter":"working-set-Browser","Mean":223,"UnitId":"Unit.UI","timestamp":"2026-09-22T08:51:53.888Z"}
{"Counter":"cpu-usage-GPU","Mean":0,"UnitId":"Unit.UI","timestamp":"2026-09-22T08:51:53.888Z"}
{"Counter":"working-set-GPU","Mean":81,"UnitId":"Unit.UI","timestamp":"2026-09-22T08:51:53.888Z"}
{"Counter":"cpu-usage-Tab","Mean":0.027750353952989637,"UnitId":"Unit.UI","timestamp":"2026-09-22T08:51:53.888Z"}
{"Counter":"working-set-Tab","Mean":212,"UnitId":"Unit.UI","timestamp":"2026-09-22T08:51:53.888Z"}
{"Counter":"cpu-usage-combined","Mean":0.0388504260426702,"UnitId":"Unit.UI","timestamp":"2026-09-22T08:51:53.888Z"}
{"Counter":"working-set-combined","Mean":592,"UnitId":"Unit.UI","timestamp":"2026-09-22T08:51:53.888Z"}
{"Counter":"cpu-usage-Browser","Mean":0.011100054346976087,"UnitId":"Unit.UI","timestamp":"2026-09-22T08:52:23.918Z"}
{"Counter":"working-set-Browser","Mean":223,"UnitId":"Unit.UI","timestamp":"2026-09-22T08:52:23.918Z"}
{"Counter":"cpu-usage-GPU","Mean":0.005550027727938529,"UnitId":"Unit.UI","timestamp":"2026-09-22T08:52:23.918Z"}
{"Counter":"working-set-GPU","Mean":82,"UnitId":"Unit.UI","timestamp":"2026-09-22T08:52:23.918Z"}
{"Counter":"cpu-usage-Tab","Mean":0.027750134019272246,"UnitId":"Unit.UI","timestamp":"2026-09-22T08:52:23.918Z"}
{"Counter":"working-set-Tab","Mean":211,"UnitId":"Unit.UI","timestamp":"2026-09-22T08:52:23.918Z"}
{"Counter":"cpu-usage-combined","Mean":0.049950244376575983,"UnitId":"Unit.UI","timestamp":"2026-09-22T08:52:23.918Z"}
{"Counter":"working-set-combined","Mean":592,"UnitId":"Unit.UI","timestamp":"2026-09-22T08:52:23.918Z"}
{"Counter":"cpu-usage-Browser","Mean":0.0055500500908670855,"UnitId":"Unit.UI","timestamp":"2026-09-22T08:52:53.947Z"}
{"Counter":"working-set-Browser","Mean":223,"UnitId":"Unit.UI","timestamp":"2026-09-22T08:52:53.947Z"}
{"Counter":"cpu-usage-GPU","Mean":0,"UnitId":"Unit.UI","timestamp":"2026-09-22T08:52:53.947Z"}
{"Counter":"working-set-GPU","Mean":82,"UnitId":"Unit.UI","timestamp":"2026-09-22T08:52:53.947Z"}
{"Counter":"cpu-usage-Tab","Mean":0.01665001609557056,"UnitId":"Unit.UI","timestamp":"2026-09-22T08:52:53.947Z"}
{"Counter":"working-set-Tab","Mean":212,"UnitId":"Unit.UI","timestamp":"2026-09-22T08:52:53.947Z"}
{"Counter":"cpu-usage-combined","Mean":0.027750074693490685,"UnitId":"Unit.UI","timestamp":"2026-09-22T08:52:53.947Z"}
{"Counter":"working-set-combined","Mean":593,"UnitId":"Unit.UI","timestamp":"2026-09-22T08:52:53.947Z"}
{"Counter":"cpu-usage-Browser","Mean":0.005550167268166044,"UnitId":"Unit.UI","timestamp":"2026-09-22T08:53:23.977Z"}
{"Counter":"working-set-Browser","Mean":223,"UnitId":"Unit.UI","timestamp":"2026-09-22T08:53:23.977Z"}
{"Counter":"cpu-usage-GPU","Mean":0,"UnitId":"Unit.UI","timestamp":"2026-09-22T08:53:23.977Z"}
{"Counter":"working-set-GPU","Mean":82,"UnitId":"Unit.UI","timestamp":"2026-09-22T08:53:23.977Z"}
{"Counter":"cpu-usage-Tab","Mean":0.022200864250784158,"UnitId":"Unit.UI","timestamp":"2026-09-22T08:53:23.977Z"}
{"Counter":"working-set-Tab","Mean":211,"UnitId":"Unit.UI","timestamp":"2026-09-22T08:53:23.977Z"}
{"Counter":"cpu-usage-combined","Mean":0.03330124425471921,"UnitId":"Unit.UI","timestamp":"2026-09-22T08:53:23.977Z"}
{"Counter":"working-set-combined","Mean":592,"UnitId":"Unit.UI","timestamp":"2026-09-22T08:53:23.977Z"}
{"Counter":"cpu-usage-Browser","Mean":0,"UnitId":"Unit.UI","timestamp":"2026-09-22T08:53:54.006Z"}
{"Counter":"working-set-Browser","Mean":223,"UnitId":"Unit.UI","timestamp":"2026-09-22T08:53:54.006Z"}
{"Counter":"cpu-usage-GPU","Mean":0.00554992164509623,"UnitId":"Unit.UI","timestamp":"2026-09-22T08:53:54.006Z"}
{"Counter":"working-set-GPU","Mean":82,"UnitId":"Unit.UI","timestamp":"2026-09-22T08:53:54.006Z"}
{"Counter":"cpu-usage-Tab","Mean":0.016649629655627718,"UnitId":"Unit.UI","timestamp":"2026-09-22T08:53:54.006Z"}
{"Counter":"working-set-Tab","Mean":211,"UnitId":"Unit.UI","timestamp":"2026-09-22T08:53:54.006Z"}
{"Counter":"cpu-usage-combined","Mean":0.022199551300723947,"UnitId":"Unit.UI","timestamp":"2026-09-22T08:53:54.006Z"}
{"Counter":"working-set-combined","Mean":592,"UnitId":"Unit.UI","timestamp":"2026-09-22T08:53:54.006Z"}
{"Counter":"cpu-usage-Browser","Mean":0.016650144173598398,"UnitId":"Unit.UI","timestamp":"2026-09-22T08:54:24.036Z"}
{"Counter":"working-set-Browser","Mean":223,"UnitId":"Unit.UI","timestamp":"2026-09-22T08:54:24.036Z"}
{"Counter":"cpu-usage-GPU","Mean":0,"UnitId":"Unit.UI","timestamp":"2026-09-22T08:54:24.036Z"}
{"Counter":"working-set-GPU","Mean":81,"UnitId":"Unit.UI","timestamp":"2026-09-22T08:54:24.036Z"}
{"Counter":"cpu-usage-Tab","Mean":0.02220044432635288,"UnitId":"Unit.UI","timestamp":"2026-09-22T08:54:24.036Z"}
{"Counter":"working-set-Tab","Mean":211,"UnitId":"Unit.UI","timestamp":"2026-09-22T08:54:24.036Z"}
{"Counter":"cpu-usage-combined","Mean":0.04440066409586595,"UnitId":"Unit.UI","timestamp":"2026-09-22T08:54:24.036Z"}
{"Counter":"working-set-combined","Mean":591,"UnitId":"Unit.UI","timestamp":"2026-09-22T08:54:24.036Z"}
{"Counter":"cpu-usage-Browser","Mean":0.0055502005370707055,"UnitId":"Unit.UI","timestamp":"2026-09-22T08:54:54.065Z"}
{"Counter":"working-set-Browser","Mean":223,"UnitId":"Unit.UI","timestamp":"2026-09-22T08:54:54.065Z"}
{"Counter":"cpu-usage-GPU","Mean":0.00555023325188255,"UnitId":"Unit.UI","timestamp":"2026-09-22T08:54:54.065Z"}
{"Counter":"working-set-GPU","Mean":81,"UnitId":"Unit.UI","timestamp":"2026-09-22T08:54:54.065Z"}
{"Counter":"cpu-usage-Tab","Mean":0.022200989196155017,"UnitId":"Unit.UI","timestamp":"2026-09-22T08:54:54.065Z"}
{"Counter":"working-set-Tab","Mean":212,"UnitId":"Unit.UI","timestamp":"2026-09-22T08:54:54.065Z"}
{"Counter":"cpu-usage-combined","Mean":0.03330142298510827,"UnitId":"Unit.UI","timestamp":"2026-09-22T08:54:54.065Z"}
{"Counter":"working-set-combined","Mean":592,"UnitId":"Unit.UI","timestamp":"2026-09-22T08:54:54.065Z"}
{"Counter":"cpu-usage-Browser","Mean":0.005549864539461307,"UnitId":"Unit.UI","timestamp":"2026-09-22T08:55:24.096Z"}
{"Counter":"working-set-Browser","Mean":223,"UnitId":"Unit.UI","timestamp":"2026-09-22T08:55:24.096Z"}
{"Counter":"cpu-usage-GPU","Mean":0,"UnitId":"Unit.UI","timestamp":"2026-09-22T08:55:24.096Z"}
{"Counter":"working-set-GPU","Mean":81,"UnitId":"Unit.UI","timestamp":"2026-09-22T08:55:24.096Z"}
{"Counter":"cpu-usage-Tab","Mean":0.022199437459594944,"UnitId":"Unit.UI","timestamp":"2026-09-22T08:55:24.096Z"}
{"Counter":"working-set-Tab","Mean":211,"UnitId":"Unit.UI","timestamp":"2026-09-22T08:55:24.096Z"}
{"Counter":"cpu-usage-combined","Mean":0.02774930199905625,"UnitId":"Unit.UI","timestamp":"2026-09-22T08:55:24.096Z"}
{"Counter":"working-set-combined","Mean":591,"UnitId":"Unit.UI","timestamp":"2026-09-22T08:55:24.096Z"}
{"Counter":"cpu-usage-Browser","Mean":0.005550148415963776,"UnitId":"Unit.UI","timestamp":"2026-09-22T08:55:54.125Z"}
{"Counter":"working-set-Browser","Mean":223,"UnitId":"Unit.UI","timestamp":"2026-09-22T08:55:54.125Z"}
{"Counter":"cpu-usage-GPU","Mean":0.005550148785613571,"UnitId":"Unit.UI","timestamp":"2026-09-22T08:55:54.125Z"}
{"Counter":"working-set-GPU","Mean":81,"UnitId":"Unit.UI","timestamp":"2026-09-22T08:55:54.125Z"}
{"Counter":"cpu-usage-Tab","Mean":0.022200608449855722,"UnitId":"Unit.UI","timestamp":"2026-09-22T08:55:54.125Z"}
{"Counter":"working-set-Tab","Mean":212,"UnitId":"Unit.UI","timestamp":"2026-09-22T08:55:54.125Z"}
{"Counter":"cpu-usage-combined","Mean":0.03885105610047132,"UnitId":"Unit.UI","timestamp":"2026-09-22T08:55:54.125Z"}
{"Counter":"working-set-combined","Mean":592,"UnitId":"Unit.UI","timestamp":"2026-09-22T08:55:54.125Z"}
{"Counter":"cpu-usage-Browser","Mean":0.011099794500624574,"UnitId":"Unit.UI","timestamp":"2026-09-22T08:56:24.156Z"}
{"Counter":"working-set-Browser","Mean":223,"UnitId":"Unit.UI","timestamp":"2026-09-22T08:56:24.156Z"}
{"Counter":"cpu-usage-GPU","Mean":0,"UnitId":"Unit.UI","timestamp":"2026-09-22T08:56:24.156Z"}
{"Counter":"working-set-GPU","Mean":82,"UnitId":"Unit.UI","timestamp":"2026-09-22T08:56:24.156Z"}
{"Counter":"cpu-usage-Tab","Mean":0.022199221608713432,"UnitId":"Unit.UI","timestamp":"2026-09-22T08:56:24.156Z"}
{"Counter":"working-set-Tab","Mean":211,"UnitId":"Unit.UI","timestamp":"2026-09-22T08:56:24.156Z"}
{"Counter":"cpu-usage-combined","Mean":0.03884883851335613,"UnitId":"Unit.UI","timestamp":"2026-09-22T08:56:24.156Z"}
{"Counter":"working-set-combined","Mean":592,"UnitId":"Unit.UI","timestamp":"2026-09-22T08:56:24.156Z"}
{"Counter":"cpu-usage-Browser","Mean":0.011100067653802344,"UnitId":"Unit.UI","timestamp":"2026-09-22T08:56:54.186Z"}
{"Counter":"working-set-Browser","Mean":223,"UnitId":"Unit.UI","timestamp":"2026-09-22T08:56:54.186Z"}
{"Counter":"cpu-usage-GPU","Mean":0.005549973577130797,"UnitId":"Unit.UI","timestamp":"2026-09-22T08:56:54.186Z"}
{"Counter":"working-set-GPU","Mean":82,"UnitId":"Unit.UI","timestamp":"2026-09-22T08:56:54.186Z"}
{"Counter":"cpu-usage-Tab","Mean":0.022199731674063226,"UnitId":"Unit.UI","timestamp":"2026-09-22T08:56:54.186Z"}
{"Counter":"working-set-Tab","Mean":211,"UnitId":"Unit.UI","timestamp":"2026-09-22T08:56:54.186Z"}
{"Counter":"cpu-usage-combined","Mean":0.03884977290499637,"UnitId":"Unit.UI","timestamp":"2026-09-22T08:56:54.186Z"}
{"Counter":"working-set-combined","Mean":591,"UnitId":"Unit.UI","timestamp":"2026-09-22T08:56:54.186Z"}
{"Counter":"cpu-usage-Browser","Mean":0.005550107385142719,"UnitId":"Unit.UI","timestamp":"2026-09-22T08:57:24.215Z"}
{"Counter":"working-set-Browser","Mean":223,"UnitId":"Unit.UI","timestamp":"2026-09-22T08:57:24.215Z"}
{"Counter":"cpu-usage-GPU","Mean":0,"UnitId":"Unit.UI","timestamp":"2026-09-22T08:57:24.215Z"}
{"Counter":"working-set-GPU","Mean":82,"UnitId":"Unit.UI","timestamp":"2026-09-22T08:57:24.215Z"}
{"Counter":"cpu-usage-Tab","Mean":0.0222004450656425,"UnitId":"Unit.UI","timestamp":"2026-09-22T08:57:24.215Z"}
{"Counter":"working-set-Tab","Mean":212,"UnitId":"Unit.UI","timestamp":"2026-09-22T08:57:24.215Z"}
{"Counter":"cpu-usage-combined","Mean":0.033300648561799574,"UnitId":"Unit.UI","timestamp":"2026-09-22T08:57:24.215Z"}
{"Counter":"working-set-combined","Mean":593,"UnitId":"Unit.UI","timestamp":"2026-09-22T08:57:24.215Z"}
{"Counter":"cpu-usage-Browser","Mean":0.011099924607092084,"UnitId":"Unit.UI","timestamp":"2026-09-22T08:57:54.245Z"}
{"Counter":"working-set-Browser","Mean":223,"UnitId":"Unit.UI","timestamp":"2026-09-22T08:57:54.245Z"}
{"Counter":"cpu-usage-GPU","Mean":0.005549600649072412,"UnitId":"Unit.UI","timestamp":"2026-09-22T08:57:54.245Z"}
{"Counter":"working-set-GPU","Mean":82,"UnitId":"Unit.UI","timestamp":"2026-09-22T08:57:54.245Z"}
{"Counter":"cpu-usage-Tab","Mean":0.022198571863758575,"UnitId":"Unit.UI","timestamp":"2026-09-22T08:57:54.245Z"}
{"Counter":"working-set-Tab","Mean":212,"UnitId":"Unit.UI","timestamp":"2026-09-22T08:57:54.245Z"}
{"Counter":"cpu-usage-combined","Mean":0.03884809711992307,"UnitId":"Unit.UI","timestamp":"2026-09-22T08:57:54.245Z"}
{"Counter":"working-set-combined","Mean":593,"UnitId":"Unit.UI","timestamp":"2026-09-22T08:57:54.245Z"}
{"Counter":"cpu-usage-Browser","Mean":0.00554643462868983,"UnitId":"Unit.UI","timestamp":"2026-09-22T08:58:24.295Z"}
{"Counter":"working-set-Browser","Mean":223,"UnitId":"Unit.UI","timestamp":"2026-09-22T08:58:24.295Z"}
{"Counter":"cpu-usage-GPU","Mean":0,"UnitId":"Unit.UI","timestamp":"2026-09-22T08:58:24.295Z"}
{"Counter":"working-set-GPU","Mean":81,"UnitId":"Unit.UI","timestamp":"2026-09-22T08:58:24.295Z"}
{"Counter":"cpu-usage-Tab","Mean":0.02773408180742079,"UnitId":"Unit.UI","timestamp":"2026-09-22T08:58:24.295Z"}
{"Counter":"working-set-Tab","Mean":211,"UnitId":"Unit.UI","timestamp":"2026-09-22T08:58:24.295Z"}
{"Counter":"cpu-usage-combined","Mean":0.03882734110474359,"UnitId":"Unit.UI","timestamp":"2026-09-22T08:58:24.295Z"}
{"Counter":"working-set-combined","Mean":591,"UnitId":"Unit.UI","timestamp":"2026-09-22T08:58:24.295Z"}
{"Counter":"cpu-usage-Browser","Mean":0.005549573300523368,"UnitId":"Unit.UI","timestamp":"2026-09-22T08:58:54.327Z"}
{"Counter":"working-set-Browser","Mean":223,"UnitId":"Unit.UI","timestamp":"2026-09-22T08:58:54.327Z"}
{"Counter":"cpu-usage-GPU","Mean":0,"UnitId":"Unit.UI","timestamp":"2026-09-22T08:58:54.327Z"}
{"Counter":"working-set-GPU","Mean":81,"UnitId":"Unit.UI","timestamp":"2026-09-22T08:58:54.327Z"}
{"Counter":"cpu-usage-Tab","Mean":0.022198664259754294,"UnitId":"Unit.UI","timestamp":"2026-09-22T08:58:54.327Z"}
{"Counter":"working-set-Tab","Mean":212,"UnitId":"Unit.UI","timestamp":"2026-09-22T08:58:54.327Z"}
{"Counter":"cpu-usage-combined","Mean":0.027748237560277663,"UnitId":"Unit.UI","timestamp":"2026-09-22T08:58:54.327Z"}
{"Counter":"working-set-combined","Mean":592,"UnitId":"Unit.UI","timestamp":"2026-09-22T08:58:54.327Z"}
{"Counter":"cpu-usage-Browser","Mean":0.011100257279543174,"UnitId":"Unit.UI","timestamp":"2026-09-22T08:59:24.356Z"}
{"Counter":"working-set-Browser","Mean":223,"UnitId":"Unit.UI","timestamp":"2026-09-22T08:59:24.356Z"}
{"Counter":"cpu-usage-GPU","Mean":0,"UnitId":"Unit.UI","timestamp":"2026-09-22T08:59:24.356Z"}
{"Counter":"working-set-GPU","Mean":81,"UnitId":"Unit.UI","timestamp":"2026-09-22T08:59:24.356Z"}
{"Counter":"cpu-usage-Tab","Mean":0.03330002664668132,"UnitId":"Unit.UI","timestamp":"2026-09-22T08:59:24.356Z"}
{"Counter":"working-set-Tab","Mean":211,"UnitId":"Unit.UI","timestamp":"2026-09-22T08:59:24.356Z"}
{"Counter":"cpu-usage-combined","Mean":0.04995034455175673,"UnitId":"Unit.UI","timestamp":"2026-09-22T08:59:24.356Z"}
{"Counter":"working-set-combined","Mean":591,"UnitId":"Unit.UI","timestamp":"2026-09-22T08:59:24.356Z"}
{"Counter":"cpu-usage-Browser","Mean":0.005550003886667722,"UnitId":"Unit.UI","timestamp":"2026-09-22T08:59:54.386Z"}
{"Counter":"working-set-Browser","Mean":223,"UnitId":"Unit.UI","timestamp":"2026-09-22T08:59:54.386Z"}
{"Counter":"cpu-usage-GPU","Mean":0.011100068393071405,"UnitId":"Unit.UI","timestamp":"2026-09-22T08:59:54.386Z"}
{"Counter":"working-set-GPU","Mean":81,"UnitId":"Unit.UI","timestamp":"2026-09-22T08:59:54.386Z"}
{"Counter":"cpu-usage-Tab","Mean":0.016646993250043766,"UnitId":"Unit.UI","timestamp":"2026-09-22T08:59:54.386Z"}
{"Counter":"working-set-Tab","Mean":212,"UnitId":"Unit.UI","timestamp":"2026-09-22T08:59:54.386Z"}
{"Counter":"cpu-usage-combined","Mean":0.03329706552978289,"UnitId":"Unit.UI","timestamp":"2026-09-22T08:59:54.386Z"}
{"Counter":"working-set-combined","Mean":592,"UnitId":"Unit.UI","timestamp":"2026-09-22T08:59:54.386Z"}
{"Counter":"cpu-usage-Browser","Mean":0.011100126056361534,"UnitId":"Unit.UI","timestamp":"2026-09-22T09:00:24.416Z"}
{"Counter":"working-set-Browser","Mean":223,"UnitId":"Unit.UI","timestamp":"2026-09-22T09:00:24.416Z"}
{"Counter":"cpu-usage-GPU","Mean":0,"UnitId":"Unit.UI","timestamp":"2026-09-22T09:00:24.416Z"}
{"Counter":"working-set-GPU","Mean":82,"UnitId":"Unit.UI","timestamp":"2026-09-22T09:00:24.416Z"}
{"Counter":"cpu-usage-Tab","Mean":0.016653680126903707,"UnitId":"Unit.UI","timestamp":"2026-09-22T09:00:24.416Z"}
{"Counter":"working-set-Tab","Mean":212,"UnitId":"Unit.UI","timestamp":"2026-09-22T09:00:24.416Z"}
{"Counter":"cpu-usage-combined","Mean":0.03330394850001453,"UnitId":"Unit.UI","timestamp":"2026-09-22T09:00:24.416Z"}
{"Counter":"working-set-combined","Mean":593,"UnitId":"Unit.UI","timestamp":"2026-09-22T09:00:24.416Z"}
{"Counter":"cpu-usage-Browser","Mean":0.011099860292718413,"UnitId":"Unit.UI","timestamp":"2026-09-22T09:00:54.446Z"}
{"Counter":"working-set-Browser","Mean":223,"UnitId":"Unit.UI","timestamp":"2026-09-22T09:00:54.446Z"}
{"Counter":"cpu-usage-GPU","Mean":0,"UnitId":"Unit.UI","timestamp":"2026-09-22T09:00:54.446Z"}
{"Counter":"working-set-GPU","Mean":82,"UnitId":"Unit.UI","timestamp":"2026-09-22T09:00:54.446Z"}
{"Counter":"cpu-usage-Tab","Mean":0.0332985230573292,"UnitId":"Unit.UI","timestamp":"2026-09-22T09:00:54.446Z"}
{"Counter":"working-set-Tab","Mean":212,"UnitId":"Unit.UI","timestamp":"2026-09-22T09:00:54.446Z"}
{"Counter":"cpu-usage-combined","Mean":0.049948146432881514,"UnitId":"Unit.UI","timestamp":"2026-09-22T09:00:54.446Z"}
{"Counter":"working-set-combined","Mean":593,"UnitId":"Unit.UI","timestamp":"2026-09-22T09:00:54.446Z"}
{"Counter":"cpu-usage-Browser","Mean":0.022199511382094625,"UnitId":"Unit.UI","timestamp":"2026-09-22T09:01:24.477Z"}
{"Counter":"working-set-Browser","Mean":223,"UnitId":"Unit.UI","timestamp":"2026-09-22T09:01:24.477Z"}
{"Counter":"cpu-usage-GPU","Mean":0.005549865463491353,"UnitId":"Unit.UI","timestamp":"2026-09-22T09:01:24.477Z"}
{"Counter":"working-set-GPU","Mean":82,"UnitId":"Unit.UI","timestamp":"2026-09-22T09:01:24.477Z"}
{"Counter":"cpu-usage-Tab","Mean":0.03885001297590433,"UnitId":"Unit.UI","timestamp":"2026-09-22T09:01:24.477Z"}
{"Counter":"working-set-Tab","Mean":212,"UnitId":"Unit.UI","timestamp":"2026-09-22T09:01:24.477Z"}
{"Counter":"cpu-usage-combined","Mean":0.07214938705481669,"UnitId":"Unit.UI","timestamp":"2026-09-22T09:01:24.477Z"}
{"Counter":"working-set-combined","Mean":593,"UnitId":"Unit.UI","timestamp":"2026-09-22T09:01:24.477Z"}
{"Counter":"cpu-usage-Browser","Mean":0.0055501474918395076,"UnitId":"Unit.UI","timestamp":"2026-09-22T09:01:54.506Z"}
{"Counter":"working-set-Browser","Mean":223,"UnitId":"Unit.UI","timestamp":"2026-09-22T09:01:54.506Z"}
{"Counter":"cpu-usage-GPU","Mean":0.005550147676664337,"UnitId":"Unit.UI","timestamp":"2026-09-22T09:01:54.506Z"}
{"Counter":"working-set-GPU","Mean":82,"UnitId":"Unit.UI","timestamp":"2026-09-22T09:01:54.506Z"}
{"Counter":"cpu-usage-Tab","Mean":0.022200593663855104,"UnitId":"Unit.UI","timestamp":"2026-09-22T09:01:54.506Z"}
{"Counter":"working-set-Tab","Mean":212,"UnitId":"Unit.UI","timestamp":"2026-09-22T09:01:54.506Z"}
{"Counter":"cpu-usage-combined","Mean":0.03885103835727226,"UnitId":"Unit.UI","timestamp":"2026-09-22T09:01:54.506Z"}
{"Counter":"working-set-combined","Mean":593,"UnitId":"Unit.UI","timestamp":"2026-09-22T09:01:54.506Z"}
{"Counter":"cpu-usage-Browser","Mean":0.011099943088371797,"UnitId":"Unit.UI","timestamp":"2026-09-22T09:02:24.537Z"}
{"Counter":"working-set-Browser","Mean":223,"UnitId":"Unit.UI","timestamp":"2026-09-22T09:02:24.537Z"}
{"Counter":"cpu-usage-GPU","Mean":0,"UnitId":"Unit.UI","timestamp":"2026-09-22T09:02:24.537Z"}
{"Counter":"working-set-GPU","Mean":81,"UnitId":"Unit.UI","timestamp":"2026-09-22T09:02:24.537Z"}
{"Counter":"cpu-usage-Tab","Mean":0.022199989672564802,"UnitId":"Unit.UI","timestamp":"2026-09-22T09:02:24.537Z"}
{"Counter":"working-set-Tab","Mean":212,"UnitId":"Unit.UI","timestamp":"2026-09-22T09:02:24.537Z"}
{"Counter":"cpu-usage-combined","Mean":0.033299932760936596,"UnitId":"Unit.UI","timestamp":"2026-09-22T09:02:24.537Z"}
{"Counter":"working-set-combined","Mean":592,"UnitId":"Unit.UI","timestamp":"2026-09-22T09:02:24.537Z"}
{"Counter":"cpu-usage-Browser","Mean":0,"UnitId":"Unit.UI","timestamp":"2026-09-22T09:02:54.566Z"}
{"Counter":"working-set-Browser","Mean":223,"UnitId":"Unit.UI","timestamp":"2026-09-22T09:02:54.566Z"}
{"Counter":"cpu-usage-GPU","Mean":0.005550073378075139,"UnitId":"Unit.UI","timestamp":"2026-09-22T09:02:54.566Z"}
{"Counter":"working-set-GPU","Mean":81,"UnitId":"Unit.UI","timestamp":"2026-09-22T09:02:54.566Z"}
{"Counter":"cpu-usage-Tab","Mean":0.02220023954502474,"UnitId":"Unit.UI","timestamp":"2026-09-22T09:02:54.566Z"}
{"Counter":"working-set-Tab","Mean":212,"UnitId":"Unit.UI","timestamp":"2026-09-22T09:02:54.566Z"}
{"Counter":"cpu-usage-combined","Mean":0.03330036726479195,"UnitId":"Unit.UI","timestamp":"2026-09-22T09:02:54.566Z"}
{"Counter":"working-set-combined","Mean":592,"UnitId":"Unit.UI","timestamp":"2026-09-22T09:02:54.566Z"}
{"Counter":"cpu-usage-Browser","Mean":0.0055500092463154045,"UnitId":"Unit.UI","timestamp":"2026-09-22T09:03:24.596Z"}
{"Counter":"working-set-Browser","Mean":223,"UnitId":"Unit.UI","timestamp":"2026-09-22T09:03:24.596Z"}
{"Counter":"cpu-usage-GPU","Mean":0,"UnitId":"Unit.UI","timestamp":"2026-09-22T09:03:24.596Z"}
{"Counter":"working-set-GPU","Mean":81,"UnitId":"Unit.UI","timestamp":"2026-09-22T09:03:24.596Z"}
{"Counter":"cpu-usage-Tab","Mean":0.022199927574956282,"UnitId":"Unit.UI","timestamp":"2026-09-22T09:03:24.596Z"}
{"Counter":"working-set-Tab","Mean":212,"UnitId":"Unit.UI","timestamp":"2026-09-22T09:03:24.596Z"}
{"Counter":"cpu-usage-combined","Mean":0.03329992315054536,"UnitId":"Unit.UI","timestamp":"2026-09-22T09:03:24.596Z"}
{"Counter":"working-set-combined","Mean":592,"UnitId":"Unit.UI","timestamp":"2026-09-22T09:03:24.596Z"}
{"Counter":"cpu-usage-Browser","Mean":0.005549872670936273,"UnitId":"Unit.UI","timestamp":"2026-09-22T09:03:54.627Z"}
{"Counter":"working-set-Browser","Mean":223,"UnitId":"Unit.UI","timestamp":"2026-09-22T09:03:54.627Z"}
{"Counter":"cpu-usage-GPU","Mean":0,"UnitId":"Unit.UI","timestamp":"2026-09-22T09:03:54.627Z"}
{"Counter":"working-set-GPU","Mean":81,"UnitId":"Unit.UI","timestamp":"2026-09-22T09:03:54.627Z"}
{"Counter":"cpu-usage-Tab","Mean":0.022199699147457185,"UnitId":"Unit.UI","timestamp":"2026-09-22T09:03:54.627Z"}
{"Counter":"working-set-Tab","Mean":212,"UnitId":"Unit.UI","timestamp":"2026-09-22T09:03:54.627Z"}
{"Counter":"cpu-usage-combined","Mean":0.027749571818393458,"UnitId":"Unit.UI","timestamp":"2026-09-22T09:03:54.627Z"}
{"Counter":"working-set-combined","Mean":592,"UnitId":"Unit.UI","timestamp":"2026-09-22T09:03:54.627Z"}
