[2026-09-22T07:25:04.9726043Z][WOM][I][Launcher.WorkOrderManagementBootstrapper][1]Bootstrapping unit 'WorkOrderManagement' with version '1.0.0+1344430.1ea192ea05dd16302b6b3bfcaaa3bd291b066555' ...[EOL]
[2026-09-22T07:25:05.0892105Z][WOM][I][Launcher.WorkOrderManagementBootstrapper][1]Local time zone: (UTC) Coordinated Universal Time[EOL]
[2026-09-22T07:25:05.0894661Z][WOM][I][Launcher.WorkOrderManagementBootstrapper][1]Configuring unit 'WorkOrderManagement' ...[EOL]
[2026-09-22T07:25:07.0953754Z][WOM][I][Launcher.WorkOrderManagementBootstrapper][1]Starting unit 'WorkOrderManagement' ...[EOL]
[2026-09-22T07:25:07.1875287Z][WOM][I][Messaging.RabbitMQ.RabbitMQClient.WOM][1]Initializing Messagebus ...[EOL]
[2026-09-22T07:25:53.2368775Z][WOM][I][Messaging.RabbitMQ.RabbitMQClient.WOM][1]Connected successfully to 'amqp://rabbitmq-server:5672'[EOL]
[2026-09-22T07:25:55.3529068Z][WOM][I][UnitLifecycle.UnitLifecycleStateMachine][1]Publishing event 'UnitStateChanged' with args OldState: 'PoweredOff', NewState: 'StartingUp', TraceContext: '<null>' ...[EOL]
[2026-09-22T07:26:24.6779161Z][WOM][I][PerformanceMonitoring.PerformanceCounterListener][1]Configured instance with 'Enabled: 'True', IntervalSeconds: '30', Counters: '<empty>''[EOL]
[2026-09-22T07:26:24.6837587Z][WOM][I][PerformanceMonitoring.PerformanceCounterListener][1]Starting up instance ...[EOL]
[2026-09-22T07:26:24.6853062Z][WOM][I][PerformanceMonitoring.PerformanceCounterListener][1]Enabling counters of 'System.Runtime' ...[EOL]
[2026-09-22T07:26:24.8126888Z][WOM][I][Messaging.RabbitMQ.RabbitMQClient.WOM.Distribution][1]Start receiving messages ...[EOL]
[2026-09-22T07:26:24.8212038Z][WOM][I][UnitLifecycle.UnitLifecycleStateMachine][1]Publishing event 'UnitStateChanged' with args OldState: 'StartingUp', NewState: 'StartedUp', TraceContext: '<null>' ...[EOL]
[2026-09-22T07:26:24.8245808Z][WOM][I][Launcher.WorkOrderManagementBootstrapper][1]Unit 'WorkOrderManagement' successfully started[EOL]
[2026-09-22T08:28:35.4975998Z][WOM][I][Launcher.WorkOrderManagementBootstrapper][1]Bootstrapping unit 'WorkOrderManagement' with version '1.0.0+1344430.1ea192ea05dd16302b6b3bfcaaa3bd291b066555' ...[EOL]
[2026-09-22T08:28:35.6339129Z][WOM][I][Launcher.WorkOrderManagementBootstrapper][1]Local time zone: (UTC) Coordinated Universal Time[EOL]
[2026-09-22T08:28:35.6341619Z][WOM][I][Launcher.WorkOrderManagementBootstrapper][1]Configuring unit 'WorkOrderManagement' ...[EOL]
[2026-09-22T08:28:37.4034115Z][WOM][I][Launcher.WorkOrderManagementBootstrapper][1]Starting unit 'WorkOrderManagement' ...[EOL]
[2026-09-22T08:28:37.4585291Z][WOM][I][Messaging.RabbitMQ.RabbitMQClient.WOM][1]Initializing Messagebus ...[EOL]
[2026-09-22T08:29:23.6059197Z][WOM][I][Messaging.RabbitMQ.RabbitMQClient.WOM][1]Connected successfully to 'amqp://rabbitmq-server:5672'[EOL]
[2026-09-22T08:29:27.0095701Z][WOM][I][UnitLifecycle.UnitLifecycleStateMachine][1]Publishing event 'UnitStateChanged' with args OldState: 'PoweredOff', NewState: 'StartingUp', TraceContext: '<null>' ...[EOL]
[2026-09-22T08:29:57.3544707Z][WOM][I][PerformanceMonitoring.PerformanceCounterListener][1]Configured instance with 'Enabled: 'True', IntervalSeconds: '30', Counters: '<empty>''[EOL]
[2026-09-22T08:29:57.3777914Z][WOM][I][PerformanceMonitoring.PerformanceCounterListener][1]Starting up instance ...[EOL]
[2026-09-22T08:29:57.3900354Z][WOM][I][PerformanceMonitoring.PerformanceCounterListener][1]Enabling counters of 'System.Runtime' ...[EOL]
[2026-09-22T08:29:57.6974340Z][WOM][I][Messaging.RabbitMQ.RabbitMQClient.WOM.Distribution][1]Start receiving messages ...[EOL]
[2026-09-22T08:29:58.0627162Z][WOM][I][UnitLifecycle.UnitLifecycleStateMachine][1]Publishing event 'UnitStateChanged' with args OldState: 'StartingUp', NewState: 'StartedUp', TraceContext: '<null>' ...[EOL]
[2026-09-22T08:29:58.0679949Z][WOM][I][Launcher.WorkOrderManagementBootstrapper][1]Unit 'WorkOrderManagement' successfully started[EOL]
[2026-09-22T08:30:34.1648866Z][WOM][I][WorkOrderHandling.CommandHandler][3]Handling event 'InstrumentStateChanged' with args OldState: 'PoweredOff', NewState: 'StartingUp', TraceContext: '00-819380aeb3d0d060e0455e221ce4a92c-894abe7a711e0278-01' ...[EOL]
[2026-09-22T08:30:54.1925924Z][WOM][I][WorkOrderHandling.CommandHandler][11]Handling event 'InstrumentStateChanged' with args OldState: 'StartingUp', NewState: 'Initializing', TraceContext: '00-dd82d13ed26ec30b58a7827c44aa343a-014e6ef3e222c3c6-01' ...[EOL]
[2026-09-22T08:30:55.1015730Z][WOM][I][WorkOrderHandling.MessageHandler][3]Handling event 'MolecularProcessOptimizationModeDisabled' with args TraceContext: '<null>' ...[EOL]
[2026-09-22T08:30:55.1560793Z][WOM][I][UnitLifecycle.UnitLifecycleProcessManager][11]Initialization of the unit 'WorkOrderManagement' with activity id '00-dd82d13ed26ec30b58a7827c44aa343a-356d5f2b06387bbc-01' started[EOL]
[2026-09-22T08:30:55.1564846Z][WOM][I][UnitLifecycle.UnitLifecycleStateMachine][11]Publishing event 'UnitStateChanged' with args OldState: 'StartedUp', NewState: 'Initializing', TraceContext: '00-dd82d13ed26ec30b58a7827c44aa343a-356d5f2b06387bbc-01' ...[EOL]
[2026-09-22T08:30:55.1580447Z][WOM][I][UnitLifecycle.UnitLifecycleStateMachine][11]Publishing event 'UnitStateChanged' with args OldState: 'Initializing', NewState: 'Operational', TraceContext: '00-dd82d13ed26ec30b58a7827c44aa343a-356d5f2b06387bbc-01' ...[EOL]
[2026-09-22T08:30:55.1583781Z][WOM][I][UnitLifecycle.UnitLifecycleProcessManager][11]Initialization of the unit 'WorkOrderManagement' with activity id '00-dd82d13ed26ec30b58a7827c44aa343a-356d5f2b06387bbc-01' completed[EOL]
[2026-09-22T08:31:03.5150866Z][WOM][I][WorkOrderHandling.MessageHandler][11]Handling event 'ProcessingPlateParkPositionStateChanged' with args ParkPosition: 'A', ProcessingPlate: '<null>', RunId: '<null>', TraceContext: '<null>' ...[EOL]
[2026-09-22T08:31:03.5159942Z][WOM][I][WorkOrderHandling.MessageHandler][11]Handling event 'ProcessingPlateParkPositionStateChanged' with args ParkPosition: 'B', ProcessingPlate: '<null>', RunId: '<null>', TraceContext: '<null>' ...[EOL]
[2026-09-22T08:31:04.8161353Z][WOM][I][WorkOrderHandling.MessageHandler][3]Handling event 'AssembledRunsChanged' with args AssembledRuns: '<empty>', TraceContext: '<null>' ...[EOL]
[2026-09-22T08:31:12.1550502Z][WOM][I][WorkOrderHandling.CommandHandler][6]Handling event 'InstrumentStateChanged' with args OldState: 'Initializing', NewState: 'Standby', TraceContext: '00-096a14d08ddfa8652d114d8f390ec520-0d37330fa2f71cf3-01' ...[EOL]
[2026-09-22T08:31:12.2843483Z][WOM][I][TestDefinitionData.MessageHandler][6]Handling event 'TestDefinitionDataUpdated' with args NewlyAvailableAssayIds: '<empty>', TraceContext: '<null>' ...[EOL]
[2026-09-22T08:31:12.3755805Z][WOM][I][TestDefinitionData.Instrument.TestDefinitionDataLoader][6]Loading TestDefinitionData.Instrument from repositories ...[EOL]
[2026-09-22T08:31:12.3841056Z][WOM][I][TestDefinitionData.ReadOnlyRepository<Roche.CX800.TestDefinitionData.Instrument.MediaTypes.MediaType>][6]Loading from files '' ...[EOL]
[2026-09-22T08:31:12.3858598Z][WOM][I][TestDefinitionData.ReadOnlyRepository<Roche.CX800.TestDefinitionData.Instrument.Processes.TransferProcesses.TransferProcess>][6]Loading from files '' ...[EOL]
[2026-09-22T08:31:12.3862567Z][WOM][I][TestDefinitionData.ReadOnlyRepository<Roche.CX800.TestDefinitionData.Instrument.Assays.Assay>][6]Loading from files '' ...[EOL]
[2026-09-22T08:31:12.3866611Z][WOM][I][TestDefinitionData.Instrument.TestDefinitionDataLoader][6]TestDefinitionData.Instrument successfully loaded[EOL]
