[    25.901] 
X.Org X Server 1.21.1.7
X Protocol Version 11, Revision 0
[    25.901] Current Operating System: Linux x800-instrument 6.1.0-23-amd64 #1 SMP PREEMPT_DYNAMIC Debian 6.1.99-1 (2024-07-15) x86_64
[    25.901] Kernel command line: BOOT_IMAGE=/root/boot/vmlinuz-6.1.0-23-amd64 root=UUID=9367830a-c9e5-4bbb-824d-e8252e0bb934 ro rootflags=subvol=root ipv6.disable=1 panic=3600 systemd.show_status=0 loglevel=0 vt.global_cursor_default=0 rd.loglevel=0 rd.udev.log-priority=0 udev.log-priority=0 biosdevname=0 net.ifnames=0 rlx_bootid=1 efi=runtime quiet splash
[    25.901] xorg-server 2:21.1.7-3+deb12u7 (https://www.debian.org/support) 
[    25.901] Current version of pixman: 0.42.2
[    25.901] 	Before reporting problems, check http://wiki.x.org
	to make sure that you have the latest version.
[    25.901] Markers: (--) probed, (**) from config file, (==) default setting,
	(++) from command line, (!!) notice, (II) informational,
	(WW) warning, (EE) error, (NI) not implemented, (??) unknown.
[    25.902] (==) Log file: "/var/log/Xorg.0.log", Time: Tue Sep 22 08:28:42 2026
[    25.904] (==) Using config directory: "/etc/X11/xorg.conf.d"
[    25.904] (==) Using system config directory "/usr/share/X11/xorg.conf.d"
[    25.904] (==) ServerLayout "Default Screen"
[    25.904] (**) |-->Screen "Default Screen" (0)
[    25.904] (**) |   |-->Monitor "<default monitor>"
[    25.904] (**) |   |-->Device "card0"
[    25.904] (==) No monitor specified for screen "Default Screen".
	Using a default monitor configuration.
[    25.904] (**) Option "BlankTime" "0"
[    25.904] (**) Option "StandbyTime" "0"
[    25.904] (**) Option "SuspendTime" "0"
[    25.904] (**) Option "OffTime" "0"
[    25.904] (==) Automatically adding devices
[    25.904] (==) Automatically enabling devices
[    25.904] (==) Automatically adding GPU devices
[    25.904] (==) Automatically binding GPU devices
[    25.904] (==) Max clients allowed: 256, resource mask: 0x1fffff
[    25.904] (WW) The directory "/usr/share/fonts/X11/misc" does not exist.
[    25.904] 	Entry deleted from font path.
[    25.904] (WW) The directory "/usr/share/fonts/X11/cyrillic" does not exist.
[    25.905] 	Entry deleted from font path.
[    25.905] (WW) The directory "/usr/share/fonts/X11/100dpi/" does not exist.
[    25.905] 	Entry deleted from font path.
[    25.905] (WW) The directory "/usr/share/fonts/X11/75dpi/" does not exist.
[    25.905] 	Entry deleted from font path.
[    25.905] (WW) The directory "/usr/share/fonts/X11/Type1" does not exist.
[    25.905] 	Entry deleted from font path.
[    25.905] (WW) The directory "/usr/share/fonts/X11/100dpi" does not exist.
[    25.905] 	Entry deleted from font path.
[    25.905] (WW) The directory "/usr/share/fonts/X11/75dpi" does not exist.
[    25.905] 	Entry deleted from font path.
[    25.905] (==) FontPath set to:
	built-ins
[    25.905] (==) ModulePath set to "/usr/lib/xorg/modules"
[    25.905] (II) The server relies on udev to provide the list of input devices.
	If no devices become available, reconfigure udev or disable AutoAddDevices.
[    25.905] (II) Loader magic: 0x561633213f00
[    25.905] (II) Module ABI versions:
[    25.905] 	X.Org ANSI C Emulation: 0.4
[    25.905] 	X.Org Video Driver: 25.2
[    25.905] 	X.Org XInput driver : 24.4
[    25.905] 	X.Org Server Extension : 10.0
[    25.909] (++) using VT number 7

[    25.909] (II) systemd-logind: logind integration requires -keeptty and -keeptty was not provided, disabling logind integration
[    25.910] (II) xfree86: Adding drm device (/dev/dri/card0)
[    25.910] (II) Platform probe for /sys/devices/pci0000:00/0000:00:0f.0/drm/card0
[    25.934] (--) PCI:*(0@0:15:0) 15ad:0405:15ad:0405 rev 0, Mem @ 0xf0000000/134217728, 0xfb800000/8388608, I/O @ 0x00002040/16, BIOS @ 0x????????/131072
[    25.934] (II) LoadModule: "glx"
[    25.934] (II) Loading /usr/lib/xorg/modules/extensions/libglx.so
[    25.969] (II) Module glx: vendor="X.Org Foundation"
[    25.969] 	compiled for 1.21.1.7, module version = 1.0.0
[    25.969] 	ABI class: X.Org Server Extension, version 10.0
[    25.969] (II) LoadModule: "vmware"
[    25.969] (II) Loading /usr/lib/xorg/modules/drivers/vmware_drv.so
[    27.790] (II) Module vmware: vendor="X.Org Foundation"
[    27.790] 	compiled for 1.21.1.7, module version = 13.3.0
[    27.790] 	Module class: X.Org Video Driver
[    27.790] 	ABI class: X.Org Video Driver, version 25.2
[    27.790] (II) vmware: driver for VMware SVGA: vmware0405, vmware0710
[    27.805] (--) vmware(0): DRM driver version is 2.20.0
[    27.805] (==) vmware(0): Depth 24, (--) framebuffer bpp 32
[    27.805] (==) vmware(0): RGB weight 888
[    27.805] (==) vmware(0): Default visual is TrueColor
[    27.805] (--) vmware(0): Min width 1, Max Width 4096.
[    27.805] (--) vmware(0): Min height 1, Max Height 4096.
[    27.806] (II) vmware(0): Output Virtual1 has no monitor section
[    27.806] (II) vmware(0): Output Virtual2 has no monitor section
[    27.807] (II) vmware(0): Output Virtual3 has no monitor section
[    27.807] (II) vmware(0): Output Virtual4 has no monitor section
[    27.807] (II) vmware(0): Output Virtual5 has no monitor section
[    27.807] (II) vmware(0): Output Virtual6 has no monitor section
[    27.807] (II) vmware(0): Output Virtual7 has no monitor section
[    27.807] (II) vmware(0): Output Virtual8 has no monitor section
[    27.808] (II) vmware(0): Printing probed modes for output Virtual1
[    27.808] (II) vmware(0): Modeline "1920x1200"x59.9  193.25  1920 2056 2256 2592  1200 1203 1209 1245 -hsync +vsync (74.6 kHz UeP)
[    27.808] (II) vmware(0): Modeline "1280x800"x60.0   81.51  1280 1330 1380 1430  800 850 900 950 -hsync +vsync (57.0 kHz eP)
[    27.808] (II) vmware(0): Modeline "4096x2160"x60.0  556.74  4096 4104 4136 4176  2160 2208 2216 2222 +hsync -vsync (133.3 kHz e)
[    27.808] (II) vmware(0): Modeline "4096x2160"x59.9  556.19  4096 4104 4136 4176  2160 2208 2216 2222 +hsync -vsync (133.2 kHz e)
[    27.808] (II) vmware(0): Modeline "2560x1600"x60.0  348.50  2560 2752 3032 3504  1600 1603 1609 1658 -hsync +vsync (99.5 kHz e)
[    27.808] (II) vmware(0): Modeline "2560x1600"x60.0  268.50  2560 2608 2640 2720  1600 1603 1609 1646 +hsync -vsync (98.7 kHz e)
[    27.808] (II) vmware(0): Modeline "1920x1440"x60.0  234.00  1920 2048 2256 2600  1440 1441 1444 1500 -hsync +vsync (90.0 kHz e)
[    27.808] (II) vmware(0): Modeline "1856x1392"x60.0  218.25  1856 1952 2176 2528  1392 1393 1396 1439 -hsync +vsync (86.3 kHz e)
[    27.808] (II) vmware(0): Modeline "1792x1344"x60.0  204.75  1792 1920 2120 2448  1344 1345 1348 1394 -hsync +vsync (83.6 kHz e)
[    27.808] (II) vmware(0): Modeline "2048x1152"x60.0  162.00  2048 2074 2154 2250  1152 1153 1156 1200 +hsync +vsync (72.0 kHz e)
[    27.808] (II) vmware(0): Modeline "1920x1200"x60.0  154.00  1920 1968 2000 2080  1200 1203 1209 1235 +hsync -vsync (74.0 kHz e)
[    27.808] (II) vmware(0): Modeline "1920x1080"x60.0  148.50  1920 2008 2052 2200  1080 1084 1089 1125 -hsync -vsync (67.5 kHz e)
[    27.808] (II) vmware(0): Modeline "1600x1200"x60.0  162.00  1600 1664 1856 2160  1200 1201 1204 1250 +hsync +vsync (75.0 kHz e)
[    27.808] (II) vmware(0): Modeline "1680x1050"x60.0  146.25  1680 1784 1960 2240  1050 1053 1059 1089 -hsync +vsync (65.3 kHz e)
[    27.808] (II) vmware(0): Modeline "1680x1050"x59.9  119.00  1680 1728 1760 1840  1050 1053 1059 1080 +hsync -vsync (64.7 kHz e)
[    27.808] (II) vmware(0): Modeline "1400x1050"x60.0  121.75  1400 1488 1632 1864  1050 1053 1057 1089 -hsync +vsync (65.3 kHz e)
[    27.808] (II) vmware(0): Modeline "1400x1050"x59.9  101.00  1400 1448 1480 1560  1050 1053 1057 1080 +hsync -vsync (64.7 kHz e)
[    27.808] (II) vmware(0): Modeline "1600x900"x60.0  108.00  1600 1624 1704 1800  900 901 904 1000 +hsync +vsync (60.0 kHz e)
[    27.808] (II) vmware(0): Modeline "1280x1024"x60.0  108.00  1280 1328 1440 1688  1024 1025 1028 1066 +hsync +vsync (64.0 kHz e)
[    27.808] (II) vmware(0): Modeline "1440x900"x59.9  106.50  1440 1520 1672 1904  900 903 909 934 -hsync +vsync (55.9 kHz e)
[    27.809] (II) vmware(0): Modeline "1440x900"x59.9   88.75  1440 1488 1520 1600  900 903 909 926 +hsync -vsync (55.5 kHz e)
[    27.809] (II) vmware(0): Modeline "1280x960"x60.0  108.00  1280 1376 1488 1800  960 961 964 1000 +hsync +vsync (60.0 kHz e)
[    27.809] (II) vmware(0): Modeline "1366x768"x59.8   85.50  1366 1436 1579 1792  768 771 774 798 +hsync +vsync (47.7 kHz e)
[    27.809] (II) vmware(0): Modeline "1366x768"x60.0   72.00  1366 1380 1436 1500  768 769 772 800 +hsync +vsync (48.0 kHz e)
[    27.809] (II) vmware(0): Modeline "1360x768"x60.0   85.50  1360 1424 1536 1792  768 771 777 795 +hsync +vsync (47.7 kHz e)
[    27.809] (II) vmware(0): Modeline "1280x800"x59.8   83.50  1280 1352 1480 1680  800 803 809 831 -hsync +vsync (49.7 kHz e)
[    27.809] (II) vmware(0): Modeline "1280x800"x59.9   71.00  1280 1328 1360 1440  800 803 809 823 +hsync -vsync (49.3 kHz e)
[    27.809] (II) vmware(0): Modeline "1280x768"x59.9   79.50  1280 1344 1472 1664  768 771 778 798 -hsync +vsync (47.8 kHz e)
[    27.809] (II) vmware(0): Modeline "1280x768"x60.0   68.25  1280 1328 1360 1440  768 771 778 790 +hsync -vsync (47.4 kHz e)
[    27.809] (II) vmware(0): Modeline "1280x720"x60.0   74.25  1280 1390 1430 1650  720 725 730 750 +hsync +vsync (45.0 kHz e)
[    27.809] (II) vmware(0): Modeline "1024x768"x60.0   65.00  1024 1048 1184 1344  768 771 777 806 -hsync -vsync (48.4 kHz e)
[    27.809] (II) vmware(0): Modeline "800x600"x60.3   40.00  800 840 968 1056  600 601 605 628 +hsync +vsync (37.9 kHz e)
[    27.809] (II) vmware(0): Modeline "800x600"x56.2   36.00  800 824 896 1024  600 601 603 625 +hsync +vsync (35.2 kHz e)
[    27.809] (II) vmware(0): Modeline "848x480"x60.0   33.75  848 864 976 1088  480 486 494 517 +hsync +vsync (31.0 kHz e)
[    27.809] (II) vmware(0): Modeline "640x480"x59.9   25.18  640 656 752 800  480 490 492 525 -hsync -vsync (31.5 kHz e)
[    27.809] (II) vmware(0): EDID for output Virtual2
[    27.809] (II) vmware(0): EDID for output Virtual3
[    27.809] (II) vmware(0): EDID for output Virtual4
[    27.809] (II) vmware(0): EDID for output Virtual5
[    27.809] (II) vmware(0): EDID for output Virtual6
[    27.809] (II) vmware(0): EDID for output Virtual7
[    27.809] (II) vmware(0): EDID for output Virtual8
[    27.809] (II) vmware(0): Output Virtual1 connected
[    27.809] (II) vmware(0): Output Virtual2 disconnected
[    27.809] (II) vmware(0): Output Virtual3 disconnected
[    27.809] (II) vmware(0): Output Virtual4 disconnected
[    27.809] (II) vmware(0): Output Virtual5 disconnected
[    27.809] (II) vmware(0): Output Virtual6 disconnected
[    27.809] (II) vmware(0): Output Virtual7 disconnected
[    27.809] (II) vmware(0): Output Virtual8 disconnected
[    27.809] (II) vmware(0): Using user preference for initial modes
[    27.809] (II) vmware(0): Output Virtual1 using initial mode 1920x1200 +0+0
[    27.809] (==) vmware(0): DPI set to (96, 96)
[    27.809] (==) vmware(0): Using gamma correction (1.0, 1.0, 1.0)
[    27.809] (II) Loading sub module "fb"
[    27.810] (II) LoadModule: "fb"
[    27.810] (II) Module "fb" already built-in
[    27.810] (II) Loading sub module "dri2"
[    27.810] (II) LoadModule: "dri2"
[    27.810] (II) Module "dri2" already built-in
[    27.810] (II) Loading sub module "dri3"
[    27.810] (II) LoadModule: "dri3"
[    27.810] (II) Module "dri3" already built-in
[    27.810] (II) vmware(0): Initialized VMWARE_CTRL extension version 0.2
[    27.822] (WW) vmware(0): Failed to initialize Gallium3D Xa. No render acceleration available.
[    27.822] (WW) vmware(0): Skipped initialization of direct rendering due to lack of render acceleration.
[    27.822] (--) vmware(0): Render acceleration is disabled.
[    27.822] (==) vmware(0): Rendercheck mode is disabled.
[    27.822] (--) vmware(0): Direct rendering (DRI2 3D) is disabled.
[    27.822] (--) vmware(0): Direct rendering (DRI3 3D) is disabled.
[    27.822] (==) vmware(0): Backing store enabled
[    27.822] (==) vmware(0): Silken mouse enabled
[    27.823] (==) vmware(0): DPMS enabled
[    27.823] (II) vmware(0): No 3D acceleration. Not setting up textured video.
[    27.823] (II) Initializing extension Generic Event Extension
[    27.823] (II) Initializing extension SHAPE
[    27.823] (II) Initializing extension MIT-SHM
[    27.824] (II) Initializing extension XInputExtension
[    27.824] (II) Initializing extension XTEST
[    27.824] (II) Initializing extension BIG-REQUESTS
[    27.824] (II) Initializing extension SYNC
[    27.824] (II) Initializing extension XKEYBOARD
[    27.828] (II) Initializing extension XC-MISC
[    27.828] (II) Initializing extension SECURITY
[    27.828] (II) Initializing extension XFIXES
[    27.829] (II) Initializing extension RENDER
[    27.829] (II) Initializing extension RANDR
[    27.829] (II) Initializing extension COMPOSITE
[    27.829] (II) Initializing extension DAMAGE
[    27.850] (II) Initializing extension MIT-SCREEN-SAVER
[    27.851] (II) Initializing extension DOUBLE-BUFFER
[    27.851] (II) Initializing extension RECORD
[    27.851] (II) Initializing extension DPMS
[    27.851] (II) Initializing extension Present
[    27.851] (II) Initializing extension DRI3
[    27.851] (II) Initializing extension X-Resource
[    27.851] (II) Initializing extension XVideo
[    27.852] (II) Initializing extension XVideo-MotionCompensation
[    27.852] (II) Initializing extension SELinux
[    27.852] (II) SELinux: Disabled on system
[    27.852] (II) Initializing extension GLX
[    27.852] (II) AIGLX: Screen 0 is not DRI2 capable
[    28.294] (II) IGLX: Loaded and initialized swrast
[    28.294] (II) GLX: Initialized DRISWRAST GL provider for screen 0
[    28.294] (II) Initializing extension XFree86-VidModeExtension
[    28.295] (II) Initializing extension XFree86-DGA
[    28.295] (II) Initializing extension XFree86-DRI
[    28.295] (II) Initializing extension DRI2
[    28.440] (II) vmware(0): Setting screen physical size to 508 x 317
[    28.684] (II) config/udev: Adding input device Power Button (/dev/input/event1)
[    28.685] (**) Power Button: Applying InputClass "evdev keyboard catchall"
[    28.685] (II) LoadModule: "evdev"
[    28.685] (II) Loading /usr/lib/xorg/modules/input/evdev_drv.so
[    28.693] (II) Module evdev: vendor="X.Org Foundation"
[    28.693] 	compiled for 1.21.1.3, module version = 2.10.6
[    28.693] 	Module class: X.Org XInput Driver
[    28.693] 	ABI class: X.Org XInput driver, version 24.4
[    28.693] (II) Using input driver 'evdev' for 'Power Button'
[    28.693] (**) Power Button: always reports core events
[    28.693] (**) evdev: Power Button: Device: "/dev/input/event1"
[    28.693] (--) evdev: Power Button: Vendor 0 Product 0x1
[    28.693] (--) evdev: Power Button: Found keys
[    28.693] (II) evdev: Power Button: Configuring as keyboard
[    28.693] (**) Option "config_info" "udev:/sys/devices/LNXSYSTM:00/LNXPWRBN:00/input/input2/event1"
[    28.693] (II) XINPUT: Adding extended input device "Power Button" (type: KEYBOARD, id 6)
[    28.693] (**) Option "xkb_rules" "evdev"
[    28.693] (**) Option "xkb_model" "pc105"
[    28.693] (**) Option "xkb_layout" "us"
[    28.693] (**) Option "xkb_options" "nodeadkeys"
[    28.806] (II) config/udev: Adding input device AT Translated Set 2 keyboard (/dev/input/event0)
[    28.806] (**) AT Translated Set 2 keyboard: Applying InputClass "evdev keyboard catchall"
[    28.806] (II) Using input driver 'evdev' for 'AT Translated Set 2 keyboard'
[    28.806] (**) AT Translated Set 2 keyboard: always reports core events
[    28.806] (**) evdev: AT Translated Set 2 keyboard: Device: "/dev/input/event0"
[    28.807] (--) evdev: AT Translated Set 2 keyboard: Vendor 0x1 Product 0x1
[    28.807] (--) evdev: AT Translated Set 2 keyboard: Found keys
[    28.807] (II) evdev: AT Translated Set 2 keyboard: Configuring as keyboard
[    28.807] (**) Option "config_info" "udev:/sys/devices/platform/i8042/serio0/input/input0/event0"
[    28.807] (II) XINPUT: Adding extended input device "AT Translated Set 2 keyboard" (type: KEYBOARD, id 7)
[    28.807] (**) Option "xkb_rules" "evdev"
[    28.807] (**) Option "xkb_model" "pc105"
[    28.807] (**) Option "xkb_layout" "us"
[    28.807] (**) Option "xkb_options" "nodeadkeys"
[    28.808] (II) config/udev: Adding input device VirtualPS/2 VMware VMMouse (/dev/input/event3)
[    28.809] (**) VirtualPS/2 VMware VMMouse: Applying InputClass "evdev pointer catchall"
[    28.809] (II) Using input driver 'evdev' for 'VirtualPS/2 VMware VMMouse'
[    28.809] (**) VirtualPS/2 VMware VMMouse: always reports core events
[    28.809] (**) evdev: VirtualPS/2 VMware VMMouse: Device: "/dev/input/event3"
[    28.809] (--) evdev: VirtualPS/2 VMware VMMouse: Vendor 0x2 Product 0x13
[    28.809] (--) evdev: VirtualPS/2 VMware VMMouse: Found 3 mouse buttons
[    28.809] (--) evdev: VirtualPS/2 VMware VMMouse: Found scroll wheel(s)
[    28.809] (--) evdev: VirtualPS/2 VMware VMMouse: Found relative axes
[    28.809] (--) evdev: VirtualPS/2 VMware VMMouse: Found x and y relative axes
[    28.809] (II) evdev: VirtualPS/2 VMware VMMouse: Configuring as mouse
[    28.809] (II) evdev: VirtualPS/2 VMware VMMouse: Adding scrollwheel support
[    28.809] (**) evdev: VirtualPS/2 VMware VMMouse: YAxisMapping: buttons 4 and 5
[    28.809] (**) evdev: VirtualPS/2 VMware VMMouse: EmulateWheelButton: 4, EmulateWheelInertia: 10, EmulateWheelTimeout: 200
[    28.809] (**) Option "config_info" "udev:/sys/devices/platform/i8042/serio1/input/input3/event3"
[    28.809] (II) XINPUT: Adding extended input device "VirtualPS/2 VMware VMMouse" (type: MOUSE, id 8)
[    28.809] (II) evdev: VirtualPS/2 VMware VMMouse: initialized for relative axes.
[    28.809] (**) VirtualPS/2 VMware VMMouse: (accel) keeping acceleration scheme 1
[    28.809] (**) VirtualPS/2 VMware VMMouse: (accel) acceleration profile 0
[    28.809] (**) VirtualPS/2 VMware VMMouse: (accel) acceleration factor: 2.000
[    28.809] (**) VirtualPS/2 VMware VMMouse: (accel) acceleration threshold: 4
[    28.811] (II) config/udev: Adding input device VirtualPS/2 VMware VMMouse (/dev/input/mouse1)
[    28.811] (II) No input driver specified, ignoring this device.
[    28.811] (II) This device may have been added with another device file.
[    28.812] (II) config/udev: Adding input device VirtualPS/2 VMware VMMouse (/dev/input/event2)
[    28.812] (**) VirtualPS/2 VMware VMMouse: Applying InputClass "evdev pointer catchall"
[    28.812] (II) Using input driver 'evdev' for 'VirtualPS/2 VMware VMMouse'
[    28.812] (**) VirtualPS/2 VMware VMMouse: always reports core events
[    28.812] (**) evdev: VirtualPS/2 VMware VMMouse: Device: "/dev/input/event2"
[    28.812] (--) evdev: VirtualPS/2 VMware VMMouse: Vendor 0x2 Product 0x13
[    28.812] (--) evdev: VirtualPS/2 VMware VMMouse: Found 3 mouse buttons
[    28.812] (--) evdev: VirtualPS/2 VMware VMMouse: Found absolute axes
[    28.812] (--) evdev: VirtualPS/2 VMware VMMouse: Found x and y absolute axes
[    28.812] (--) evdev: VirtualPS/2 VMware VMMouse: Found absolute touchscreen
[    28.812] (II) evdev: VirtualPS/2 VMware VMMouse: Configuring as touchscreen
[    28.812] (**) evdev: VirtualPS/2 VMware VMMouse: YAxisMapping: buttons 4 and 5
[    28.812] (**) evdev: VirtualPS/2 VMware VMMouse: EmulateWheelButton: 4, EmulateWheelInertia: 10, EmulateWheelTimeout: 200
[    28.812] (**) Option "config_info" "udev:/sys/devices/platform/i8042/serio1/input/input4/event2"
[    28.812] (II) XINPUT: Adding extended input device "VirtualPS/2 VMware VMMouse" (type: TOUCHSCREEN, id 9)
[    28.812] (II) evdev: VirtualPS/2 VMware VMMouse: initialized for absolute axes.
[    28.813] (**) VirtualPS/2 VMware VMMouse: (accel) keeping acceleration scheme 1
[    28.813] (**) VirtualPS/2 VMware VMMouse: (accel) acceleration profile 0
[    28.813] (**) VirtualPS/2 VMware VMMouse: (accel) acceleration factor: 2.000
[    28.813] (**) VirtualPS/2 VMware VMMouse: (accel) acceleration threshold: 4
[    28.814] (II) config/udev: Adding input device VirtualPS/2 VMware VMMouse (/dev/input/mouse0)
[    28.814] (II) No input driver specified, ignoring this device.
[    28.814] (II) This device may have been added with another device file.
[    28.815] (II) config/udev: Adding input device PC Speaker (/dev/input/event4)
[    28.815] (II) No input driver specified, ignoring this device.
[    28.815] (II) This device may have been added with another device file.
[    28.833] (!!) vmware(0): New layout.
[    28.833] (!!) vmware(0): 0: 0 0 1920 1200
[    28.833] (!!) vmware(0): 
